******************************************************************************
                  TI ARM Linker PC v15.12.3                    
******************************************************************************
>> Linked Mon Oct 31 08:32:25 2016

OUTPUT FILE NAME:   <hello_MSP_EXP432P401R_TI.out>
ENTRY POINT SYMBOL: "_c_int00"  address: 000035bd


MEMORY CONFIGURATION

         name            origin    length      used     unused   attr    fill
----------------------  --------  ---------  --------  --------  ----  --------
  MAIN                  00000000   00040000  00007389  00038c77  R  X
  INFO                  00200000   00004000  00000000  00004000  R  X
  SRAM_CODE             01000000   00010000  00000000  00010000  RW X
  SRAM_DATA             20000000   00010000  00001398  0000ec68  RW  


SEGMENT ALLOCATION MAP

run origin  load origin   length   init length attrs members
----------  ----------- ---------- ----------- ----- -------
00000000    00000000    00007394   00007394    r-x
  00000000    00000000    0000003c   0000003c    r-- .resetVecs
  00000040    00000040    00005212   00005212    r-x .text
  00005254    00005254    00001d9f   00001d9f    r-- .const
  00006ff8    00006ff8    0000039c   0000039c    r-- .cinit
20000000    20000000    00001098   00000000    rw-
  20000000    20000000    00000140   00000000    rw- .vecs
  20000140    20000140    00000a68   00000000    rw- .bss
  20000ba8    20000ba8    000004f0   00000000    rw- .data
2000fd00    2000fd00    00000300   00000000    rw-
  2000fd00    2000fd00    00000300   00000000    rw- .stack


SECTION ALLOCATION MAP

 output                                  attributes/
section   page    origin      length       input sections
--------  ----  ----------  ----------   ----------------
.text      0    00000040    00005212     
                  00000040    00000430     sysbios.aem4f : BIOS.obj (.text:ti_sysbios_family_arm_m3_Hwi_excDumpRegs__I)
                  00000470    0000034c     ti.targets.arm.rtsarm.aem4f : System.oem4f (.text:xdc_runtime_System_doPrint__I)
                  000007bc    00000324     rtsv7M4_T_le_v4SPD16_eabi.lib : trgdrv.obj (.text)
                  00000ae0    00000264     drivers_MSP432P401R.aem4f : PowerMSP432.oem4f (.text:Power_sleep)
                  00000d44    000001a0     msp432p4xx_driverlib.lib : pcm.o (.text:__PCM_setPowerStateAdvanced)
                  00000ee4    00000004                              : cpu.o (.text:CPU_wfi)
                  00000ee8    00000174     sysbios.aem4f : BIOS.obj (.text:ti_sysbios_family_arm_m3_Hwi_excBusFault__I)
                  0000105c    00000004     drivers_MSP432P401R.aem4f : List.oem4f (.text:List_head)
                  00001060    00000154     sysbios.aem4f : BIOS.obj (.text:ti_sysbios_family_arm_m3_Hwi_excUsageFault__I)
                  000011b4    00000004     drivers_MSP432P401R.aem4f : List.oem4f (.text:List_next)
                  000011b8    00000138     sysbios.aem4f : BIOS.obj (.text:ti_sysbios_family_arm_m3_Hwi_excMemFault__I)
                  000012f0    00000130                   : BIOS.obj (.text:ti_sysbios_knl_Semaphore_pend__E)
                  00001420    00000118     ti.targets.arm.rtsarm.aem4f : Error.oem4f (.text:xdc_runtime_Error_policyDefault__E)
                  00001538    00000114     sysbios.aem4f : BIOS.obj (.text:ti_sysbios_family_arm_m3_Hwi_excFillContext__I)
                  0000164c    00000004     hello_pem4f.oem4f (.text:ti_sysbios_BIOS_RtsGateProxy_enter__E)
                  00001650    00000108     sysbios.aem4f : BIOS.obj (.text:ti_sysbios_family_arm_m3_Hwi_excHandlerMax__I)
                  00001758    00000100     ti.targets.arm.rtsarm.aem4f : Core-mem.oem4f (.text:xdc_runtime_Core_createObject__I)
                  00001858    000000f8                                 : Startup.oem4f (.text:xdc_runtime_Startup_startMods__I)
                  00001950    000000f8     hello_pem4f.oem4f (.text:xdc_runtime_System_printfExtend__I)
                  00001a48    000000f0     drivers_MSP432P401R.aem4f : PowerMSP432.oem4f (.text:initPerfControl)
                  00001b38    000000ec     sysbios.aem4f : BIOS.obj (.text:pthread_create)
                  00001c24    000000ec                   : m3_Hwi_asm.obj (.text:ti_sysbios_family_arm_m3_Hwi_dispatch__I)
                  00001d10    000000e0     msp432p4xx_driverlib.lib : cs.o (.text:CS_initClockSignal)
                  00001df0    000000dc                              : pcm.o (.text:__PCM_setPowerModeAdvanced)
                  00001ecc    000000cc     ti.targets.arm.rtsarm.aem4f : Core-smem.oem4f (.text:xdc_runtime_Core_constructObject__I)
                  00001f98    000000c8     sysbios.aem4f : BIOS.obj (.text:ti_sysbios_heaps_HeapMem_alloc__E)
                  00002060    000000c8                   : BIOS.obj (.text:ti_sysbios_knl_Task_Instance_init__E)
                  00002128    000000c0                   : BIOS.obj (.text:ti_sysbios_knl_Task_sleep__E)
                  000021e8    000000bc                   : BIOS.obj (.text:ti_sysbios_knl_Task_Instance_finalize__E)
                  000022a4    00000004     hello_pem4f.oem4f (.text:ti_sysbios_BIOS_RtsGateProxy_leave__E)
                  000022a8    000000b4     sysbios.aem4f : BIOS.obj (.text:ti_sysbios_family_arm_m3_Hwi_excDebugMon__I)
                  0000235c    00000004     hello_pem4f.oem4f (.text:ti_sysbios_family_arm_m3_TaskSupport_Module__startupDone__S)
                  00002360    000000b4     sysbios.aem4f : BIOS.obj (.text:ti_sysbios_family_arm_m3_Hwi_excHardFault__I)
                  00002414    00000004     hello_pem4f.oem4f (.text:ti_sysbios_heaps_HeapMem_Module_GateProxy_enter__E)
                  00002418    000000b4     sysbios.aem4f : BIOS.obj (.text:ti_sysbios_knl_Task_checkStacks__E)
                  000024cc    000000b0     msp432p4xx_driverlib.lib : pcm.o (.text:__PCM_setCoreVoltageLevelAdvanced)
                  0000257c    00000004     hello_pem4f.oem4f (.text:ti_sysbios_heaps_HeapMem_Module_GateProxy_leave__E)
                  00002580    000000b0     sysbios.aem4f : BIOS.obj (.text:ti_sysbios_family_arm_msp432_Timer_periodicStub__E)
                  00002630    000000a0     auto_init.aem4f : auto_init.oem4f (.text)
                  000026d0    000000a0     sysbios.aem4f : BIOS.obj (.text:ti_sysbios_knl_Task_setPri__E)
                  00002770    000000a0     ti.targets.arm.rtsarm.aem4f : Text.oem4f (.text:xdc_runtime_Text_putMod__E)
                  00002810    0000009c     rtsv7M4_T_le_v4SPD16_eabi.lib : memcpy_t2.obj (.text)
                  000028ac    0000009a     ti.targets.arm.rtsarm.aem4f : Text.oem4f (.text:xdc_runtime_Text_putSite__E)
                  00002946    00000002     power_tirtos_MSP432P401R.aem4f : PowerMSP432_tirtos.oem4f (.text:PowerMSP432_initPolicy)
                  00002948    00000094     sysbios.aem4f : BIOS.obj (.text:_pthread_removeThreadKeys)
                  000029dc    0000008c                   : m3_TaskSupport_asm.obj (.text:ti_sysbios_family_arm_m3_TaskSupport_buildTaskStack)
                  00002a68    0000008c                   : BIOS.obj (.text:ti_sysbios_knl_Task_postInit__I)
                  00002af4    00000004     hello_pem4f.oem4f (.text:ti_sysbios_knl_Clock_TimerProxy_getMaxTicks__E)
                  00002af8    00000084     sysbios.aem4f : BIOS.obj (.text:ti_sysbios_family_arm_m3_Hwi_initNVIC__E)
                  00002b7c    00000004     hello_pem4f.oem4f (.text:ti_sysbios_knl_Queue_destruct)
                  00002b80    00000084     sysbios.aem4f : BIOS.obj (.text:ti_sysbios_family_arm_m3_Hwi_postInit__I)
                  00002c04    0000007c     msp432p4xx_driverlib.lib : pcm.o (.text:PCM_gotoLPM3)
                  00002c80    0000007c     sysbios.aem4f : BIOS.obj (.text:_pthread_runStub$11)
                  00002cfc    00000004     hello_pem4f.oem4f (.text:ti_sysbios_knl_Semaphore_destruct)
                  00002d00    0000007c     sysbios.aem4f : BIOS.obj (.text:pthread_join)
                  00002d7c    00000004     hello_pem4f.oem4f (.text:ti_sysbios_knl_Task_delete)
                  00002d80    0000007c     sysbios.aem4f : BIOS.obj (.text:ti_sysbios_heaps_HeapMem_free__E)
                  00002dfc    0000007a     rtsv7M4_T_le_v4SPD16_eabi.lib : memset_t2.obj (.text)
                  00002e76    00000002                                   : i_div0.obj (.text)
                  00002e78    00000070     sysbios.aem4f : BIOS.obj (.text:ti_sysbios_knl_Clock_workFunc__E)
                  00002ee8    00000070                   : BIOS.obj (.text:ti_sysbios_knl_Semaphore_post__E)
                  00002f58    00000070                   : BIOS.obj (.text:ti_sysbios_knl_Task_exit__E)
                  00002fc8    0000006d     ti.targets.arm.rtsarm.aem4f : System.oem4f (.text:xdc_runtime_System_formatNum__I)
                  00003035    00000001     --HOLE-- [fill = 0]
                  00003036    00000002     hello_pem4f.oem4f (.text:ti_sysbios_BIOS_nullFunc__I)
                  00003038    0000006c     sysbios.aem4f : BIOS.obj (.text:ti_sysbios_knl_Swi_restoreHwi__E)
                  000030a4    0000006c     ti.targets.arm.rtsarm.aem4f : Error.oem4f (.text:xdc_runtime_Error_print__E)
                  00003110    0000006c                                 : Memory.oem4f (.text:xdc_runtime_Memory_alloc__E)
                  0000317c    0000006a     rtsv7M4_T_le_v4SPD16_eabi.lib : copy_decompress_rle.obj (.text)
                  000031e6    00000002     --HOLE-- [fill = 0]
                  000031e8    00000068                                   : trgmsg.obj (.text)
                  00003250    00000066     ti.targets.arm.rtsarm.aem4f : Core-mem.oem4f (.text:xdc_runtime_Core_deleteObject__I)
                  000032b6    00000002     --HOLE-- [fill = 0]
                  000032b8    00000064     sysbios.aem4f : BIOS.obj (.text:ti_sysbios_family_arm_m3_Hwi_dispatchC__I)
                  0000331c    00000004     ti.targets.arm.rtsarm.aem4f : Error.oem4f (.text:xdc_runtime_Error_getSite__E)
                  00003320    00000064     sysbios.aem4f : BIOS.obj (.text:ti_sysbios_knl_Task_startCore__E)
                  00003384    00000004     hello_pem4f.oem4f (.text:xdc_runtime_System_Module_GateProxy_enter__E)
                  00003388    00000060     sysbios.aem4f : BIOS.obj (.text:ti_sysbios_knl_Task_schedule__I)
                  000033e8    0000005c                   : BIOS.obj (.text:ti_sysbios_knl_Swi_run__I)
                  00003444    00000004     hello_pem4f.oem4f (.text:xdc_runtime_System_Module_GateProxy_leave__E)
                  00003448    0000005c     sysbios.aem4f : BIOS.obj (.text:ti_sysbios_knl_Swi_schedule__I)
                  000034a4    00000004     ti.targets.arm.rtsarm.aem4f : System.oem4f (.text:xdc_runtime_System_aprintf_va__F)
                  000034a8    0000005c     sysbios.aem4f : BIOS.obj (.text:ti_sysbios_knl_Task_Module_startup__E)
                  00003504    0000005c     hello_pem4f.oem4f (.text:ti_sysbios_knl_Task_create)
                  00003560    0000005b     ti.targets.arm.rtsarm.aem4f : Text.oem4f (.text:xdc_runtime_Text_putLab__E)
                  000035bb    00000001     --HOLE-- [fill = 0]
                  000035bc    00000058     boot.aem4f : boot.oem4f (.text)
                  00003614    00000058     hello.obj (.text:main)
                  0000366c    00000058     sysbios.aem4f : m3_Hwi_asm_switch.obj (.text:ti_sysbios_family_arm_m3_Hwi_initStacks__E)
                  000036c4    00000054     rtsv7M4_T_le_v4SPD16_eabi.lib : exit.obj (.text)
                  00003718    00000054     sysbios.aem4f : BIOS.obj (.text:ti_sysbios_family_arm_msp432_Timer_initDevice__I)
                  0000376c    00000004     ti.targets.arm.rtsarm.aem4f : System.oem4f (.text:xdc_runtime_System_printf_va__F)
                  00003770    00000054     sysbios.aem4f : BIOS.obj (.text:ti_sysbios_family_arm_msp432_init_Boot_configureClocksHigh)
                  000037c4    00000054     ti.targets.arm.rtsarm.aem4f : Assert.oem4f (.text:xdc_runtime_Assert_raise__I)
                  00003818    00000050     msp432p4xx_driverlib.lib : pcm.o (.text:PCM_shutdownDevice)
                  00003868    00000050     sysbios.aem4f : BIOS.obj (.text:ti_sysbios_family_arm_m3_Hwi_Module_startup__E)
                  000038b8    00000050     ti.targets.arm.rtsarm.aem4f : Startup.oem4f (.text:xdc_runtime_Startup_exec__E)
                  00003908    00000050                                 : Text.oem4f (.text:xdc_runtime_Text_visitRope2__I)
                  00003958    0000004c     rtsv7M4_T_le_v4SPD16_eabi.lib : cpy_tbl.obj (.text)
                  000039a4    00000004     --HOLE-- [fill = 0]
                  000039a8    0000004c     sysbios.aem4f : BIOS.obj (.text:ti_sysbios_family_arm_msp432_Timer_postInit__I)
                  000039f4    00000004     --HOLE-- [fill = 0]
                  000039f8    0000004c                   : BIOS.obj (.text:ti_sysbios_family_arm_msp432_Timer_start__E)
                  00003a44    00000004     --HOLE-- [fill = 0]
                  00003a48    0000004c                   : BIOS.obj (.text:ti_sysbios_heaps_HeapMem_getStats__E)
                  00003a94    00000004     --HOLE-- [fill = 0]
                  00003a98    0000004c                   : BIOS.obj (.text:ti_sysbios_knl_Swi_runLoop__I)
                  00003ae4    00000004     --HOLE-- [fill = 0]
                  00003ae8    0000004c                   : BIOS.obj (.text:ti_sysbios_knl_Task_allBlockedFunction__I)
                  00003b34    00000004     --HOLE-- [fill = 0]
                  00003b38    00000048                   : BIOS.obj (.text:ti_sysbios_family_arm_m3_Hwi_enableInterrupt__E)
                  00003b80    00000048                   : BIOS.obj (.text:ti_sysbios_family_arm_m3_Hwi_excReserved__I)
                  00003bc8    00000048                   : BIOS.obj (.text:ti_sysbios_knl_Mailbox_Module_startup__E)
                  00003c10    00000048                   : BIOS.obj (.text:ti_sysbios_knl_Swi_post__E)
                  00003c58    00000046     ti.targets.arm.rtsarm.aem4f : Core-params.oem4f (.text:xdc_runtime_Core_assignParams__I)
                  00003c9e    00000002     --HOLE-- [fill = 0]
                  00003ca0    00000044     drivers_MSP432P401R.aem4f : PowerMSP432.oem4f (.text:Power_init)
                  00003ce4    00000004     --HOLE-- [fill = 0]
                  00003ce8    00000044     sysbios.aem4f : BIOS.obj (.text:ti_sysbios_family_arm_m3_Hwi_getStackInfo__E)
                  00003d2c    00000004     --HOLE-- [fill = 0]
                  00003d30    00000044                   : BIOS.obj (.text:ti_sysbios_family_arm_msp432_Seconds_Module_startup__E)
                  00003d74    00000044     ti.targets.arm.rtsarm.aem4f : Error.oem4f (.text:xdc_runtime_Error_setX__E)
                  00003db8    00000044                                 : SysMin.oem4f (.text:xdc_runtime_SysMin_flush__E)
                  00003dfc    00000044                                 : Text.oem4f (.text:xdc_runtime_Text_xprintf__I)
                  00003e40    00000040     msp432p4xx_driverlib.lib : flash.o (.text:FlashCtl_disableReadBuffering)
                  00003e80    00000040     drivers_MSP432P401R.aem4f : PowerMSP432.oem4f (.text:notify)
                  00003ec0    00000040     rtsv7M4_T_le_v4SPD16_eabi.lib : u_divt2.obj (.text)
                  00003f00    00000040     sysbios.aem4f : BIOS.obj (.text:ti_sysbios_family_arm_msp432_Timer_Module_startup__E)
                  00003f40    00000040                   : BIOS.obj (.text:ti_sysbios_family_arm_msp432_Timer_startup__E)
                  00003f80    00000040                   : BIOS.obj (.text:ti_sysbios_heaps_HeapMem_Instance_init__E)
                  00003fc0    0000003c     power_tirtos_MSP432P401R.aem4f : PowerMSP432_tirtos.oem4f (.text:PowerMSP432_sleepPolicy)
                  00003ffc    00000004     --HOLE-- [fill = 0]
                  00004000    0000003c     sysbios.aem4f : BIOS.obj (.text:ti_sysbios_family_arm_m3_Hwi_excSvCall__I)
                  0000403c    00000004     --HOLE-- [fill = 0]
                  00004040    0000003c                   : BIOS.obj (.text:ti_sysbios_heaps_HeapMem_init__I)
                  0000407c    00000004     --HOLE-- [fill = 0]
                  00004080    0000003c                   : BIOS.obj (.text:ti_sysbios_knl_Swi_restore__E)
                  000040bc    00000004     --HOLE-- [fill = 0]
                  000040c0    00000038                   : BIOS.obj (.text:ti_sysbios_family_arm_m3_Hwi_excNoIsr__I)
                  000040f8    00000038     ti.targets.arm.rtsarm.aem4f : SysMin.oem4f (.text:xdc_runtime_SysMin_putch__E)
                  00004130    00000038                                 : System.oem4f (.text:xdc_runtime_System_atexit__E)
                  00004168    00000034     msp432p4xx_driverlib.lib : flash.o (.text:FlashCtl_enableReadBuffering)
                  0000419c    00000004     --HOLE-- [fill = 0]
                  000041a0    00000034     sysbios.aem4f : BIOS.obj (.text:ti_sysbios_family_arm_m3_Hwi_excNmi__I)
                  000041d4    00000004     --HOLE-- [fill = 0]
                  000041d8    00000034                   : BIOS.obj (.text:ti_sysbios_gates_GateMutex_enter__E)
                  0000420c    00000004     --HOLE-- [fill = 0]
                  00004210    00000034                   : BIOS.obj (.text:ti_sysbios_hal_Hwi_checkStack)
                  00004244    00000034     ti.targets.arm.rtsarm.aem4f : Core-label.oem4f (.text:xdc_runtime_Core_assignLabel__I)
                  00004278    00000033                                 : Text.oem4f (.text:xdc_runtime_Text_printVisFxn__I)
                  000042ab    00000005     --HOLE-- [fill = 0]
                  000042b0    00000032     sysbios.aem4f : BIOS.obj (.text:ti_sysbios_hal_Hwi_initStack)
                  000042e2    00000002     --HOLE-- [fill = 0]
                  000042e4    00000030     hello_pem4f.oem4f (.text:ti_sysbios_BIOS_atExitFunc__I)
                  00004314    00000030     hello_pem4f.oem4f (.text:ti_sysbios_BIOS_startFunc__I)
                  00004344    00000004     --HOLE-- [fill = 0]
                  00004348    00000030     sysbios.aem4f : BIOS.obj (.text:ti_sysbios_family_arm_m3_TaskSupport_start__E)
                  00004378    00000030     hello_pem4f.oem4f (.text:ti_sysbios_gates_GateHwi_Object__create__S)
                  000043a8    00000030     hello_pem4f.oem4f (.text:ti_sysbios_gates_GateMutex_Object__create__S)
                  000043d8    00000030     hello_pem4f.oem4f (.text:ti_sysbios_heaps_HeapMem_Object__create__S)
                  00004408    00000030     sysbios.aem4f : BIOS.obj (.text:ti_sysbios_knl_Mailbox_postInit__I)
                  00004438    00000030     hello_pem4f.oem4f (.text:ti_sysbios_knl_Semaphore_construct)
                  00004468    00000030     sysbios.aem4f : BIOS.obj (.text:ti_sysbios_knl_Semaphore_pendTimeout__I)
                  00004498    00000030                   : BIOS.obj (.text:ti_sysbios_knl_Task_processVitalTaskFlag__I)
                  000044c8    00000030                   : BIOS.obj (.text:ti_sysbios_knl_Task_unblockI__E)
                  000044f8    00000030     ti.targets.arm.rtsarm.aem4f : SysMin.oem4f (.text:xdc_runtime_SysMin_abort__E)
                  00004528    00000030                                 : System.oem4f (.text:xdc_runtime_System_processAtExit__E)
                  00004558    0000002c     msp432p4xx_driverlib.lib : pcm.o (.text:PCM_getCoreVoltageLevel)
                  00004584    0000002c     power_tirtos_MSP432P401R.aem4f : PowerMSP432_tirtos.oem4f (.text:PowerMSP432_updateFreqs)
                  000045b0    0000002c     hello_pem4f.oem4f (.text:ti_sysbios_knl_Clock_doTick__I)
                  000045dc    0000002c     hello_pem4f.oem4f (.text:ti_sysbios_knl_Queue_construct)
                  00004608    0000002c     sysbios.aem4f : BIOS.obj (.text:ti_sysbios_knl_Task_restore__E)
                  00004634    00000004     --HOLE-- [fill = 0]
                  00004638    0000002c                   : BIOS.obj (.text:usleep)
                  00004664    0000002c     ti.targets.arm.rtsarm.aem4f : Text.oem4f (.text:xdc_runtime_Text_cordText__E)
                  00004690    0000002a     msp432p4xx_driverlib.lib : pcm.o (.text:PCM_getPowerMode)
                  000046ba    0000002a     ti.targets.arm.rtsarm.aem4f : System.oem4f (.text:xdc_runtime_System_putchar__I)
                  000046e4    00000028     msp432p4xx_driverlib.lib : flash.o (.text:FlashCtl_setWaitState)
                  0000470c    00000028                              : pcm.o (.text:PCM_gotoLPM0)
                  00004734    00000004     --HOLE-- [fill = 0]
                  00004738    00000028     sysbios.aem4f : BIOS.obj (.text:ti_sysbios_knl_Clock_addI__E)
                  00004760    00000028                   : BIOS.obj (.text:ti_sysbios_knl_Swi_Module_startup__E)
                  00004788    00000026                   : m3_Hwi_asm.obj (.text:ti_sysbios_family_arm_m3_Hwi_pendSV__I)
                  000047ae    00000026     ti.targets.arm.rtsarm.aem4f : System.oem4f (.text:xdc_runtime_System_avprintf__E)
                  000047d4    00000025     hello.obj (.text:foo)
                  000047f9    00000003     --HOLE-- [fill = 0]
                  000047fc    00000024     msp432p4xx_driverlib.lib : cs.o (.text:CS_setDCOCenteredFrequency)
                  00004820    00000024                              : rtc_c.o (.text:RTC_C_holdClock)
                  00004844    00000024                              : rtc_c.o (.text:RTC_C_startClock)
                  00004868    00000024     sysbios.aem4f : BIOS.obj (.text:pthread_attr_init)
                  0000488c    00000024     hello_pem4f.oem4f (.text:ti_sysbios_BIOS_errorRaiseHook__I)
                  000048b0    00000024     hello_pem4f.oem4f (.text:ti_sysbios_BIOS_registerRTSLock__I)
                  000048d4    00000024     hello_pem4f.oem4f (.text:ti_sysbios_BIOS_removeRTSLock__I)
                  000048f8    00000024     sysbios.aem4f : BIOS.obj (.text:ti_sysbios_family_arm_msp432_ClockFreqs_setFrequency__E)
                  0000491c    00000024     hello_pem4f.oem4f (.text:ti_sysbios_gates_GateMutex_Object__delete__S)
                  00004940    00000024     sysbios.aem4f : BIOS.obj (.text:ti_sysbios_knl_Clock_Module_startup__E)
                  00004964    00000004     --HOLE-- [fill = 0]
                  00004968    00000024                   : BIOS.obj (.text:ti_sysbios_knl_Semaphore_Instance_init__E)
                  0000498c    00000004     --HOLE-- [fill = 0]
                  00004990    00000024                   : BIOS.obj (.text:ti_sysbios_knl_Task_restoreHwi__E)
                  000049b4    00000024     ti.targets.arm.rtsarm.aem4f : System.oem4f (.text:xdc_runtime_System_vprintf__E)
                  000049d8    00000022     hello_pem4f.oem4f (.text:xdc_runtime_SysMin_output__I)
                  000049fa    00000002     --HOLE-- [fill = 0]
                  000049fc    00000020     hello_pem4f.oem4f (.text:ti_sysbios_BIOS_rtsLock__I)
                  00004a1c    00000020     sysbios.aem4f : m3_Hwi_asm.obj (.text:ti_sysbios_family_arm_m3_Hwi_excHandlerAsm__I)
                  00004a3c    00000004     --HOLE-- [fill = 0]
                  00004a40    00000020                   : BIOS.obj (.text:ti_sysbios_family_arm_m3_Hwi_excHandler__I)
                  00004a60    00000020     hello_pem4f.oem4f (.text:ti_sysbios_gates_GateHwi_Object__delete__S)
                  00004a80    00000020     hello_pem4f.oem4f (.text:ti_sysbios_heaps_HeapMem_Object__delete__S)
                  00004aa0    00000020     sysbios.aem4f : BIOS.obj (.text:ti_sysbios_knl_Idle_run__E)
                  00004ac0    00000020     hello_pem4f.oem4f (.text:ti_sysbios_knl_Semaphore_Object__destruct__S)
                  00004ae0    00000020     hello_pem4f.oem4f (.text:ti_sysbios_knl_Task_Object__delete__S)
                  00004b00    00000020     ti.targets.arm.rtsarm.aem4f : Registry.oem4f (.text:xdc_runtime_Registry_findById__E)
                  00004b20    00000020                                 : SysMin.oem4f (.text:xdc_runtime_SysMin_Module_startup__E)
                  00004b40    0000001e     sysbios.aem4f : m3_Hwi_asm_switch.obj (.text:ti_sysbios_family_xxx_Hwi_switchAndRunFunc)
                  00004b5e    00000002     --HOLE-- [fill = 0]
                  00004b60    0000001c     msp432p4xx_driverlib.lib : pcm.o (.text:PCM_enableRudeMode)
                  00004b7c    00000004     --HOLE-- [fill = 0]
                  00004b80    0000001c     sysbios.aem4f : BIOS.obj (.text:_pthread_cleanup_pop)
                  00004b9c    00000004     --HOLE-- [fill = 0]
                  00004ba0    0000001c                   : BIOS.obj (.text:ti_sysbios_gates_GateMutex_Instance_init__E)
                  00004bbc    0000001c     hello_pem4f.oem4f (.text:ti_sysbios_knl_Queue_Object__destruct__S)
                  00004bd8    0000001c     sysbios.aem4f : BIOS.obj (.text:ti_sysbios_knl_Queue_put__E)
                  00004bf4    00000004     --HOLE-- [fill = 0]
                  00004bf8    0000001c                   : BIOS.obj (.text:ti_sysbios_knl_Task_enter__I)
                  00004c14    0000001c     ti.targets.arm.rtsarm.aem4f : Error.oem4f (.text:xdc_runtime_Error_raiseX__E)
                  00004c30    0000001c                                 : Memory.oem4f (.text:xdc_runtime_Memory_valloc__E)
                  00004c4c    0000001c                                 : SysMin.oem4f (.text:xdc_runtime_SysMin_exit__E)
                  00004c68    0000001c                                 : System.oem4f (.text:xdc_runtime_System_abort__E)
                  00004c84    0000001a     hello_pem4f.oem4f (.text:ti_sysbios_family_arm_m3_Hwi_Handle__label__S)
                  00004c9e    0000001a     hello_pem4f.oem4f (.text:ti_sysbios_gates_GateHwi_Handle__label__S)
                  00004cb8    0000001a     hello_pem4f.oem4f (.text:ti_sysbios_gates_GateMutex_Handle__label__S)
                  00004cd2    0000001a     hello_pem4f.oem4f (.text:ti_sysbios_heaps_HeapMem_Handle__label__S)
                  00004cec    0000001a     hello_pem4f.oem4f (.text:ti_sysbios_knl_Swi_Handle__label__S)
                  00004d06    0000001a     hello_pem4f.oem4f (.text:ti_sysbios_knl_Task_Handle__label__S)
                  00004d20    0000001a     hello_pem4f.oem4f (.text:xdc_runtime_System_aprintf__E)
                  00004d3a    0000001a     hello_pem4f.oem4f (.text:xdc_runtime_System_printf__E)
                  00004d54    00000018     msp432p4xx_driverlib.lib : wdt_a.o (.text:WDT_A_holdTimer)
                  00004d6c    00000018     rtsv7M4_T_le_v4SPD16_eabi.lib : args_main.obj (.text)
                  00004d84    00000018     hello_pem4f.oem4f (.text:ti_sysbios_BIOS_rtsUnlock__I)
                  00004d9c    00000018     hello_pem4f.oem4f (.text:ti_sysbios_family_arm_m3_Hwi_Module__startupDone__F)
                  00004db4    00000018     sysbios.aem4f : m3_TaskSupport_asm.obj (.text:ti_sysbios_family_arm_m3_TaskSupport_swap__E)
                  00004dcc    00000018     hello_pem4f.oem4f (.text:ti_sysbios_family_arm_msp432_Timer_Module__startupDone__F)
                  00004de4    00000004     --HOLE-- [fill = 0]
                  00004de8    00000018     sysbios.aem4f : BIOS.obj (.text:ti_sysbios_gates_GateMutex_leave__E)
                  00004e00    00000018                   : BIOS.obj (.text:ti_sysbios_knl_Task_sleepTimeout__I)
                  00004e18    00000018     ti.targets.arm.rtsarm.aem4f : Error.oem4f (.text:xdc_runtime_Error_check__E)
                  00004e30    00000018                                 : System.oem4f (.text:xdc_runtime_System_exit__E)
                  00004e48    00000018                                 : Text.oem4f (.text:xdc_runtime_Text_ropeText__E)
                  00004e60    00000016     hello_pem4f.oem4f (.text:ti_sysbios_BIOS_exitFunc__I)
                  00004e76    00000002     --HOLE-- [fill = 0]
                  00004e78    00000016     sysbios.aem4f : BIOS.obj (.text:ti_sysbios_knl_Task_unblock__E)
                  00004e8e    00000002     --HOLE-- [fill = 0]
                  00004e90    00000014     drivers_MSP432P401R.aem4f : PowerMSP432.oem4f (.text:Power_idleFunc)
                  00004ea4    00000014     msp432p4xx_driverlib.lib : wdt_a.o (.text:WDT_A_startTimer)
                  00004eb8    00000014     rtsv7M4_T_le_v4SPD16_eabi.lib : _lock.obj (.text)
                  00004ecc    00000014                                   : strcpy.obj (.text)
                  00004ee0    00000014                                   : strlen.obj (.text)
                  00004ef4    00000014     hello_pem4f.oem4f (.text:ti_sysbios_family_arm_m3_Hwi_Object__get__S)
                  00004f08    00000014     sysbios.aem4f : BIOS.obj (.text:ti_sysbios_family_arm_m3_Hwi_switchFromBootStack__E)
                  00004f1c    00000014     hello_pem4f.oem4f (.text:ti_sysbios_heaps_HeapMem_Object__get__S)
                  00004f30    00000014     hello_pem4f.oem4f (.text:ti_sysbios_knl_Swi_Object__get__S)
                  00004f44    00000004     --HOLE-- [fill = 0]
                  00004f48    00000012     sysbios.aem4f : BIOS.obj (.text:ti_sysbios_hal_Hwi_Module_startup__E)
                  00004f5a    00000012     hello_pem4f.oem4f (.text:xdc_runtime_Startup_exec__I)
                  00004f6c    00000010     msp432p4xx_driverlib.lib : pcm.o (.text:PCM_gotoLPM4)
                  00004f7c    00000004     --HOLE-- [fill = 0]
                  00004f80    00000010     sysbios.aem4f : BIOS.obj (.text:ti_sysbios_BIOS_exit__E)
                  00004f90    00000010                   : BIOS.obj (.text:ti_sysbios_BIOS_setCpuFreq__E)
                  00004fa0    00000010                   : BIOS.obj (.text:ti_sysbios_BIOS_setThreadType__E)
                  00004fb0    00000010                   : BIOS.obj (.text:ti_sysbios_BIOS_start__E)
                  00004fc0    00000010                   : m3_TaskSupport_asm.obj (.text:ti_sysbios_family_arm_m3_TaskSupport_glue)
                  00004fd0    00000010                   : BIOS.obj (.text:ti_sysbios_family_arm_msp432_init_Boot_disableWatchdog)
                  00004fe0    00000010                   : BIOS.obj (.text:ti_sysbios_gates_GateMutex_Instance_finalize__E)
                  00004ff0    00000010     hello_pem4f.oem4f (.text:ti_sysbios_knl_Mailbox_Object__get__S)
                  00005000    00000010     sysbios.aem4f : BIOS.obj (.text:ti_sysbios_knl_Semaphore_Instance_finalize__E)
                  00005010    00000010                   : BIOS.obj (.text:ti_sysbios_knl_Swi_disable__E)
                  00005020    00000010     hello_pem4f.oem4f (.text:ti_sysbios_knl_Task_Object__get__S)
                  00005030    00000010     sysbios.aem4f : BIOS.obj (.text:ti_sysbios_knl_Task_disable__E)
                  00005040    00000010     ti.targets.arm.rtsarm.aem4f : Gate.oem4f (.text:xdc_runtime_Gate_leaveSystem__E)
                  00005050    00000010                                 : Memory.oem4f (.text:xdc_runtime_Memory_free__E)
                  00005060    00000010                                 : SysMin.oem4f (.text:xdc_runtime_SysMin_ready__E)
                  00005070    00000010                                 : System.oem4f (.text:xdc_runtime_System_vsnprintf__E)
                  00005080    00000010     hello_pem4f.oem4f (.text:xdc_runtime_Text_visitRope__I)
                  00005090    0000000e     rtsv7M4_T_le_v4SPD16_eabi.lib : copy_decompress_none.obj (.text:decompress:none)
                  0000509e    00000002     --HOLE-- [fill = 0]
                  000050a0    0000000e     sysbios.aem4f : BIOS.obj (.text:ti_sysbios_knl_Idle_loop__E)
                  000050ae    00000002     --HOLE-- [fill = 0]
                  000050b0    0000000e                   : BIOS.obj (.text:ti_sysbios_knl_Queue_empty__E)
                  000050be    0000000c     hello_pem4f.oem4f (.text:.bootCodeSection:ti_sysbios_family_arm_msp432_init_Boot_init__I)
                  000050ca    0000000c     msp432p4xx_driverlib.lib : cpu.o (.text:CPU_cpsid)
                  000050d6    0000000c                              : cpu.o (.text:CPU_cpsie)
                  000050e2    00000002     --HOLE-- [fill = 0]
                  000050e4    0000000c                              : pcm.o (.text:PCM_getPowerState)
                  000050f0    0000000c     drivers_MSP432P401R.aem4f : PowerMSP432.oem4f (.text:Power_getConstraintMask)
                  000050fc    00000004     --HOLE-- [fill = 0]
                  00005100    0000000c     sysbios.aem4f : BIOS.obj (.text:pthread_self)
                  0000510c    00000004     --HOLE-- [fill = 0]
                  00005110    0000000c                   : BIOS.obj (.text:ti_sysbios_family_arm_m3_TaskSupport_checkStack__E)
                  0000511c    00000004     --HOLE-- [fill = 0]
                  00005120    0000000c                   : BIOS.obj (.text:ti_sysbios_family_arm_m3_TaskSupport_getStackAlignment__E)
                  0000512c    00000004     --HOLE-- [fill = 0]
                  00005130    0000000c                   : BIOS.obj (.text:ti_sysbios_family_arm_msp432_Timer_getMaxTicks__E)
                  0000513c    00000004     --HOLE-- [fill = 0]
                  00005140    0000000c                   : BIOS.obj (.text:ti_sysbios_gates_GateHwi_enter__E)
                  0000514c    0000000c     hello_pem4f.oem4f (.text:ti_sysbios_knl_Queue_Object__get__S)
                  00005158    0000000c     hello_pem4f.oem4f (.text:ti_sysbios_knl_Semaphore_Params__init__S)
                  00005164    0000000c     hello_pem4f.oem4f (.text:ti_sysbios_knl_Task_Params__init__S)
                  00005170    0000000c     ti.targets.arm.rtsarm.aem4f : Error.oem4f (.text:xdc_runtime_Error_init__E)
                  0000517c    0000000c                                 : Gate.oem4f (.text:xdc_runtime_Gate_enterSystem__E)
                  00005188    0000000c                                 : Memory.oem4f (.text:xdc_runtime_Memory_calloc__E)
                  00005194    0000000c                                 : Memory.oem4f (.text:xdc_runtime_Memory_getMaxDefaultTypeAlign__E)
                  000051a0    0000000c                                 : Startup.oem4f (.text:xdc_runtime_Startup_rtsDone__E)
                  000051ac    0000000a     hello_pem4f.oem4f (.text:xdc_runtime_IHeap_alloc)
                  000051b6    0000000a     hello_pem4f.oem4f (.text:xdc_runtime_IHeap_free)
                  000051c0    00000008     MSP_EXP432P401R.obj (.text:MSP_EXP432P401R_initGeneral)
                  000051c8    00000008     msp432p4xx_driverlib.lib : pcm.o (.text:PCM_setPowerMode)
                  000051d0    00000008                              : pcm.o (.text:PCM_setPowerState)
                  000051d8    00000008     sysbios.aem4f : BIOS.obj (.text:pthread_attr_setstacksize)
                  000051e0    00000008                   : BIOS.obj (.text:ti_sysbios_family_arm_m3_Hwi_doSwiRestore__I)
                  000051e8    00000008                   : BIOS.obj (.text:ti_sysbios_family_arm_m3_Hwi_startup__E)
                  000051f0    00000006     rtsv7M4_T_le_v4SPD16_eabi.lib : copy_decompress_rle.obj (.text:decompress:rle24)
                  000051f6    00000002     --HOLE-- [fill = 0]
                  000051f8    00000006     sysbios.aem4f : BIOS.obj (.text:ti_sysbios_family_arm_m3_Hwi_doTaskRestore__I)
                  000051fe    00000002     --HOLE-- [fill = 0]
                  00005200    00000006                   : BIOS.obj (.text:ti_sysbios_gates_GateHwi_leave__E)
                  00005206    00000002     --HOLE-- [fill = 0]
                  00005208    00000006                   : BIOS.obj (.text:ti_sysbios_heaps_HeapMem_isBlocking__E)
                  0000520e    00000002     --HOLE-- [fill = 0]
                  00005210    00000006                   : BIOS.obj (.text:ti_sysbios_knl_Queue_Instance_init__E)
                  00005216    00000002     --HOLE-- [fill = 0]
                  00005218    00000006                   : BIOS.obj (.text:ti_sysbios_knl_Swi_startup__E)
                  0000521e    00000006     ti.targets.arm.rtsarm.aem4f : System.oem4f (.text:xdc_runtime_System_Module_startup__E)
                  00005224    00000004     --HOLE-- [fill = 0]
                  00005228    00000004     sysbios.aem4f : BIOS.obj (.text:ti_sysbios_gates_GateHwi_query__E)
                  0000522c    00000004     --HOLE-- [fill = 0]
                  00005230    00000004                   : BIOS.obj (.text:ti_sysbios_gates_GateMutex_query__E)
                  00005234    00000004     --HOLE-- [fill = 0]
                  00005238    00000004                   : BIOS.obj (.text:ti_sysbios_knl_Task_startup__E)
                  0000523c    00000004     --HOLE-- [fill = 0]
                  00005240    00000002                   : BIOS.obj (.text:ti_sysbios_BIOS_linkedWithIncorrectBootLibrary__E)
                  00005242    00000006     --HOLE-- [fill = 0]
                  00005248    00000002                   : BIOS.obj (.text:ti_sysbios_gates_GateHwi_Instance_init__E)
                  0000524a    00000006     --HOLE-- [fill = 0]
                  00005250    00000002                   : BIOS.obj (.text:ti_sysbios_knl_Clock_logTick__E)

.const     0    00005254    00001d9f     
                  00005254    000018c8     hello_pem4f.oem4f (.const:xdc_runtime_Text_charTab__A)
                  00006b1c    000000c8     hello_pem4f.oem4f (.const:xdc_runtime_Text_nodeTab__A)
                  00006be4    00000048     hello_pem4f.oem4f (.const:.string)
                  00006c2c    0000003c     hello_pem4f.oem4f (.const:ti_sysbios_knl_Task_Object__PARAMS__C)
                  00006c68    00000028     hello_pem4f.oem4f (.const:ti_sysbios_heaps_HeapMem_Module__FXNS__C)
                  00006c90    00000028     hello_pem4f.oem4f (.const:xdc_runtime_Startup_sfxnTab__A)
                  00006cb8    00000024     hello_pem4f.oem4f (.const:ti_sysbios_gates_GateHwi_Module__FXNS__C)
                  00006cdc    00000024     hello_pem4f.oem4f (.const:ti_sysbios_gates_GateMutex_Module__FXNS__C)
                  00006d00    00000024     hello_pem4f.oem4f (.const:ti_sysbios_heaps_HeapMem_Object__PARAMS__C)
                  00006d24    00000024     hello_pem4f.oem4f (.const:ti_sysbios_knl_Semaphore_Object__PARAMS__C)
                  00006d48    00000020     hello_pem4f.oem4f (.const:ti_sysbios_gates_GateHwi_Object__DESC__C)
                  00006d68    00000020     hello_pem4f.oem4f (.const:ti_sysbios_gates_GateMutex_Object__DESC__C)
                  00006d88    00000020     hello_pem4f.oem4f (.const:ti_sysbios_heaps_HeapMem_Object__DESC__C)
                  00006da8    00000020     hello_pem4f.oem4f (.const:ti_sysbios_knl_Queue_Object__DESC__C)
                  00006dc8    00000020     hello_pem4f.oem4f (.const:ti_sysbios_knl_Semaphore_Object__DESC__C)
                  00006de8    00000020     hello_pem4f.oem4f (.const:ti_sysbios_knl_Task_Object__DESC__C)
                  00006e08    00000018     hello_pem4f.oem4f (.const:ti_sysbios_gates_GateHwi_Object__PARAMS__C)
                  00006e20    00000018     hello_pem4f.oem4f (.const:ti_sysbios_gates_GateMutex_Object__PARAMS__C)
                  00006e38    00000018     hello_pem4f.oem4f (.const:ti_sysbios_knl_Queue_Object__PARAMS__C)
                  00006e50    00000014     hello_pem4f.oem4f (.const:xdc_runtime_Startup_sfxnRts__A)
                  00006e64    00000010     MSP_EXP432P401R.obj (.const:PowerMSP432_config)
                  00006e74    0000000c     hello_pem4f.oem4f (.const:xdc_runtime_Startup_firstFxns__A)
                  00006e80    00000008     hello_pem4f.oem4f (.const:ti_sysbios_family_arm_m3_Hwi_excHookFuncs__A)
                  00006e88    00000008     hello_pem4f.oem4f (.const:ti_sysbios_knl_Idle_funcList__A)
                  00006e90    00000008     hello_pem4f.oem4f (.const:ti_sysbios_knl_Idle_funcList__C)
                  00006e98    00000008     hello_pem4f.oem4f (.const:xdc_runtime_Startup_firstFxns__C)
                  00006ea0    00000008     hello_pem4f.oem4f (.const:xdc_runtime_Startup_lastFxns__C)
                  00006ea8    00000004     hello_pem4f.oem4f (.const:ti_sysbios_family_arm_m3_Hwi_E_NMI__C)
                  00006eac    00000004     hello_pem4f.oem4f (.const:ti_sysbios_family_arm_m3_Hwi_E_busFault__C)
                  00006eb0    00000004     hello_pem4f.oem4f (.const:ti_sysbios_family_arm_m3_Hwi_E_debugMon__C)
                  00006eb4    00000004     hello_pem4f.oem4f (.const:ti_sysbios_family_arm_m3_Hwi_E_hardFault__C)
                  00006eb8    00000004     hello_pem4f.oem4f (.const:ti_sysbios_family_arm_m3_Hwi_E_memFault__C)
                  00006ebc    00000004     hello_pem4f.oem4f (.const:ti_sysbios_family_arm_m3_Hwi_E_noIsr__C)
                  00006ec0    00000004     hello_pem4f.oem4f (.const:ti_sysbios_family_arm_m3_Hwi_E_reserved__C)
                  00006ec4    00000004     hello_pem4f.oem4f (.const:ti_sysbios_family_arm_m3_Hwi_E_svCall__C)
                  00006ec8    00000004     hello_pem4f.oem4f (.const:ti_sysbios_family_arm_m3_Hwi_E_usageFault__C)
                  00006ecc    00000004     hello_pem4f.oem4f (.const:ti_sysbios_family_arm_m3_Hwi_NUM_INTERRUPTS__C)
                  00006ed0    00000004     hello_pem4f.oem4f (.const:ti_sysbios_family_arm_m3_Hwi_Object__count__C)
                  00006ed4    00000004     hello_pem4f.oem4f (.const:ti_sysbios_family_arm_m3_Hwi_ccr__C)
                  00006ed8    00000004     hello_pem4f.oem4f (.const:ti_sysbios_family_arm_m3_Hwi_excHandlerFunc__C)
                  00006edc    00000004     hello_pem4f.oem4f (.const:ti_sysbios_family_arm_m3_Hwi_excHookFuncs__C)
                  00006ee0    00000004     hello_pem4f.oem4f (.const:ti_sysbios_family_arm_m3_Hwi_nullIsrFunc__C)
                  00006ee4    00000004     hello_pem4f.oem4f (.const:ti_sysbios_family_arm_m3_Hwi_priGroup__C)
                  00006ee8    00000004     hello_pem4f.oem4f (.const:ti_sysbios_family_arm_m3_TaskSupport_stackAlignment__C)
                  00006eec    00000004     hello_pem4f.oem4f (.const:ti_sysbios_family_arm_msp432_Timer_numTimerDevices__C)
                  00006ef0    00000004     hello_pem4f.oem4f (.const:ti_sysbios_family_arm_msp432_Timer_startupNeeded__C)
                  00006ef4    00000004     hello_pem4f.oem4f (.const:ti_sysbios_gates_GateMutex_Instance_State_sem__O)
                  00006ef8    00000004     hello_pem4f.oem4f (.const:ti_sysbios_hal_Hwi_E_stackOverflow__C)
                  00006efc    00000004     hello_pem4f.oem4f (.const:ti_sysbios_heaps_HeapMem_E_memory__C)
                  00006f00    00000004     hello_pem4f.oem4f (.const:ti_sysbios_heaps_HeapMem_Module__gateObj__C)
                  00006f04    00000004     hello_pem4f.oem4f (.const:ti_sysbios_heaps_HeapMem_Object__count__C)
                  00006f08    00000004     hello_pem4f.oem4f (.const:ti_sysbios_heaps_HeapMem_reqAlign__C)
                  00006f0c    00000004     hello_pem4f.oem4f (.const:ti_sysbios_knl_Clock_Module_State_clockQ__O)
                  00006f10    00000004     hello_pem4f.oem4f (.const:ti_sysbios_knl_Clock_tickPeriod__C)
                  00006f14    00000004     hello_pem4f.oem4f (.const:ti_sysbios_knl_Mailbox_Instance_State_freeQue__O)
                  00006f18    00000004     hello_pem4f.oem4f (.const:ti_sysbios_knl_Mailbox_Object__count__C)
                  00006f1c    00000004     hello_pem4f.oem4f (.const:ti_sysbios_knl_Mailbox_maxTypeAlign__C)
                  00006f20    00000004     hello_pem4f.oem4f (.const:ti_sysbios_knl_Semaphore_Instance_State_pendQ__O)
                  00006f24    00000004     hello_pem4f.oem4f (.const:ti_sysbios_knl_Swi_Object__count__C)
                  00006f28    00000004     hello_pem4f.oem4f (.const:ti_sysbios_knl_Task_E_spOutOfBounds__C)
                  00006f2c    00000004     hello_pem4f.oem4f (.const:ti_sysbios_knl_Task_E_stackOverflow__C)
                  00006f30    00000004     hello_pem4f.oem4f (.const:ti_sysbios_knl_Task_Module_State_inactiveQ__O)
                  00006f34    00000004     hello_pem4f.oem4f (.const:ti_sysbios_knl_Task_Object__count__C)
                  00006f38    00000004     hello_pem4f.oem4f (.const:ti_sysbios_knl_Task_Object__heap__C)
                  00006f3c    00000004     hello_pem4f.oem4f (.const:ti_sysbios_knl_Task_allBlockedFunc__C)
                  00006f40    00000004     hello_pem4f.oem4f (.const:ti_sysbios_knl_Task_defaultStackHeap__C)
                  00006f44    00000004     hello_pem4f.oem4f (.const:ti_sysbios_knl_Task_defaultStackSize__C)
                  00006f48    00000004     hello_pem4f.oem4f (.const:ti_sysbios_knl_Task_numConstructedTasks__C)
                  00006f4c    00000004     hello_pem4f.oem4f (.const:xdc_runtime_Assert_E_assertFailed__C)
                  00006f50    00000004     hello_pem4f.oem4f (.const:xdc_runtime_Core_A_initializedParams__C)
                  00006f54    00000004     hello_pem4f.oem4f (.const:xdc_runtime_Core_Module__diagsEnabled__C)
                  00006f58    00000004     hello_pem4f.oem4f (.const:xdc_runtime_Core_Module__diagsIncluded__C)
                  00006f5c    00000004     hello_pem4f.oem4f (.const:xdc_runtime_Core_Module__diagsMask__C)
                  00006f60    00000004     hello_pem4f.oem4f (.const:xdc_runtime_Error_E_memory__C)
                  00006f64    00000004     hello_pem4f.oem4f (.const:xdc_runtime_Error_Module__diagsEnabled__C)
                  00006f68    00000004     hello_pem4f.oem4f (.const:xdc_runtime_Error_Module__diagsIncluded__C)
                  00006f6c    00000004     hello_pem4f.oem4f (.const:xdc_runtime_Error_Module__diagsMask__C)
                  00006f70    00000004     hello_pem4f.oem4f (.const:xdc_runtime_Error_Module__loggerFxn8__C)
                  00006f74    00000004     hello_pem4f.oem4f (.const:xdc_runtime_Error_Module__loggerObj__C)
                  00006f78    00000004     hello_pem4f.oem4f (.const:xdc_runtime_Error_policyFxn__C)
                  00006f7c    00000004     hello_pem4f.oem4f (.const:xdc_runtime_Error_raiseHook__C)
                  00006f80    00000004     hello_pem4f.oem4f (.const:xdc_runtime_IGateProvider_Interface__BASE__C)
                  00006f84    00000004     hello_pem4f.oem4f (.const:xdc_runtime_IHeap_Interface__BASE__C)
                  00006f88    00000004     hello_pem4f.oem4f (.const:xdc_runtime_IModule_Interface__BASE__C)
                  00006f8c    00000004     hello_pem4f.oem4f (.const:xdc_runtime_Log_L_error__C)
                  00006f90    00000004     hello_pem4f.oem4f (.const:xdc_runtime_Memory_defaultHeapInstance__C)
                  00006f94    00000004     hello_pem4f.oem4f (.const:xdc_runtime_Startup_execImpl__C)
                  00006f98    00000004     hello_pem4f.oem4f (.const:xdc_runtime_Startup_maxPasses__C)
                  00006f9c    00000004     hello_pem4f.oem4f (.const:xdc_runtime_Startup_sfxnRts__C)
                  00006fa0    00000004     hello_pem4f.oem4f (.const:xdc_runtime_Startup_sfxnTab__C)
                  00006fa4    00000004     hello_pem4f.oem4f (.const:xdc_runtime_SysMin_bufSize__C)
                  00006fa8    00000004     hello_pem4f.oem4f (.const:xdc_runtime_SysMin_outputFunc__C)
                  00006fac    00000004     hello_pem4f.oem4f (.const:xdc_runtime_System_Module__gateObj__C)
                  00006fb0    00000004     hello_pem4f.oem4f (.const:xdc_runtime_System_abortFxn__C)
                  00006fb4    00000004     hello_pem4f.oem4f (.const:xdc_runtime_System_exitFxn__C)
                  00006fb8    00000004     hello_pem4f.oem4f (.const:xdc_runtime_System_extendFxn__C)
                  00006fbc    00000004     hello_pem4f.oem4f (.const:xdc_runtime_System_maxAtexitHandlers__C)
                  00006fc0    00000004     hello_pem4f.oem4f (.const:xdc_runtime_Text_charTab__C)
                  00006fc4    00000004     hello_pem4f.oem4f (.const:xdc_runtime_Text_nameEmpty__C)
                  00006fc8    00000004     hello_pem4f.oem4f (.const:xdc_runtime_Text_nameStatic__C)
                  00006fcc    00000004     hello_pem4f.oem4f (.const:xdc_runtime_Text_nameUnknown__C)
                  00006fd0    00000004     hello_pem4f.oem4f (.const:xdc_runtime_Text_nodeTab__C)
                  00006fd4    00000004     hello_pem4f.oem4f (.const:xdc_runtime_Text_visitRopeFxn__C)
                  00006fd8    00000002     hello_pem4f.oem4f (.const:ti_sysbios_family_arm_m3_Hwi_Module__id__C)
                  00006fda    00000002     hello_pem4f.oem4f (.const:ti_sysbios_hal_Hwi_Module__id__C)
                  00006fdc    00000002     hello_pem4f.oem4f (.const:ti_sysbios_heaps_HeapMem_Module__id__C)
                  00006fde    00000002     hello_pem4f.oem4f (.const:ti_sysbios_knl_Task_Module__id__C)
                  00006fe0    00000002     hello_pem4f.oem4f (.const:xdc_runtime_Core_Module__id__C)
                  00006fe2    00000002     hello_pem4f.oem4f (.const:xdc_runtime_Error_Module__loggerDefined__C)
                  00006fe4    00000002     hello_pem4f.oem4f (.const:xdc_runtime_Error_maxDepth__C)
                  00006fe6    00000002     hello_pem4f.oem4f (.const:xdc_runtime_Memory_Module__id__C)
                  00006fe8    00000002     hello_pem4f.oem4f (.const:xdc_runtime_SysMin_flushAtExit__C)
                  00006fea    00000002     hello_pem4f.oem4f (.const:xdc_runtime_Text_charCnt__C)
                  00006fec    00000002     hello_pem4f.oem4f (.const:xdc_runtime_Text_isLoaded__C)
                  00006fee    00000002     hello_pem4f.oem4f (.const:xdc_runtime_Text_registryModsLastId__C)
                  00006ff0    00000002     hello_pem4f.oem4f (.const:xdc_runtime_Text_unnamedModsLastId__C)
                  00006ff2    00000001     hello_pem4f.oem4f (.const:xdc_runtime_Error_policy__C)

.cinit     0    00006ff8    0000039c     
                  00006ff8    00000359     (.cinit..data.load) [load image, compression = rle]
                  00007351    00000007     --HOLE-- [fill = 0]
                  00007358    0000000b     (.cinit..bss.load) [load image, compression = rle]
                  00007363    00000005     --HOLE-- [fill = 0]
                  00007368    0000000b     (.cinit..vecs.load) [load image, compression = rle]
                  00007373    00000001     --HOLE-- [fill = 0]
                  00007374    00000008     (__TI_handler_table)
                  0000737c    00000018     (__TI_cinit_table)

.resetVecs 
*          0    00000000    0000003c     
                  00000000    0000003c     hello_pem4f.oem4f (.resetVecs)

.vecs      0    20000000    00000140     UNINITIALIZED
                  20000000    00000140     hello_pem4f.oem4f (.vecs)

.bss       0    20000140    00000a68     UNINITIALIZED
                  20000140    00000400     (.common:ti_sysbios_heaps_HeapMem_Instance_State_0_buf__A)
                  20000540    00000200     hello_pem4f.oem4f (.bss:taskStackSection)
                  20000740    00000200     (.common:xdc_runtime_SysMin_Module_State_0_outbuf__A)
                  20000940    00000140     (.common:ti_sysbios_family_arm_m3_Hwi_dispatchTable)
                  20000a80    00000120     rtsv7M4_T_le_v4SPD16_eabi.lib : trgmsg.obj (.bss:_CIOBUF_)
                  20000ba0    00000008                                   : trgdrv.obj (.bss:parmbuf)

.data      0    20000ba8    000004f0     UNINITIALIZED
                  20000ba8    0000009c     drivers_MSP432P401R.aem4f : PowerMSP432.oem4f (.data:PowerMSP432_perfLevels)
                  20000c44    00000080     hello_pem4f.oem4f (.data:ti_sysbios_knl_Swi_Module_State_0_readyQ__A)
                  20000cc4    00000080     hello_pem4f.oem4f (.data:ti_sysbios_knl_Task_Module_State_0_readyQ__A)
                  20000d44    0000004c     hello_pem4f.oem4f (.data:ti_sysbios_family_arm_msp432_Timer_Object__table__V)
                  20000d90    0000004c     hello_pem4f.oem4f (.data:ti_sysbios_knl_Task_Object__table__V)
                  20000ddc    00000044     sysbios.aem4f : BIOS.obj (.data:$O1$$)
                  20000e20    00000044     hello_pem4f.oem4f (.data:ti_sysbios_knl_Task_Module__state__V)
                  20000e64    00000038     hello_pem4f.oem4f (.data:ti_sysbios_gates_GateMutex_Object__table__V)
                  20000e9c    00000034     hello_pem4f.oem4f (.data:ti_sysbios_family_arm_m3_Hwi_Module__state__V)
                  20000ed0    00000030     hello_pem4f.oem4f (.data:ti_sysbios_knl_Swi_Object__table__V)
                  20000f00    0000002c     hello_pem4f.oem4f (.data:ti_sysbios_knl_Clock_Module__state__V)
                  20000f2c    00000028     drivers_MSP432P401R.aem4f : PowerMSP432.oem4f (.data:PowerMSP432_module)
                  20000f54    00000024     hello_pem4f.oem4f (.data:ti_sysbios_BIOS_Module__state__V)
                  20000f78    00000020     hello_pem4f.oem4f (.data:ti_sysbios_family_arm_msp432_Timer_Module_State_0_device__A)
                  20000f98    0000001c     hello_pem4f.oem4f (.data:ti_sysbios_knl_Swi_Module__state__V)
                  20000fb4    00000018     hello_pem4f.oem4f (.data:ti_sysbios_family_arm_m3_Hwi_Object__table__V)
                  20000fcc    00000018     hello_pem4f.oem4f (.data:ti_sysbios_heaps_HeapMem_Object__table__V)
                  20000fe4    00000010     hello_pem4f.oem4f (.data:ti_sysbios_family_arm_msp432_Timer_Module_State_0_handles__A)
                  20000ff4    0000000c     rtsv7M4_T_le_v4SPD16_eabi.lib : exit.obj (.data:$O1$$)
                  20001000    0000000c     hello_pem4f.oem4f (.data:ti_sysbios_family_arm_msp432_ClockFreqs_Module__state__V)
                  2000100c    0000000c     hello_pem4f.oem4f (.data:ti_sysbios_family_arm_msp432_Timer_Module__state__V)
                  20001018    0000000c     hello_pem4f.oem4f (.data:xdc_runtime_SysMin_Module__state__V)
                  20001024    00000008     rtsv7M4_T_le_v4SPD16_eabi.lib : _lock.obj (.data:$O1$$)
                  2000102c    00000008     hello_pem4f.oem4f (.data:ti_sysbios_gates_GateHwi_Module__root__V)
                  20001034    00000008     hello_pem4f.oem4f (.data:ti_sysbios_gates_GateMutex_Module__root__V)
                  2000103c    00000008     hello_pem4f.oem4f (.data:ti_sysbios_heaps_HeapMem_Module__root__V)
                  20001044    00000008     hello_pem4f.oem4f (.data:ti_sysbios_knl_Queue_Module__root__V)
                  2000104c    00000008     hello_pem4f.oem4f (.data:ti_sysbios_knl_Semaphore_Module__root__V)
                  20001054    00000008     hello_pem4f.oem4f (.data:ti_sysbios_knl_Task_Module__root__V)
                  2000105c    00000008     hello_pem4f.oem4f (.data:xdc_runtime_Registry_Module__state__V)
                  20001064    00000008     hello_pem4f.oem4f (.data:xdc_runtime_Startup_Module__state__V)
                  2000106c    00000008     hello_pem4f.oem4f (.data:xdc_runtime_System_Module_State_0_atexitHandlers__A)
                  20001074    00000008     hello_pem4f.oem4f (.data:xdc_runtime_System_Module__state__V)
                  2000107c    00000004     rtsv7M4_T_le_v4SPD16_eabi.lib : stkdepth_vars.obj (.data)
                  20001080    00000004     hello_pem4f.oem4f (.data:ti_sysbios_family_arm_m3_Hwi_Module_State_0_excContext__A)
                  20001084    00000004     hello_pem4f.oem4f (.data:ti_sysbios_family_arm_m3_Hwi_Module_State_0_excStack__A)
                  20001088    00000004     hello_pem4f.oem4f (.data:ti_sysbios_gates_GateHwi_Object__table__V)
                  2000108c    00000004     hello_pem4f.oem4f (.data:ti_sysbios_knl_Task_Module_State_0_idleTask__A)
                  20001090    00000004     hello_pem4f.oem4f (.data:xdc_runtime_Memory_Module__state__V)
                  20001094    00000002     hello_pem4f.oem4f (.data:ti_sysbios_family_arm_m3_Hwi_Module_State_0_excActive__A)
                  20001096    00000002     hello_pem4f.oem4f (.data:xdc_runtime_Error_Module__state__V)

.stack     0    2000fd00    00000300     UNINITIALIZED
                  2000fd00    00000300     --HOLE--

.bootVecs 
*          0    00000000    00000008     DSECT
                  00000000    00000008     boot.aem4f : boot.oem4f (.bootVecs)

xdc.meta   0    00000000    000000e8     COPY SECTION
                  00000000    000000e8     hello_pem4f.oem4f (xdc.meta)

.binit     0    00000000    00000000     

MODULE SUMMARY

       Module                     code    ro data   rw data
       ------                     ----    -------   -------
    .\
       hello.obj                  125     0         0      
       MSP_EXP432P401R.obj        8       16        0      
    +--+--------------------------+-------+---------+---------+
       Total:                     133     16        0      
                                                           
    F:\CCS_Workspaces\P2\hello_MSP_EXP432P401R_TI\Debug\configPkg\package\cfg\
       hello_pem4f.oem4f          1624    7627      3664   
    +--+--------------------------+-------+---------+---------+
       Total:                     1624    7627      3664   
                                                           
    C:/ti/tirex-content/tirtos_msp43x_2_20_00_06/products/msp432_driverlib_3_21_00_05/driverlib/MSP432P4xx/ccs/msp432p4xx_driverlib.lib
       pcm.o                      1214    0         0      
       cs.o                       260     0         0      
       flash.o                    156     0         0      
       rtc_c.o                    72      0         0      
       wdt_a.o                    44      0         0      
       cpu.o                      28      0         0      
    +--+--------------------------+-------+---------+---------+
       Total:                     1774    0         0      
                                                           
    C:/ti/tirex-content/tirtos_msp43x_2_20_00_06/products/tidrivers_msp43x_2_20_00_08/packages/ti/drivers/lib/drivers_MSP432P401R.aem4f
       PowerMSP432.oem4f          1016    0         196    
       List.oem4f                 8       0         0      
    +--+--------------------------+-------+---------+---------+
       Total:                     1024    0         196    
                                                           
    C:/ti/tirex-content/tirtos_msp43x_2_20_00_06/products/tidrivers_msp43x_2_20_00_08/packages/ti/drivers/lib/power_tirtos_MSP432P401R.aem4f
       PowerMSP432_tirtos.oem4f   106     0         0      
    +--+--------------------------+-------+---------+---------+
       Total:                     106     0         0      
                                                           
    C:\ti\ccsv6\tools\compiler\arm_15.12.3.LTS\lib\rtsv7M4_T_le_v4SPD16_eabi.lib
       trgdrv.obj                 804     0         8      
       trgmsg.obj                 104     0         288    
       memcpy_t2.obj              156     0         0      
       memset_t2.obj              122     0         0      
       copy_decompress_rle.obj    112     0         0      
       exit.obj                   84      0         12     
       cpy_tbl.obj                76      0         0      
       u_divt2.obj                64      0         0      
       _lock.obj                  20      0         8      
       args_main.obj              24      0         0      
       strcpy.obj                 20      0         0      
       strlen.obj                 20      0         0      
       copy_decompress_none.obj   14      0         0      
       stkdepth_vars.obj          0       0         4      
       i_div0.obj                 2       0         0      
    +--+--------------------------+-------+---------+---------+
       Total:                     1622    0         320    
                                                           
    C:\ti\tirex-content\tirtos_msp43x_2_20_00_06\products\bios_6_46_00_23\packages\ti\targets\arm\rtsarm\lib\auto_init.aem4f
       auto_init.oem4f            160     0         0      
    +--+--------------------------+-------+---------+---------+
       Total:                     160     0         0      
                                                           
    C:\ti\tirex-content\tirtos_msp43x_2_20_00_06\products\bios_6_46_00_23\packages\ti\targets\arm\rtsarm\lib\boot.aem4f
       boot.oem4f                 88      0         0      
    +--+--------------------------+-------+---------+---------+
       Total:                     88      0         0      
                                                           
    C:\ti\tirex-content\tirtos_msp43x_2_20_00_06\products\bios_6_46_00_23\packages\ti\targets\arm\rtsarm\lib\ti.targets.arm.rtsarm.aem4f
       System.oem4f               1255    0         0      
       Text.oem4f                 672     0         0      
       Error.oem4f                524     0         0      
       Core-mem.oem4f             358     0         0      
       Startup.oem4f              340     0         0      
       SysMin.oem4f               248     0         0      
       Core-smem.oem4f            204     0         0      
       Memory.oem4f               176     0         0      
       Assert.oem4f               84      0         0      
       Core-params.oem4f          70      0         0      
       Core-label.oem4f           52      0         0      
       Registry.oem4f             32      0         0      
       Gate.oem4f                 28      0         0      
    +--+--------------------------+-------+---------+---------+
       Total:                     4043    0         0      
                                                           
    F:\CCS_Workspaces\P2\hello_MSP_EXP432P401R_TI\src\sysbios\sysbios.aem4f
       BIOS.obj                   9634    0         68     
       m3_Hwi_asm.obj             306     0         0      
       m3_TaskSupport_asm.obj     180     0         0      
       m3_Hwi_asm_switch.obj      118     0         0      
    +--+--------------------------+-------+---------+---------+
       Total:                     10238   0         68     
                                                           
       Stack:                     0       0         768    
       Linker Generated:          0       911       0      
    +--+--------------------------+-------+---------+---------+
       Grand Total:               20812   8554      5016   


LINKER GENERATED COPY TABLES

__TI_cinit_table @ 0000737c records: 3, size/record: 8, table size: 24
	.data: load addr=00006ff8, load size=00000359 bytes, run addr=20000ba8, run size=000004f0 bytes, compression=rle
	.bss: load addr=00007358, load size=0000000b bytes, run addr=20000140, run size=00000a68 bytes, compression=rle
	.vecs: load addr=00007368, load size=0000000b bytes, run addr=20000000, run size=00000140 bytes, compression=rle


LINKER GENERATED HANDLER TABLE

__TI_handler_table @ 00007374 records: 2, size/record: 4, table size: 8
	index: 0, handler: __TI_decompress_rle24
	index: 1, handler: __TI_decompress_none


GLOBAL SYMBOLS: SORTED ALPHABETICALLY BY Name 

address   name                                                        
-------   ----                                                        
000036c5  C$$EXIT                                                     
00003217  C$$IO$$                                                     
000050cb  CPU_cpsid                                                   
000050d7  CPU_cpsie                                                   
00000ee5  CPU_wfi                                                     
00001d11  CS_initClockSignal                                          
000047fd  CS_setDCOCenteredFrequency                                  
00003e41  FlashCtl_disableReadBuffering                               
00004169  FlashCtl_enableReadBuffering                                
000046e5  FlashCtl_setWaitState                                       
00000a93  HOSTclock                                                   
00000a5b  HOSTclose                                                   
00000a1d  HOSTgetenv                                                  
000009c1  HOSTlseek                                                   
0000096f  HOSTopen                                                    
00000923  HOSTread                                                    
000008c5  HOSTrename                                                  
0000088b  HOSTtime                                                    
00000841  HOSTtime64                                                  
00000809  HOSTunlink                                                  
000007bd  HOSTwrite                                                   
0000105d  List_head                                                   
000011b5  List_next                                                   
000051c1  MSP_EXP432P401R_initGeneral                                 
00004b61  PCM_enableRudeMode                                          
00004559  PCM_getCoreVoltageLevel                                     
00004691  PCM_getPowerMode                                            
000050e5  PCM_getPowerState                                           
0000470d  PCM_gotoLPM0                                                
00002c05  PCM_gotoLPM3                                                
00004f6d  PCM_gotoLPM4                                                
000051c9  PCM_setPowerMode                                            
000051d1  PCM_setPowerState                                           
00003819  PCM_shutdownDevice                                          
00006e64  PowerMSP432_config                                          
00002947  PowerMSP432_initPolicy                                      
20000f2c  PowerMSP432_module                                          
20000ba8  PowerMSP432_perfLevels                                      
00003fc1  PowerMSP432_sleepPolicy                                     
00004585  PowerMSP432_updateFreqs                                     
000050f1  Power_getConstraintMask                                     
00004e91  Power_idleFunc                                              
00003ca1  Power_init                                                  
00000ae1  Power_sleep                                                 
00004821  RTC_C_holdClock                                             
00004845  RTC_C_startClock                                            
UNDEFED   SHT$$INIT_ARRAY$$Base                                       
UNDEFED   SHT$$INIT_ARRAY$$Limit                                      
4000480c  WDTCTL_SYM                                                  
00004d55  WDT_A_holdTimer                                             
00004ea5  WDT_A_startTimer                                            
00000000  __ASM__                                                     
20000a80  __CIOBUF_                                                   
00000064  __ISA__                                                     
00000077  __PLAT__                                                    
20010000  __STACK_END                                                 
00000300  __STACK_SIZE                                                
0000009a  __TARG__                                                    
0000737c  __TI_CINIT_Base                                             
00007394  __TI_CINIT_Limit                                            
00007374  __TI_Handler_Table_Base                                     
0000737c  __TI_Handler_Table_Limit                                    
00002631  __TI_auto_init                                              
20000ff4  __TI_cleanup_ptr                                            
00005091  __TI_decompress_none                                        
000051f1  __TI_decompress_rle24                                       
20000ff8  __TI_dtors_ptr                                              
20000ffc  __TI_enable_exit_profile_output                             
ffffffff  __TI_pprof_out_hndl                                         
ffffffff  __TI_prof_data_size                                         
ffffffff  __TI_prof_data_start                                        
0000321b  __TI_readmsg                                                
00006ff8  __TI_static_base__                                          
000031e9  __TI_writemsg                                               
000000c0  __TRDR__                                                    
00002e77  __aeabi_idiv0                                               
00002dfd  __aeabi_memclr                                              
00002dfd  __aeabi_memclr4                                             
00002dfd  __aeabi_memclr8                                             
00002811  __aeabi_memcpy                                              
00002811  __aeabi_memcpy4                                             
00002811  __aeabi_memcpy8                                             
00002dff  __aeabi_memset                                              
00002dff  __aeabi_memset4                                             
00002dff  __aeabi_memset8                                             
00003ec1  __aeabi_uidiv                                               
00003ec1  __aeabi_uidivmod                                            
ffffffff  __binit__                                                   
ffffffff  __c_args__                                                  
2000fd00  __stack                                                     
00004d6d  _args_main                                                  
000035bd  _c_int00                                                    
20001024  _lock                                                       
00004ec7  _nop                                                        
00004b81  _pthread_cleanup_pop                                        
00002949  _pthread_removeThreadKeys                                   
00004ebf  _register_lock                                              
00004eb9  _register_unlock                                            
20001028  _unlock                                                     
000036c9  abort                                                       
ffffffff  binit                                                       
00003959  copy_in                                                     
000036d1  exit                                                        
00003615  main                                                        
2000107c  main_func_sp                                                
00002811  memcpy                                                      
00002e05  memset                                                      
20000de0  mqList                                                      
00005031  osi_TaskDisable                                             
00004fb1  osi_start                                                   
00004869  pthread_attr_init                                           
000051d9  pthread_attr_setstacksize                                   
00001b39  pthread_create                                              
00002d01  pthread_join                                                
00005101  pthread_self                                                
00004ecd  strcpy                                                      
00004ee1  strlen                                                      
20000f54  ti_sysbios_BIOS_Module__state__V                            
00004cb9  ti_sysbios_BIOS_RtsGateProxy_Handle__label__S               
0000491d  ti_sysbios_BIOS_RtsGateProxy_Object__delete__S              
0000164d  ti_sysbios_BIOS_RtsGateProxy_enter__E                       
000022a5  ti_sysbios_BIOS_RtsGateProxy_leave__E                       
00005231  ti_sysbios_BIOS_RtsGateProxy_query__E                       
000042e5  ti_sysbios_BIOS_atExitFunc__I                               
0000488d  ti_sysbios_BIOS_errorRaiseHook__I                           
00004e61  ti_sysbios_BIOS_exitFunc__I                                 
00004f81  ti_sysbios_BIOS_exit__E                                     
00005241  ti_sysbios_BIOS_linkedWithIncorrectBootLibrary__E           
00003037  ti_sysbios_BIOS_nullFunc__I                                 
000048b1  ti_sysbios_BIOS_registerRTSLock__I                          
000048d5  ti_sysbios_BIOS_removeRTSLock__I                            
000049fd  ti_sysbios_BIOS_rtsLock__I                                  
00004d85  ti_sysbios_BIOS_rtsUnlock__I                                
00004f91  ti_sysbios_BIOS_setCpuFreq__E                               
00004fa1  ti_sysbios_BIOS_setThreadType__E                            
00004315  ti_sysbios_BIOS_startFunc__I                                
00004fb1  ti_sysbios_BIOS_start__E                                    
00006ea8  ti_sysbios_family_arm_m3_Hwi_E_NMI__C                       
00006eac  ti_sysbios_family_arm_m3_Hwi_E_busFault__C                  
00006eb0  ti_sysbios_family_arm_m3_Hwi_E_debugMon__C                  
00006eb4  ti_sysbios_family_arm_m3_Hwi_E_hardFault__C                 
00006eb8  ti_sysbios_family_arm_m3_Hwi_E_memFault__C                  
00006ebc  ti_sysbios_family_arm_m3_Hwi_E_noIsr__C                     
00006ec0  ti_sysbios_family_arm_m3_Hwi_E_reserved__C                  
00006ec4  ti_sysbios_family_arm_m3_Hwi_E_svCall__C                    
00006ec8  ti_sysbios_family_arm_m3_Hwi_E_usageFault__C                
00004c85  ti_sysbios_family_arm_m3_Hwi_Handle__label__S               
20001094  ti_sysbios_family_arm_m3_Hwi_Module_State_0_excActive__A    
20001080  ti_sysbios_family_arm_m3_Hwi_Module_State_0_excContext__A   
20001084  ti_sysbios_family_arm_m3_Hwi_Module_State_0_excStack__A     
00006fd8  ti_sysbios_family_arm_m3_Hwi_Module__id__C                  
00004d9d  ti_sysbios_family_arm_m3_Hwi_Module__startupDone__F         
00004d9d  ti_sysbios_family_arm_m3_Hwi_Module__startupDone__S         
20000e9c  ti_sysbios_family_arm_m3_Hwi_Module__state__V               
00003869  ti_sysbios_family_arm_m3_Hwi_Module_startup__E              
00006ecc  ti_sysbios_family_arm_m3_Hwi_NUM_INTERRUPTS__C              
00006ed0  ti_sysbios_family_arm_m3_Hwi_Object__count__C               
00004ef5  ti_sysbios_family_arm_m3_Hwi_Object__get__S                 
20000fb4  ti_sysbios_family_arm_m3_Hwi_Object__table__V               
00006ed4  ti_sysbios_family_arm_m3_Hwi_ccr__C                         
000032b9  ti_sysbios_family_arm_m3_Hwi_dispatchC__I                   
20000940  ti_sysbios_family_arm_m3_Hwi_dispatchTable                  
00001c25  ti_sysbios_family_arm_m3_Hwi_dispatch__I                    
000051e1  ti_sysbios_family_arm_m3_Hwi_doSwiRestore__I                
000051f9  ti_sysbios_family_arm_m3_Hwi_doTaskRestore__I               
00003b39  ti_sysbios_family_arm_m3_Hwi_enableInterrupt__E             
00000ee9  ti_sysbios_family_arm_m3_Hwi_excBusFault__I                 
000022a9  ti_sysbios_family_arm_m3_Hwi_excDebugMon__I                 
00000041  ti_sysbios_family_arm_m3_Hwi_excDumpRegs__I                 
00001539  ti_sysbios_family_arm_m3_Hwi_excFillContext__I              
00004a1d  ti_sysbios_family_arm_m3_Hwi_excHandlerAsm__I               
00006ed8  ti_sysbios_family_arm_m3_Hwi_excHandlerFunc__C              
00001651  ti_sysbios_family_arm_m3_Hwi_excHandlerMax__I               
00004a41  ti_sysbios_family_arm_m3_Hwi_excHandler__I                  
00002361  ti_sysbios_family_arm_m3_Hwi_excHardFault__I                
00006e80  ti_sysbios_family_arm_m3_Hwi_excHookFuncs__A                
00006edc  ti_sysbios_family_arm_m3_Hwi_excHookFuncs__C                
000011b9  ti_sysbios_family_arm_m3_Hwi_excMemFault__I                 
000041a1  ti_sysbios_family_arm_m3_Hwi_excNmi__I                      
000040c1  ti_sysbios_family_arm_m3_Hwi_excNoIsr__I                    
00003b81  ti_sysbios_family_arm_m3_Hwi_excReserved__I                 
00004001  ti_sysbios_family_arm_m3_Hwi_excSvCall__I                   
00001061  ti_sysbios_family_arm_m3_Hwi_excUsageFault__I               
00003ce9  ti_sysbios_family_arm_m3_Hwi_getStackInfo__E                
00002af9  ti_sysbios_family_arm_m3_Hwi_initNVIC__E                    
0000366d  ti_sysbios_family_arm_m3_Hwi_initStacks__E                  
00006ee0  ti_sysbios_family_arm_m3_Hwi_nullIsrFunc__C                 
e000e000  ti_sysbios_family_arm_m3_Hwi_nvic                           
00004789  ti_sysbios_family_arm_m3_Hwi_pendSV__I                      
00002b81  ti_sysbios_family_arm_m3_Hwi_postInit__I                    
00006ee4  ti_sysbios_family_arm_m3_Hwi_priGroup__C                    
20000000  ti_sysbios_family_arm_m3_Hwi_ramVectors                     
00000000  ti_sysbios_family_arm_m3_Hwi_resetVectors                   
000047ad  ti_sysbios_family_arm_m3_Hwi_return                         
000051e9  ti_sysbios_family_arm_m3_Hwi_startup__E                     
00004f09  ti_sysbios_family_arm_m3_Hwi_switchFromBootStack__E         
0000235d  ti_sysbios_family_arm_m3_TaskSupport_Module__startupDone__S 
000029dd  ti_sysbios_family_arm_m3_TaskSupport_buildTaskStack         
00005111  ti_sysbios_family_arm_m3_TaskSupport_checkStack__E          
00005121  ti_sysbios_family_arm_m3_TaskSupport_getStackAlignment__E   
00004fc1  ti_sysbios_family_arm_m3_TaskSupport_glue                   
00006ee8  ti_sysbios_family_arm_m3_TaskSupport_stackAlignment__C      
00004349  ti_sysbios_family_arm_m3_TaskSupport_start__E               
00004db5  ti_sysbios_family_arm_m3_TaskSupport_swap__E                
20001000  ti_sysbios_family_arm_msp432_ClockFreqs_Module__state__V    
000048f9  ti_sysbios_family_arm_msp432_ClockFreqs_setFrequency__E     
00003d31  ti_sysbios_family_arm_msp432_Seconds_Module_startup__E      
20000f78  ti_sysbios_family_arm_msp432_Timer_Module_State_0_device__A 
20000fe4  ti_sysbios_family_arm_msp432_Timer_Module_State_0_handles__A
00004dcd  ti_sysbios_family_arm_msp432_Timer_Module__startupDone__F   
00004dcd  ti_sysbios_family_arm_msp432_Timer_Module__startupDone__S   
2000100c  ti_sysbios_family_arm_msp432_Timer_Module__state__V         
00003f01  ti_sysbios_family_arm_msp432_Timer_Module_startup__E        
20000d44  ti_sysbios_family_arm_msp432_Timer_Object__table__V         
00005131  ti_sysbios_family_arm_msp432_Timer_getMaxTicks__E           
00003719  ti_sysbios_family_arm_msp432_Timer_initDevice__I            
00006eec  ti_sysbios_family_arm_msp432_Timer_numTimerDevices__C       
00002581  ti_sysbios_family_arm_msp432_Timer_periodicStub__E          
000039a9  ti_sysbios_family_arm_msp432_Timer_postInit__I              
000039f9  ti_sysbios_family_arm_msp432_Timer_start__E                 
00006ef0  ti_sysbios_family_arm_msp432_Timer_startupNeeded__C         
00003f41  ti_sysbios_family_arm_msp432_Timer_startup__E               
00003771  ti_sysbios_family_arm_msp432_init_Boot_configureClocksHigh  
00004fd1  ti_sysbios_family_arm_msp432_init_Boot_disableWatchdog      
000050bf  ti_sysbios_family_arm_msp432_init_Boot_init__I              
00004b41  ti_sysbios_family_xxx_Hwi_switchAndRunFunc                  
00004c9f  ti_sysbios_gates_GateHwi_Handle__label__S                   
00005249  ti_sysbios_gates_GateHwi_Instance_init__E                   
[...]
00004db5  ti_sysbios_family_arm_m3_TaskSupport_swap__E                
00004db5  ti_sysbios_knl_Task_SupportProxy_swap__E                    
00004dc1  ti_sysbios_knl_Task_swapReturn                              
00004dcd  ti_sysbios_family_arm_msp432_Timer_Module__startupDone__F   
00004dcd  ti_sysbios_family_arm_msp432_Timer_Module__startupDone__S   
00004dcd  ti_sysbios_knl_Clock_TimerProxy_Module__startupDone__S      
00004de9  ti_sysbios_gates_GateMutex_leave__E                         
00004e01  ti_sysbios_knl_Task_sleepTimeout__I                         
00004e19  xdc_runtime_Error_check__E                                  
00004e31  xdc_runtime_System_exit__E                                  
00004e49  xdc_runtime_Text_ropeText__E                                
00004e61  ti_sysbios_BIOS_exitFunc__I                                 
00004e79  ti_sysbios_knl_Task_unblock__E                              
00004e91  Power_idleFunc                                              
00004ea5  WDT_A_startTimer                                            
00004eb9  _register_unlock                                            
00004ebf  _register_lock                                              
00004ec7  _nop                                                        
00004ecd  strcpy                                                      
00004ee1  strlen                                                      
00004ef5  ti_sysbios_family_arm_m3_Hwi_Object__get__S                 
00004f09  ti_sysbios_family_arm_m3_Hwi_switchFromBootStack__E         
00004f09  ti_sysbios_hal_Hwi_HwiProxy_switchFromBootStack__E          
00004f1d  ti_sysbios_heaps_HeapMem_Object__get__S                     
00004f31  ti_sysbios_knl_Swi_Object__get__S                           
00004f49  ti_sysbios_hal_Hwi_Module_startup__E                        
00004f5b  xdc_runtime_Startup_exec__I                                 
00004f6d  PCM_gotoLPM4                                                
00004f81  ti_sysbios_BIOS_exit__E                                     
00004f91  ti_sysbios_BIOS_setCpuFreq__E                               
00004fa1  ti_sysbios_BIOS_setThreadType__E                            
00004fb1  osi_start                                                   
00004fb1  ti_sysbios_BIOS_start__E                                    
00004fc1  ti_sysbios_family_arm_m3_TaskSupport_glue                   
00004fd1  ti_sysbios_family_arm_msp432_init_Boot_disableWatchdog      
00004fe1  ti_sysbios_gates_GateMutex_Instance_finalize__E             
00004ff1  ti_sysbios_knl_Mailbox_Object__get__S                       
00005001  ti_sysbios_knl_Semaphore_Instance_finalize__E               
00005011  ti_sysbios_knl_Swi_disable__E                               
00005021  ti_sysbios_knl_Task_Object__get__S                          
00005031  osi_TaskDisable                                             
00005031  ti_sysbios_knl_Task_disable__E                              
00005041  xdc_runtime_Gate_leaveSystem__E                             
00005051  xdc_runtime_Memory_free__E                                  
00005061  xdc_runtime_SysMin_ready__E                                 
00005061  xdc_runtime_System_SupportProxy_ready__E                    
00005071  xdc_runtime_System_vsnprintf__E                             
00005081  xdc_runtime_Text_visitRope__I                               
00005091  __TI_decompress_none                                        
000050a1  ti_sysbios_knl_Idle_loop__E                                 
000050b1  ti_sysbios_knl_Queue_empty__E                               
000050bf  ti_sysbios_family_arm_msp432_init_Boot_init__I              
000050bf  xdc_runtime_Startup_reset__I                                
000050cb  CPU_cpsid                                                   
000050d7  CPU_cpsie                                                   
000050e5  PCM_getPowerState                                           
000050f1  Power_getConstraintMask                                     
00005101  pthread_self                                                
00005111  ti_sysbios_family_arm_m3_TaskSupport_checkStack__E          
00005111  ti_sysbios_knl_Task_SupportProxy_checkStack__E              
00005121  ti_sysbios_family_arm_m3_TaskSupport_getStackAlignment__E   
00005121  ti_sysbios_knl_Task_SupportProxy_getStackAlignment__E       
00005131  ti_sysbios_family_arm_msp432_Timer_getMaxTicks__E           
00005141  ti_sysbios_gates_GateHwi_enter__E                           
0000514d  ti_sysbios_knl_Queue_Object__get__S                         
00005159  ti_sysbios_knl_Semaphore_Params__init__S                    
00005165  ti_sysbios_knl_Task_Params__init__S                         
00005171  xdc_runtime_Error_init__E                                   
0000517d  xdc_runtime_Gate_enterSystem__E                             
00005189  xdc_runtime_Memory_calloc__E                                
00005195  xdc_runtime_Memory_getMaxDefaultTypeAlign__E                
000051a1  xdc_runtime_Startup_rtsDone__E                              
000051ad  xdc_runtime_Memory_HeapProxy_alloc__E                       
000051b7  xdc_runtime_Memory_HeapProxy_free__E                        
000051c1  MSP_EXP432P401R_initGeneral                                 
000051c9  PCM_setPowerMode                                            
000051d1  PCM_setPowerState                                           
000051d9  pthread_attr_setstacksize                                   
000051e1  ti_sysbios_family_arm_m3_Hwi_doSwiRestore__I                
000051e9  ti_sysbios_family_arm_m3_Hwi_startup__E                     
000051e9  ti_sysbios_hal_Hwi_HwiProxy_startup__E                      
000051f1  __TI_decompress_rle24                                       
000051f9  ti_sysbios_family_arm_m3_Hwi_doTaskRestore__I               
00005201  ti_sysbios_gates_GateHwi_leave__E                           
00005209  ti_sysbios_heaps_HeapMem_isBlocking__E                      
00005211  ti_sysbios_knl_Queue_Instance_init__E                       
00005219  ti_sysbios_knl_Swi_startup__E                               
0000521f  xdc_runtime_System_Module_startup__E                        
00005229  ti_sysbios_gates_GateHwi_query__E                           
00005229  xdc_runtime_Main_Module_GateProxy_query__E                  
00005229  xdc_runtime_System_Module_GateProxy_query__E                
00005231  ti_sysbios_BIOS_RtsGateProxy_query__E                       
00005231  ti_sysbios_gates_GateMutex_query__E                         
00005231  ti_sysbios_heaps_HeapMem_Module_GateProxy_query__E          
00005239  ti_sysbios_knl_Task_startup__E                              
00005241  ti_sysbios_BIOS_linkedWithIncorrectBootLibrary__E           
00005249  ti_sysbios_gates_GateHwi_Instance_init__E                   
00005251  ti_sysbios_knl_Clock_logTick__E                             
00005254  xdc_runtime_Text_charTab__A                                 
00006b1c  xdc_runtime_Text_nodeTab__A                                 
00006c2c  ti_sysbios_knl_Task_Object__PARAMS__C                       
00006c68  ti_sysbios_heaps_HeapMem_Module__FXNS__C                    
00006c90  xdc_runtime_Startup_sfxnTab__A                              
00006cb8  ti_sysbios_gates_GateHwi_Module__FXNS__C                    
00006cdc  ti_sysbios_gates_GateMutex_Module__FXNS__C                  
00006d00  ti_sysbios_heaps_HeapMem_Object__PARAMS__C                  
00006d24  ti_sysbios_knl_Semaphore_Object__PARAMS__C                  
00006d48  ti_sysbios_gates_GateHwi_Object__DESC__C                    
00006d68  ti_sysbios_gates_GateMutex_Object__DESC__C                  
00006d88  ti_sysbios_heaps_HeapMem_Object__DESC__C                    
00006da8  ti_sysbios_knl_Queue_Object__DESC__C                        
00006dc8  ti_sysbios_knl_Semaphore_Object__DESC__C                    
00006de8  ti_sysbios_knl_Task_Object__DESC__C                         
00006e08  ti_sysbios_gates_GateHwi_Object__PARAMS__C                  
00006e20  ti_sysbios_gates_GateMutex_Object__PARAMS__C                
00006e38  ti_sysbios_knl_Queue_Object__PARAMS__C                      
00006e50  xdc_runtime_Startup_sfxnRts__A                              
00006e64  PowerMSP432_config                                          
00006e74  xdc_runtime_Startup_firstFxns__A                            
00006e80  ti_sysbios_family_arm_m3_Hwi_excHookFuncs__A                
00006e88  ti_sysbios_knl_Idle_funcList__A                             
00006e90  ti_sysbios_knl_Idle_funcList__C                             
00006e98  xdc_runtime_Startup_firstFxns__C                            
00006ea0  xdc_runtime_Startup_lastFxns__C                             
00006ea8  ti_sysbios_family_arm_m3_Hwi_E_NMI__C                       
00006eac  ti_sysbios_family_arm_m3_Hwi_E_busFault__C                  
00006eb0  ti_sysbios_family_arm_m3_Hwi_E_debugMon__C                  
00006eb4  ti_sysbios_family_arm_m3_Hwi_E_hardFault__C                 
00006eb8  ti_sysbios_family_arm_m3_Hwi_E_memFault__C                  
00006ebc  ti_sysbios_family_arm_m3_Hwi_E_noIsr__C                     
00006ec0  ti_sysbios_family_arm_m3_Hwi_E_reserved__C                  
00006ec4  ti_sysbios_family_arm_m3_Hwi_E_svCall__C                    
00006ec8  ti_sysbios_family_arm_m3_Hwi_E_usageFault__C                
00006ecc  ti_sysbios_family_arm_m3_Hwi_NUM_INTERRUPTS__C              
00006ed0  ti_sysbios_family_arm_m3_Hwi_Object__count__C               
00006ed4  ti_sysbios_family_arm_m3_Hwi_ccr__C                         
00006ed8  ti_sysbios_family_arm_m3_Hwi_excHandlerFunc__C              
00006edc  ti_sysbios_family_arm_m3_Hwi_excHookFuncs__C                
00006ee0  ti_sysbios_family_arm_m3_Hwi_nullIsrFunc__C                 
00006ee4  ti_sysbios_family_arm_m3_Hwi_priGroup__C                    
00006ee8  ti_sysbios_family_arm_m3_TaskSupport_stackAlignment__C      
00006eec  ti_sysbios_family_arm_msp432_Timer_numTimerDevices__C       
00006ef0  ti_sysbios_family_arm_msp432_Timer_startupNeeded__C         
00006ef4  ti_sysbios_gates_GateMutex_Instance_State_sem__O            
00006ef8  ti_sysbios_hal_Hwi_E_stackOverflow__C                       
00006efc  ti_sysbios_heaps_HeapMem_E_memory__C                        
00006f00  ti_sysbios_heaps_HeapMem_Module__gateObj__C                 
00006f04  ti_sysbios_heaps_HeapMem_Object__count__C                   
00006f08  ti_sysbios_heaps_HeapMem_reqAlign__C                        
00006f0c  ti_sysbios_knl_Clock_Module_State_clockQ__O                 
00006f10  ti_sysbios_knl_Clock_tickPeriod__C                          
00006f14  ti_sysbios_knl_Mailbox_Instance_State_freeQue__O            
00006f18  ti_sysbios_knl_Mailbox_Object__count__C                     
00006f1c  ti_sysbios_knl_Mailbox_maxTypeAlign__C                      
00006f20  ti_sysbios_knl_Semaphore_Instance_State_pendQ__O            
00006f24  ti_sysbios_knl_Swi_Object__count__C                         
00006f28  ti_sysbios_knl_Task_E_spOutOfBounds__C                      
00006f2c  ti_sysbios_knl_Task_E_stackOverflow__C                      
00006f30  ti_sysbios_knl_Task_Module_State_inactiveQ__O               
00006f34  ti_sysbios_knl_Task_Object__count__C                        
00006f38  ti_sysbios_knl_Task_Object__heap__C                         
00006f3c  ti_sysbios_knl_Task_allBlockedFunc__C                       
00006f40  ti_sysbios_knl_Task_defaultStackHeap__C                     
00006f44  ti_sysbios_knl_Task_defaultStackSize__C                     
00006f48  ti_sysbios_knl_Task_numConstructedTasks__C                  
00006f4c  xdc_runtime_Assert_E_assertFailed__C                        
00006f50  xdc_runtime_Core_A_initializedParams__C                     
00006f54  xdc_runtime_Core_Module__diagsEnabled__C                    
00006f58  xdc_runtime_Core_Module__diagsIncluded__C                   
00006f5c  xdc_runtime_Core_Module__diagsMask__C                       
00006f60  xdc_runtime_Error_E_memory__C                               
00006f64  xdc_runtime_Error_Module__diagsEnabled__C                   
00006f68  xdc_runtime_Error_Module__diagsIncluded__C                  
00006f6c  xdc_runtime_Error_Module__diagsMask__C                      
00006f70  xdc_runtime_Error_Module__loggerFxn8__C                     
00006f74  xdc_runtime_Error_Module__loggerObj__C                      
00006f78  xdc_runtime_Error_policyFxn__C                              
00006f7c  xdc_runtime_Error_raiseHook__C                              
00006f80  xdc_runtime_IGateProvider_Interface__BASE__C                
00006f84  xdc_runtime_IHeap_Interface__BASE__C                        
00006f88  xdc_runtime_IModule_Interface__BASE__C                      
00006f8c  xdc_runtime_Log_L_error__C                                  
00006f90  xdc_runtime_Memory_defaultHeapInstance__C                   
00006f94  xdc_runtime_Startup_execImpl__C                             
00006f98  xdc_runtime_Startup_maxPasses__C                            
00006f9c  xdc_runtime_Startup_sfxnRts__C                              
00006fa0  xdc_runtime_Startup_sfxnTab__C                              
00006fa4  xdc_runtime_SysMin_bufSize__C                               
00006fa8  xdc_runtime_SysMin_outputFunc__C                            
00006fac  xdc_runtime_System_Module__gateObj__C                       
00006fb0  xdc_runtime_System_abortFxn__C                              
00006fb4  xdc_runtime_System_exitFxn__C                               
00006fb8  xdc_runtime_System_extendFxn__C                             
00006fbc  xdc_runtime_System_maxAtexitHandlers__C                     
00006fc0  xdc_runtime_Text_charTab__C                                 
00006fc4  xdc_runtime_Text_nameEmpty__C                               
00006fc8  xdc_runtime_Text_nameStatic__C                              
00006fcc  xdc_runtime_Text_nameUnknown__C                             
00006fd0  xdc_runtime_Text_nodeTab__C                                 
00006fd4  xdc_runtime_Text_visitRopeFxn__C                            
00006fd8  ti_sysbios_family_arm_m3_Hwi_Module__id__C                  
00006fda  ti_sysbios_hal_Hwi_Module__id__C                            
00006fdc  ti_sysbios_heaps_HeapMem_Module__id__C                      
00006fde  ti_sysbios_knl_Task_Module__id__C                           
00006fe0  xdc_runtime_Core_Module__id__C                              
00006fe2  xdc_runtime_Error_Module__loggerDefined__C                  
00006fe4  xdc_runtime_Error_maxDepth__C                               
00006fe6  xdc_runtime_Memory_Module__id__C                            
00006fe8  xdc_runtime_SysMin_flushAtExit__C                           
00006fea  xdc_runtime_Text_charCnt__C                                 
00006fec  xdc_runtime_Text_isLoaded__C                                
00006fee  xdc_runtime_Text_registryModsLastId__C                      
00006ff0  xdc_runtime_Text_unnamedModsLastId__C                       
00006ff2  xdc_runtime_Error_policy__C                                 
00006ff8  __TI_static_base__                                          
00007374  __TI_Handler_Table_Base                                     
0000737c  __TI_CINIT_Base                                             
0000737c  __TI_Handler_Table_Limit                                    
00007394  __TI_CINIT_Limit                                            
20000000  ti_sysbios_family_arm_m3_Hwi_ramVectors                     
20000140  ti_sysbios_heaps_HeapMem_Instance_State_0_buf__A            
20000540  ti_sysbios_knl_Task_Instance_State_0_stack__A               
20000740  xdc_runtime_SysMin_Module_State_0_outbuf__A                 
20000940  ti_sysbios_family_arm_m3_Hwi_dispatchTable                  
20000a80  __CIOBUF_                                                   
20000ba8  PowerMSP432_perfLevels                                      
20000c44  ti_sysbios_knl_Swi_Module_State_0_readyQ__A                 
20000cc4  ti_sysbios_knl_Task_Module_State_0_readyQ__A                
20000d44  ti_sysbios_family_arm_msp432_Timer_Object__table__V         
20000d90  ti_sysbios_knl_Task_Object__table__V                        
20000de0  mqList                                                      
20000e20  ti_sysbios_knl_Task_Module__state__V                        
20000e64  ti_sysbios_gates_GateMutex_Object__table__V                 
20000e9c  ti_sysbios_family_arm_m3_Hwi_Module__state__V               
20000ed0  ti_sysbios_knl_Swi_Object__table__V                         
20000f00  ti_sysbios_knl_Clock_Module__state__V                       
20000f2c  PowerMSP432_module                                          
20000f54  ti_sysbios_BIOS_Module__state__V                            
20000f78  ti_sysbios_family_arm_msp432_Timer_Module_State_0_device__A 
20000f98  ti_sysbios_knl_Swi_Module__state__V                         
20000fb4  ti_sysbios_family_arm_m3_Hwi_Object__table__V               
20000fcc  ti_sysbios_heaps_HeapMem_Object__table__V                   
20000fe4  ti_sysbios_family_arm_msp432_Timer_Module_State_0_handles__A
20000ff4  __TI_cleanup_ptr                                            
20000ff8  __TI_dtors_ptr                                              
20000ffc  __TI_enable_exit_profile_output                             
20001000  ti_sysbios_family_arm_msp432_ClockFreqs_Module__state__V    
2000100c  ti_sysbios_family_arm_msp432_Timer_Module__state__V         
20001018  xdc_runtime_SysMin_Module__state__V                         
20001024  _lock                                                       
20001028  _unlock                                                     
2000102c  ti_sysbios_gates_GateHwi_Module__root__V                    
20001034  ti_sysbios_gates_GateMutex_Module__root__V                  
2000103c  ti_sysbios_heaps_HeapMem_Module__root__V                    
20001044  ti_sysbios_knl_Queue_Module__root__V                        
2000104c  ti_sysbios_knl_Semaphore_Module__root__V                    
20001054  ti_sysbios_knl_Task_Module__root__V                         
2000105c  xdc_runtime_Registry_Module__state__V                       
20001064  xdc_runtime_Startup_Module__state__V                        
2000106c  xdc_runtime_System_Module_State_0_atexitHandlers__A         
20001074  xdc_runtime_System_Module__state__V                         
2000107c  main_func_sp                                                
20001080  ti_sysbios_family_arm_m3_Hwi_Module_State_0_excContext__A   
20001084  ti_sysbios_family_arm_m3_Hwi_Module_State_0_excStack__A     
20001088  ti_sysbios_gates_GateHwi_Object__table__V                   
2000108c  ti_sysbios_knl_Task_Module_State_0_idleTask__A              
20001090  xdc_runtime_Memory_Module__state__V                         
20001094  ti_sysbios_family_arm_m3_Hwi_Module_State_0_excActive__A    
20001096  xdc_runtime_Error_Module__state__V                          
2000fd00  __stack                                                     
20010000  __STACK_END                                                 
4000480c  WDTCTL_SYM                                                  
e000e000  ti_sysbios_family_arm_m3_Hwi_nvic                           
ffffffff  __TI_pprof_out_hndl                                         
ffffffff  __TI_prof_data_size                                         
ffffffff  __TI_prof_data_start                                        
ffffffff  __binit__                                                   
ffffffff  __c_args__                                                  
ffffffff  binit                                                       
UNDEFED   SHT$$INIT_ARRAY$$Base                                       
UNDEFED   SHT$$INIT_ARRAY$$Limit                                      

[538 symbols]
