******************************************************************************
                  TI ARM Linker PC v15.12.3                    
******************************************************************************
>> Linked Mon Oct 31 09:18:58 2016

OUTPUT FILE NAME:   <hello_posix.out>
ENTRY POINT SYMBOL: "_c_int00"  address: 000035a5


MEMORY CONFIGURATION

         name            origin    length      used     unused   attr    fill
----------------------  --------  ---------  --------  --------  ----  --------
  MAIN                  00000000   00040000  00007359  00038ca7  R  X
  INFO                  00200000   00004000  00000000  00004000  R  X
  SRAM_CODE             01000000   00010000  00000000  00010000  RW X
  SRAM_DATA             20000000   00010000  000013d8  0000ec28  RW  


SEGMENT ALLOCATION MAP

run origin  load origin   length   init length attrs members
----------  ----------- ---------- ----------- ----- -------
00000000    00000000    00007364   00007364    r-x
  00000000    00000000    0000003c   0000003c    r-- .resetVecs
  00000040    00000040    000051e2   000051e2    r-x .text
  00005224    00005224    00001d9f   00001d9f    r-- .const
  00006fc8    00006fc8    0000039c   0000039c    r-- .cinit
20000000    20000000    000010d8   00000000    rw-
  20000000    20000000    00000140   00000000    rw- .vecs
  20000140    20000140    00000aa8   00000000    rw- .bss
  20000be8    20000be8    000004f0   00000000    rw- .data
2000fd00    2000fd00    00000300   00000000    rw-
  2000fd00    2000fd00    00000300   00000000    rw- .stack


SECTION ALLOCATION MAP

 output                                  attributes/
section   page    origin      length       input sections
--------  ----  ----------  ----------   ----------------
.text      0    00000040    000051e2     
                  00000040    00000430     sysbios.aem4f : BIOS.obj (.text:ti_sysbios_family_arm_m3_Hwi_excDumpRegs__I)
                  00000470    0000034c     ti.targets.arm.rtsarm.aem4f : System.oem4f (.text:xdc_runtime_System_doPrint__I)
                  000007bc    00000324     rtsv7M4_T_le_v4SPD16_eabi.lib : trgdrv.obj (.text)
                  00000ae0    00000264     drivers_MSP432P401R.aem4f : PowerMSP432.oem4f (.text:Power_sleep)
                  00000d44    000001a0     msp432p4xx_driverlib.lib : pcm.o (.text:__PCM_setPowerStateAdvanced)
                  00000ee4    00000004                              : cpu.o (.text:CPU_wfi)
                  00000ee8    00000174     sysbios.aem4f : BIOS.obj (.text:ti_sysbios_family_arm_m3_Hwi_excBusFault__I)
                  0000105c    00000004     drivers_MSP432P401R.aem4f : List.oem4f (.text:List_head)
                  00001060    00000154     sysbios.aem4f : BIOS.obj (.text:ti_sysbios_family_arm_m3_Hwi_excUsageFault__I)
                  000011b4    00000004     drivers_MSP432P401R.aem4f : List.oem4f (.text:List_next)
                  000011b8    00000138     sysbios.aem4f : BIOS.obj (.text:ti_sysbios_family_arm_m3_Hwi_excMemFault__I)
                  000012f0    00000130                   : BIOS.obj (.text:ti_sysbios_knl_Semaphore_pend__E)
                  00001420    00000118     ti.targets.arm.rtsarm.aem4f : Error.oem4f (.text:xdc_runtime_Error_policyDefault__E)
                  00001538    00000114     sysbios.aem4f : BIOS.obj (.text:ti_sysbios_family_arm_m3_Hwi_excFillContext__I)
                  0000164c    00000004     hello_pem4f.oem4f (.text:ti_sysbios_BIOS_RtsGateProxy_enter__E)
                  00001650    00000108     sysbios.aem4f : BIOS.obj (.text:ti_sysbios_family_arm_m3_Hwi_excHandlerMax__I)
                  00001758    00000100     ti.targets.arm.rtsarm.aem4f : Core-mem.oem4f (.text:xdc_runtime_Core_createObject__I)
                  00001858    000000f8                                 : Startup.oem4f (.text:xdc_runtime_Startup_startMods__I)
                  00001950    000000f8     hello_pem4f.oem4f (.text:xdc_runtime_System_printfExtend__I)
                  00001a48    000000f0     drivers_MSP432P401R.aem4f : PowerMSP432.oem4f (.text:initPerfControl)
                  00001b38    000000ec     sysbios.aem4f : BIOS.obj (.text:pthread_create)
                  00001c24    000000ec                   : m3_Hwi_asm.obj (.text:ti_sysbios_family_arm_m3_Hwi_dispatch__I)
                  00001d10    000000e0     msp432p4xx_driverlib.lib : cs.o (.text:CS_initClockSignal)
                  00001df0    000000dc                              : pcm.o (.text:__PCM_setPowerModeAdvanced)
                  00001ecc    000000cc     ti.targets.arm.rtsarm.aem4f : Core-smem.oem4f (.text:xdc_runtime_Core_constructObject__I)
                  00001f98    000000c8     sysbios.aem4f : BIOS.obj (.text:ti_sysbios_heaps_HeapMem_alloc__E)
                  00002060    000000c8                   : BIOS.obj (.text:ti_sysbios_knl_Task_Instance_init__E)
                  00002128    000000c0                   : BIOS.obj (.text:ti_sysbios_knl_Task_sleep__E)
                  000021e8    000000bc                   : BIOS.obj (.text:ti_sysbios_knl_Task_Instance_finalize__E)
                  000022a4    00000004     hello_pem4f.oem4f (.text:ti_sysbios_BIOS_RtsGateProxy_leave__E)
                  000022a8    000000b4     sysbios.aem4f : BIOS.obj (.text:ti_sysbios_family_arm_m3_Hwi_excDebugMon__I)
                  0000235c    00000004     hello_pem4f.oem4f (.text:ti_sysbios_family_arm_m3_TaskSupport_Module__startupDone__S)
                  00002360    000000b4     sysbios.aem4f : BIOS.obj (.text:ti_sysbios_family_arm_m3_Hwi_excHardFault__I)
                  00002414    00000004     hello_pem4f.oem4f (.text:ti_sysbios_heaps_HeapMem_Module_GateProxy_enter__E)
                  00002418    000000b4     sysbios.aem4f : BIOS.obj (.text:ti_sysbios_knl_Task_checkStacks__E)
                  000024cc    000000b0     msp432p4xx_driverlib.lib : pcm.o (.text:__PCM_setCoreVoltageLevelAdvanced)
                  0000257c    00000004     hello_pem4f.oem4f (.text:ti_sysbios_heaps_HeapMem_Module_GateProxy_leave__E)
                  00002580    000000b0     sysbios.aem4f : BIOS.obj (.text:ti_sysbios_family_arm_msp432_Timer_periodicStub__E)
                  00002630    000000a0     auto_init.aem4f : auto_init.oem4f (.text)
                  000026d0    000000a0     sysbios.aem4f : BIOS.obj (.text:ti_sysbios_knl_Task_setPri__E)
                  00002770    000000a0     ti.targets.arm.rtsarm.aem4f : Text.oem4f (.text:xdc_runtime_Text_putMod__E)
                  00002810    0000009c     rtsv7M4_T_le_v4SPD16_eabi.lib : memcpy_t2.obj (.text)
                  000028ac    0000009a     ti.targets.arm.rtsarm.aem4f : Text.oem4f (.text:xdc_runtime_Text_putSite__E)
                  00002946    00000002     power_tirtos_MSP432P401R.aem4f : PowerMSP432_tirtos.oem4f (.text:PowerMSP432_initPolicy)
                  00002948    00000094     sysbios.aem4f : BIOS.obj (.text:_pthread_removeThreadKeys)
                  000029dc    0000008c                   : m3_TaskSupport_asm.obj (.text:ti_sysbios_family_arm_m3_TaskSupport_buildTaskStack)
                  00002a68    0000008c                   : BIOS.obj (.text:ti_sysbios_knl_Task_postInit__I)
                  00002af4    00000004     hello_pem4f.oem4f (.text:ti_sysbios_knl_Clock_TimerProxy_getMaxTicks__E)
                  00002af8    00000084     sysbios.aem4f : BIOS.obj (.text:ti_sysbios_family_arm_m3_Hwi_initNVIC__E)
                  00002b7c    00000004     hello_pem4f.oem4f (.text:ti_sysbios_knl_Queue_destruct)
                  00002b80    00000084     sysbios.aem4f : BIOS.obj (.text:ti_sysbios_family_arm_m3_Hwi_postInit__I)
                  00002c04    0000007c     msp432p4xx_driverlib.lib : pcm.o (.text:PCM_gotoLPM3)
                  00002c80    0000007c     sysbios.aem4f : BIOS.obj (.text:_pthread_runStub$11)
                  00002cfc    00000004     hello_pem4f.oem4f (.text:ti_sysbios_knl_Semaphore_destruct)
                  00002d00    0000007c     sysbios.aem4f : BIOS.obj (.text:ti_sysbios_heaps_HeapMem_free__E)
                  00002d7c    0000007a     rtsv7M4_T_le_v4SPD16_eabi.lib : memset_t2.obj (.text)
                  00002df6    00000002                                   : i_div0.obj (.text)
                  00002df8    00000070     sysbios.aem4f : BIOS.obj (.text:ti_sysbios_knl_Clock_workFunc__E)
                  00002e68    00000070                   : BIOS.obj (.text:ti_sysbios_knl_Semaphore_post__E)
                  00002ed8    00000070                   : BIOS.obj (.text:ti_sysbios_knl_Task_exit__E)
                  00002f48    0000006d     ti.targets.arm.rtsarm.aem4f : System.oem4f (.text:xdc_runtime_System_formatNum__I)
                  00002fb5    00000001     --HOLE-- [fill = 0]
                  00002fb6    00000002     hello_pem4f.oem4f (.text:ti_sysbios_BIOS_nullFunc__I)
                  00002fb8    0000006c     sysbios.aem4f : BIOS.obj (.text:ti_sysbios_knl_Swi_restoreHwi__E)
                  00003024    0000006c     ti.targets.arm.rtsarm.aem4f : Error.oem4f (.text:xdc_runtime_Error_print__E)
                  00003090    0000006c                                 : Memory.oem4f (.text:xdc_runtime_Memory_alloc__E)
                  000030fc    0000006a     rtsv7M4_T_le_v4SPD16_eabi.lib : copy_decompress_rle.obj (.text)
                  00003166    00000002     --HOLE-- [fill = 0]
                  00003168    00000068                                   : trgmsg.obj (.text)
                  000031d0    00000066     ti.targets.arm.rtsarm.aem4f : Core-mem.oem4f (.text:xdc_runtime_Core_deleteObject__I)
                  00003236    00000002     --HOLE-- [fill = 0]
                  00003238    00000064     hello.obj (.text:main)
                  0000329c    00000004     ti.targets.arm.rtsarm.aem4f : Error.oem4f (.text:xdc_runtime_Error_getSite__E)
                  000032a0    00000064     sysbios.aem4f : BIOS.obj (.text:ti_sysbios_family_arm_m3_Hwi_dispatchC__I)
                  00003304    00000004     hello_pem4f.oem4f (.text:xdc_runtime_System_Module_GateProxy_enter__E)
                  00003308    00000064     sysbios.aem4f : BIOS.obj (.text:ti_sysbios_knl_Task_startCore__E)
                  0000336c    00000004     hello_pem4f.oem4f (.text:xdc_runtime_System_Module_GateProxy_leave__E)
                  00003370    00000060     sysbios.aem4f : BIOS.obj (.text:ti_sysbios_knl_Task_schedule__I)
                  000033d0    0000005c                   : BIOS.obj (.text:ti_sysbios_knl_Swi_run__I)
                  0000342c    00000004     ti.targets.arm.rtsarm.aem4f : System.oem4f (.text:xdc_runtime_System_aprintf_va__F)
                  00003430    0000005c     sysbios.aem4f : BIOS.obj (.text:ti_sysbios_knl_Swi_schedule__I)
                  0000348c    00000004     ti.targets.arm.rtsarm.aem4f : System.oem4f (.text:xdc_runtime_System_printf_va__F)
                  00003490    0000005c     sysbios.aem4f : BIOS.obj (.text:ti_sysbios_knl_Task_Module_startup__E)
                  000034ec    0000005c     hello_pem4f.oem4f (.text:ti_sysbios_knl_Task_create)
                  00003548    0000005b     ti.targets.arm.rtsarm.aem4f : Text.oem4f (.text:xdc_runtime_Text_putLab__E)
                  000035a3    00000001     --HOLE-- [fill = 0]
                  000035a4    00000058     boot.aem4f : boot.oem4f (.text)
                  000035fc    00000058     sysbios.aem4f : m3_Hwi_asm_switch.obj (.text:ti_sysbios_family_arm_m3_Hwi_initStacks__E)
                  00003654    00000004     --HOLE-- [fill = 0]
                  00003658    00000054                   : BIOS.obj (.text:pthread_barrier_wait)
                  000036ac    00000054     rtsv7M4_T_le_v4SPD16_eabi.lib : exit.obj (.text)
                  00003700    00000054     sysbios.aem4f : BIOS.obj (.text:ti_sysbios_family_arm_msp432_Timer_initDevice__I)
                  00003754    00000004     --HOLE-- [fill = 0]
                  00003758    00000054                   : BIOS.obj (.text:ti_sysbios_family_arm_msp432_init_Boot_configureClocksHigh)
                  000037ac    00000054     ti.targets.arm.rtsarm.aem4f : Assert.oem4f (.text:xdc_runtime_Assert_raise__I)
                  00003800    00000050     msp432p4xx_driverlib.lib : pcm.o (.text:PCM_shutdownDevice)
                  00003850    00000050     sysbios.aem4f : BIOS.obj (.text:ti_sysbios_family_arm_m3_Hwi_Module_startup__E)
                  000038a0    00000050     ti.targets.arm.rtsarm.aem4f : Startup.oem4f (.text:xdc_runtime_Startup_exec__E)
                  000038f0    00000050                                 : Text.oem4f (.text:xdc_runtime_Text_visitRope2__I)
                  00003940    0000004c     rtsv7M4_T_le_v4SPD16_eabi.lib : cpy_tbl.obj (.text)
                  0000398c    00000004     --HOLE-- [fill = 0]
                  00003990    0000004c     sysbios.aem4f : BIOS.obj (.text:ti_sysbios_family_arm_msp432_Timer_postInit__I)
                  000039dc    00000004     --HOLE-- [fill = 0]
                  000039e0    0000004c                   : BIOS.obj (.text:ti_sysbios_family_arm_msp432_Timer_start__E)
                  00003a2c    00000004     --HOLE-- [fill = 0]
                  00003a30    0000004c                   : BIOS.obj (.text:ti_sysbios_heaps_HeapMem_getStats__E)
                  00003a7c    00000004     --HOLE-- [fill = 0]
                  00003a80    0000004c                   : BIOS.obj (.text:ti_sysbios_knl_Swi_runLoop__I)
                  00003acc    00000004     --HOLE-- [fill = 0]
                  00003ad0    0000004c                   : BIOS.obj (.text:ti_sysbios_knl_Task_allBlockedFunction__I)
                  00003b1c    00000004     --HOLE-- [fill = 0]
                  00003b20    00000048                   : BIOS.obj (.text:ti_sysbios_family_arm_m3_Hwi_enableInterrupt__E)
                  00003b68    00000048                   : BIOS.obj (.text:ti_sysbios_family_arm_m3_Hwi_excReserved__I)
                  00003bb0    00000048                   : BIOS.obj (.text:ti_sysbios_knl_Mailbox_Module_startup__E)
                  00003bf8    00000048                   : BIOS.obj (.text:ti_sysbios_knl_Swi_post__E)
                  00003c40    00000046     ti.targets.arm.rtsarm.aem4f : Core-params.oem4f (.text:xdc_runtime_Core_assignParams__I)
                  00003c86    00000002     --HOLE-- [fill = 0]
                  00003c88    00000044     drivers_MSP432P401R.aem4f : PowerMSP432.oem4f (.text:Power_init)
                  00003ccc    00000004     --HOLE-- [fill = 0]
                  00003cd0    00000044     sysbios.aem4f : BIOS.obj (.text:ti_sysbios_family_arm_m3_Hwi_getStackInfo__E)
                  00003d14    00000004     --HOLE-- [fill = 0]
                  00003d18    00000044                   : BIOS.obj (.text:ti_sysbios_family_arm_msp432_Seconds_Module_startup__E)
                  00003d5c    00000044     ti.targets.arm.rtsarm.aem4f : Error.oem4f (.text:xdc_runtime_Error_setX__E)
                  00003da0    00000044                                 : SysMin.oem4f (.text:xdc_runtime_SysMin_flush__E)
                  00003de4    00000044                                 : Text.oem4f (.text:xdc_runtime_Text_xprintf__I)
                  00003e28    00000040     msp432p4xx_driverlib.lib : flash.o (.text:FlashCtl_disableReadBuffering)
                  00003e68    00000040     drivers_MSP432P401R.aem4f : PowerMSP432.oem4f (.text:notify)
                  00003ea8    00000040     rtsv7M4_T_le_v4SPD16_eabi.lib : u_divt2.obj (.text)
                  00003ee8    00000040     sysbios.aem4f : BIOS.obj (.text:ti_sysbios_family_arm_msp432_Timer_Module_startup__E)
                  00003f28    00000040                   : BIOS.obj (.text:ti_sysbios_family_arm_msp432_Timer_startup__E)
                  00003f68    00000040                   : BIOS.obj (.text:ti_sysbios_heaps_HeapMem_Instance_init__E)
                  00003fa8    0000003c     power_tirtos_MSP432P401R.aem4f : PowerMSP432_tirtos.oem4f (.text:PowerMSP432_sleepPolicy)
                  00003fe4    00000004     --HOLE-- [fill = 0]
                  00003fe8    0000003c     sysbios.aem4f : BIOS.obj (.text:ti_sysbios_family_arm_m3_Hwi_excSvCall__I)
                  00004024    00000004     --HOLE-- [fill = 0]
                  00004028    0000003c                   : BIOS.obj (.text:ti_sysbios_heaps_HeapMem_init__I)
                  00004064    00000004     --HOLE-- [fill = 0]
                  00004068    0000003c                   : BIOS.obj (.text:ti_sysbios_knl_Swi_restore__E)
                  000040a4    00000004     --HOLE-- [fill = 0]
                  000040a8    00000038                   : BIOS.obj (.text:ti_sysbios_family_arm_m3_Hwi_excNoIsr__I)
                  000040e0    00000038     ti.targets.arm.rtsarm.aem4f : SysMin.oem4f (.text:xdc_runtime_SysMin_putch__E)
                  00004118    00000038                                 : System.oem4f (.text:xdc_runtime_System_atexit__E)
                  00004150    00000034     msp432p4xx_driverlib.lib : flash.o (.text:FlashCtl_enableReadBuffering)
                  00004184    00000004     --HOLE-- [fill = 0]
                  00004188    00000034     sysbios.aem4f : BIOS.obj (.text:ti_sysbios_family_arm_m3_Hwi_excNmi__I)
                  000041bc    00000004     --HOLE-- [fill = 0]
                  000041c0    00000034                   : BIOS.obj (.text:ti_sysbios_gates_GateMutex_enter__E)
                  000041f4    00000004     --HOLE-- [fill = 0]
                  000041f8    00000034                   : BIOS.obj (.text:ti_sysbios_hal_Hwi_checkStack)
                  0000422c    00000034     ti.targets.arm.rtsarm.aem4f : Core-label.oem4f (.text:xdc_runtime_Core_assignLabel__I)
                  00004260    00000033                                 : Text.oem4f (.text:xdc_runtime_Text_printVisFxn__I)
                  00004293    00000005     --HOLE-- [fill = 0]
                  00004298    00000032     sysbios.aem4f : BIOS.obj (.text:ti_sysbios_hal_Hwi_initStack)
                  000042ca    00000002     --HOLE-- [fill = 0]
                  000042cc    00000030     hello_pem4f.oem4f (.text:ti_sysbios_BIOS_atExitFunc__I)
                  000042fc    00000030     hello_pem4f.oem4f (.text:ti_sysbios_BIOS_startFunc__I)
                  0000432c    00000004     --HOLE-- [fill = 0]
                  00004330    00000030     sysbios.aem4f : BIOS.obj (.text:ti_sysbios_family_arm_m3_TaskSupport_start__E)
                  00004360    00000030     hello_pem4f.oem4f (.text:ti_sysbios_gates_GateHwi_Object__create__S)
                  00004390    00000030     hello_pem4f.oem4f (.text:ti_sysbios_gates_GateMutex_Object__create__S)
                  000043c0    00000030     hello_pem4f.oem4f (.text:ti_sysbios_heaps_HeapMem_Object__create__S)
                  000043f0    00000030     sysbios.aem4f : BIOS.obj (.text:ti_sysbios_knl_Mailbox_postInit__I)
                  00004420    00000030     hello_pem4f.oem4f (.text:ti_sysbios_knl_Semaphore_construct)
                  00004450    00000030     sysbios.aem4f : BIOS.obj (.text:ti_sysbios_knl_Semaphore_pendTimeout__I)
                  00004480    00000030                   : BIOS.obj (.text:ti_sysbios_knl_Task_processVitalTaskFlag__I)
                  000044b0    00000030                   : BIOS.obj (.text:ti_sysbios_knl_Task_unblockI__E)
                  000044e0    00000030     ti.targets.arm.rtsarm.aem4f : SysMin.oem4f (.text:xdc_runtime_SysMin_abort__E)
                  00004510    00000030                                 : System.oem4f (.text:xdc_runtime_System_processAtExit__E)
                  00004540    0000002c     msp432p4xx_driverlib.lib : pcm.o (.text:PCM_getCoreVoltageLevel)
                  0000456c    0000002c     power_tirtos_MSP432P401R.aem4f : PowerMSP432_tirtos.oem4f (.text:PowerMSP432_updateFreqs)
                  00004598    0000002c     hello.obj (.text:foo)
                  000045c4    0000002c     hello_pem4f.oem4f (.text:ti_sysbios_knl_Clock_doTick__I)
                  000045f0    0000002c     hello_pem4f.oem4f (.text:ti_sysbios_knl_Queue_construct)
                  0000461c    00000004     --HOLE-- [fill = 0]
                  00004620    0000002c     sysbios.aem4f : BIOS.obj (.text:ti_sysbios_knl_Task_restore__E)
                  0000464c    0000002c     ti.targets.arm.rtsarm.aem4f : Text.oem4f (.text:xdc_runtime_Text_cordText__E)
                  00004678    0000002a     msp432p4xx_driverlib.lib : pcm.o (.text:PCM_getPowerMode)
                  000046a2    0000002a     ti.targets.arm.rtsarm.aem4f : System.oem4f (.text:xdc_runtime_System_putchar__I)
                  000046cc    00000028     msp432p4xx_driverlib.lib : flash.o (.text:FlashCtl_setWaitState)
                  000046f4    00000028                              : pcm.o (.text:PCM_gotoLPM0)
                  0000471c    00000004     --HOLE-- [fill = 0]
                  00004720    00000028     sysbios.aem4f : BIOS.obj (.text:ti_sysbios_knl_Clock_addI__E)
                  00004748    00000028                   : BIOS.obj (.text:ti_sysbios_knl_Swi_Module_startup__E)
                  00004770    00000026                   : m3_Hwi_asm.obj (.text:ti_sysbios_family_arm_m3_Hwi_pendSV__I)
                  00004796    00000026     ti.targets.arm.rtsarm.aem4f : System.oem4f (.text:xdc_runtime_System_avprintf__E)
                  000047bc    00000024     msp432p4xx_driverlib.lib : cs.o (.text:CS_setDCOCenteredFrequency)
                  000047e0    00000024                              : rtc_c.o (.text:RTC_C_holdClock)
                  00004804    00000024                              : rtc_c.o (.text:RTC_C_startClock)
                  00004828    00000024     hello_pem4f.oem4f (.text:ti_sysbios_BIOS_errorRaiseHook__I)
                  0000484c    00000024     hello_pem4f.oem4f (.text:ti_sysbios_BIOS_registerRTSLock__I)
                  00004870    00000024     hello_pem4f.oem4f (.text:ti_sysbios_BIOS_removeRTSLock__I)
                  00004894    00000004     --HOLE-- [fill = 0]
                  00004898    00000024     sysbios.aem4f : BIOS.obj (.text:ti_sysbios_family_arm_msp432_ClockFreqs_setFrequency__E)
                  000048bc    00000024     hello_pem4f.oem4f (.text:ti_sysbios_gates_GateMutex_Object__delete__S)
                  000048e0    00000024     sysbios.aem4f : BIOS.obj (.text:ti_sysbios_knl_Clock_Module_startup__E)
                  00004904    00000004     --HOLE-- [fill = 0]
                  00004908    00000024                   : BIOS.obj (.text:ti_sysbios_knl_Semaphore_Instance_init__E)
                  0000492c    00000004     --HOLE-- [fill = 0]
                  00004930    00000024                   : BIOS.obj (.text:ti_sysbios_knl_Task_restoreHwi__E)
                  00004954    00000024     ti.targets.arm.rtsarm.aem4f : System.oem4f (.text:xdc_runtime_System_vprintf__E)
                  00004978    00000022     hello_pem4f.oem4f (.text:xdc_runtime_SysMin_output__I)
                  0000499a    00000006     rtsv7M4_T_le_v4SPD16_eabi.lib : copy_decompress_rle.obj (.text:decompress:rle24)
                  000049a0    00000020     sysbios.aem4f : BIOS.obj (.text:sleep)
                  000049c0    00000020     hello_pem4f.oem4f (.text:ti_sysbios_BIOS_rtsLock__I)
                  000049e0    00000020     sysbios.aem4f : m3_Hwi_asm.obj (.text:ti_sysbios_family_arm_m3_Hwi_excHandlerAsm__I)
                  00004a00    00000020                   : BIOS.obj (.text:ti_sysbios_family_arm_m3_Hwi_excHandler__I)
                  00004a20    00000020     hello_pem4f.oem4f (.text:ti_sysbios_gates_GateHwi_Object__delete__S)
                  00004a40    00000020     hello_pem4f.oem4f (.text:ti_sysbios_heaps_HeapMem_Object__delete__S)
                  00004a60    00000020     sysbios.aem4f : BIOS.obj (.text:ti_sysbios_knl_Idle_run__E)
                  00004a80    00000020     hello_pem4f.oem4f (.text:ti_sysbios_knl_Semaphore_Object__destruct__S)
                  00004aa0    00000020     ti.targets.arm.rtsarm.aem4f : Registry.oem4f (.text:xdc_runtime_Registry_findById__E)
                  00004ac0    00000020                                 : SysMin.oem4f (.text:xdc_runtime_SysMin_Module_startup__E)
                  00004ae0    0000001e     sysbios.aem4f : m3_Hwi_asm_switch.obj (.text:ti_sysbios_family_xxx_Hwi_switchAndRunFunc)
                  00004afe    00000002     --HOLE-- [fill = 0]
                  00004b00    0000001c     msp432p4xx_driverlib.lib : pcm.o (.text:PCM_enableRudeMode)
                  00004b1c    00000004     --HOLE-- [fill = 0]
                  00004b20    0000001c     sysbios.aem4f : BIOS.obj (.text:_pthread_cleanup_pop)
                  00004b3c    00000004     --HOLE-- [fill = 0]
                  00004b40    0000001c                   : BIOS.obj (.text:ti_sysbios_gates_GateMutex_Instance_init__E)
                  00004b5c    0000001c     hello_pem4f.oem4f (.text:ti_sysbios_knl_Queue_Object__destruct__S)
                  00004b78    0000001c     sysbios.aem4f : BIOS.obj (.text:ti_sysbios_knl_Queue_put__E)
                  00004b94    00000004     --HOLE-- [fill = 0]
                  00004b98    0000001c                   : BIOS.obj (.text:ti_sysbios_knl_Task_enter__I)
                  00004bb4    0000001c     ti.targets.arm.rtsarm.aem4f : Error.oem4f (.text:xdc_runtime_Error_raiseX__E)
                  00004bd0    0000001c                                 : Memory.oem4f (.text:xdc_runtime_Memory_valloc__E)
                  00004bec    0000001c                                 : SysMin.oem4f (.text:xdc_runtime_SysMin_exit__E)
                  00004c08    0000001c                                 : System.oem4f (.text:xdc_runtime_System_abort__E)
                  00004c24    0000001a     hello_pem4f.oem4f (.text:ti_sysbios_family_arm_m3_Hwi_Handle__label__S)
                  00004c3e    0000001a     hello_pem4f.oem4f (.text:ti_sysbios_gates_GateHwi_Handle__label__S)
                  00004c58    0000001a     hello_pem4f.oem4f (.text:ti_sysbios_gates_GateMutex_Handle__label__S)
                  00004c72    0000001a     hello_pem4f.oem4f (.text:ti_sysbios_heaps_HeapMem_Handle__label__S)
                  00004c8c    0000001a     hello_pem4f.oem4f (.text:ti_sysbios_knl_Swi_Handle__label__S)
                  00004ca6    0000001a     hello_pem4f.oem4f (.text:ti_sysbios_knl_Task_Handle__label__S)
                  00004cc0    0000001a     hello_pem4f.oem4f (.text:xdc_runtime_System_aprintf__E)
                  00004cda    0000001a     hello_pem4f.oem4f (.text:xdc_runtime_System_printf__E)
                  00004cf4    00000018     msp432p4xx_driverlib.lib : wdt_a.o (.text:WDT_A_holdTimer)
                  00004d0c    00000018     hello.obj (.text:bar)
                  00004d24    00000018     rtsv7M4_T_le_v4SPD16_eabi.lib : args_main.obj (.text)
                  00004d3c    00000018     hello_pem4f.oem4f (.text:ti_sysbios_BIOS_rtsUnlock__I)
                  00004d54    00000018     hello_pem4f.oem4f (.text:ti_sysbios_family_arm_m3_Hwi_Module__startupDone__F)
                  00004d6c    00000018     sysbios.aem4f : m3_TaskSupport_asm.obj (.text:ti_sysbios_family_arm_m3_TaskSupport_swap__E)
                  00004d84    00000018     hello_pem4f.oem4f (.text:ti_sysbios_family_arm_msp432_Timer_Module__startupDone__F)
                  00004d9c    00000004     --HOLE-- [fill = 0]
                  00004da0    00000018     sysbios.aem4f : BIOS.obj (.text:ti_sysbios_gates_GateMutex_leave__E)
                  00004db8    00000018                   : BIOS.obj (.text:ti_sysbios_knl_Task_sleepTimeout__I)
                  00004dd0    00000018     ti.targets.arm.rtsarm.aem4f : Error.oem4f (.text:xdc_runtime_Error_check__E)
                  00004de8    00000018                                 : System.oem4f (.text:xdc_runtime_System_exit__E)
                  00004e00    00000018                                 : Text.oem4f (.text:xdc_runtime_Text_ropeText__E)
                  00004e18    00000016     hello_pem4f.oem4f (.text:ti_sysbios_BIOS_exitFunc__I)
                  00004e2e    00000002     --HOLE-- [fill = 0]
                  00004e30    00000016     sysbios.aem4f : BIOS.obj (.text:ti_sysbios_knl_Task_unblock__E)
                  00004e46    00000002     --HOLE-- [fill = 0]
                  00004e48    00000014     drivers_MSP432P401R.aem4f : PowerMSP432.oem4f (.text:Power_idleFunc)
                  00004e5c    00000014     msp432p4xx_driverlib.lib : wdt_a.o (.text:WDT_A_startTimer)
                  00004e70    00000014     sysbios.aem4f : BIOS.obj (.text:pthread_barrier_init)
                  00004e84    00000014     rtsv7M4_T_le_v4SPD16_eabi.lib : _lock.obj (.text)
                  00004e98    00000014                                   : strcpy.obj (.text)
                  00004eac    00000014                                   : strlen.obj (.text)
                  00004ec0    00000014     sysbios.aem4f : BIOS.obj (.text:sem_init)
                  00004ed4    00000014     hello_pem4f.oem4f (.text:ti_sysbios_family_arm_m3_Hwi_Object__get__S)
                  00004ee8    00000014     sysbios.aem4f : BIOS.obj (.text:ti_sysbios_family_arm_m3_Hwi_switchFromBootStack__E)
                  00004efc    00000014     hello_pem4f.oem4f (.text:ti_sysbios_heaps_HeapMem_Object__get__S)
                  00004f10    00000014     hello_pem4f.oem4f (.text:ti_sysbios_knl_Swi_Object__get__S)
                  00004f24    00000004     --HOLE-- [fill = 0]
                  00004f28    00000012     sysbios.aem4f : BIOS.obj (.text:ti_sysbios_hal_Hwi_Module_startup__E)
                  00004f3a    00000012     hello_pem4f.oem4f (.text:xdc_runtime_Startup_exec__I)
                  00004f4c    00000010     msp432p4xx_driverlib.lib : pcm.o (.text:PCM_gotoLPM4)
                  00004f5c    00000004     --HOLE-- [fill = 0]
                  00004f60    00000010     sysbios.aem4f : BIOS.obj (.text:ti_sysbios_BIOS_exit__E)
                  00004f70    00000010                   : BIOS.obj (.text:ti_sysbios_BIOS_setCpuFreq__E)
                  00004f80    00000010                   : BIOS.obj (.text:ti_sysbios_BIOS_setThreadType__E)
                  00004f90    00000010                   : BIOS.obj (.text:ti_sysbios_BIOS_start__E)
                  00004fa0    00000010                   : m3_TaskSupport_asm.obj (.text:ti_sysbios_family_arm_m3_TaskSupport_glue)
                  00004fb0    00000010                   : BIOS.obj (.text:ti_sysbios_family_arm_msp432_init_Boot_disableWatchdog)
                  00004fc0    00000010                   : BIOS.obj (.text:ti_sysbios_gates_GateMutex_Instance_finalize__E)
                  00004fd0    00000010     hello_pem4f.oem4f (.text:ti_sysbios_knl_Mailbox_Object__get__S)
                  00004fe0    00000010     sysbios.aem4f : BIOS.obj (.text:ti_sysbios_knl_Semaphore_Instance_finalize__E)
                  00004ff0    00000010                   : BIOS.obj (.text:ti_sysbios_knl_Swi_disable__E)
                  00005000    00000010     hello_pem4f.oem4f (.text:ti_sysbios_knl_Task_Object__get__S)
                  00005010    00000010     sysbios.aem4f : BIOS.obj (.text:ti_sysbios_knl_Task_disable__E)
                  00005020    00000010     ti.targets.arm.rtsarm.aem4f : Gate.oem4f (.text:xdc_runtime_Gate_leaveSystem__E)
                  00005030    00000010                                 : Memory.oem4f (.text:xdc_runtime_Memory_free__E)
                  00005040    00000010                                 : SysMin.oem4f (.text:xdc_runtime_SysMin_ready__E)
                  00005050    00000010                                 : System.oem4f (.text:xdc_runtime_System_vsnprintf__E)
                  00005060    00000010     hello_pem4f.oem4f (.text:xdc_runtime_Text_visitRope__I)
                  00005070    0000000e     rtsv7M4_T_le_v4SPD16_eabi.lib : copy_decompress_none.obj (.text:decompress:none)
                  0000507e    00000002     --HOLE-- [fill = 0]
                  00005080    0000000e     sysbios.aem4f : BIOS.obj (.text:ti_sysbios_knl_Idle_loop__E)
                  0000508e    00000002     --HOLE-- [fill = 0]
                  00005090    0000000e                   : BIOS.obj (.text:ti_sysbios_knl_Queue_empty__E)
                  0000509e    0000000c     hello_pem4f.oem4f (.text:.bootCodeSection:ti_sysbios_family_arm_msp432_init_Boot_init__I)
                  000050aa    0000000c     msp432p4xx_driverlib.lib : cpu.o (.text:CPU_cpsid)
                  000050b6    0000000c                              : cpu.o (.text:CPU_cpsie)
                  000050c2    00000002     --HOLE-- [fill = 0]
                  000050c4    0000000c                              : pcm.o (.text:PCM_getPowerState)
                  000050d0    0000000c     drivers_MSP432P401R.aem4f : PowerMSP432.oem4f (.text:Power_getConstraintMask)
                  000050dc    00000004     --HOLE-- [fill = 0]
                  000050e0    0000000c     sysbios.aem4f : BIOS.obj (.text:pthread_self)
                  000050ec    00000004     --HOLE-- [fill = 0]
                  000050f0    0000000c                   : BIOS.obj (.text:ti_sysbios_family_arm_m3_TaskSupport_checkStack__E)
                  000050fc    00000004     --HOLE-- [fill = 0]
                  00005100    0000000c                   : BIOS.obj (.text:ti_sysbios_family_arm_m3_TaskSupport_getStackAlignment__E)
                  0000510c    00000004     --HOLE-- [fill = 0]
                  00005110    0000000c                   : BIOS.obj (.text:ti_sysbios_family_arm_msp432_Timer_getMaxTicks__E)
                  0000511c    00000004     --HOLE-- [fill = 0]
                  00005120    0000000c                   : BIOS.obj (.text:ti_sysbios_gates_GateHwi_enter__E)
                  0000512c    0000000c     hello_pem4f.oem4f (.text:ti_sysbios_knl_Queue_Object__get__S)
                  00005138    0000000c     hello_pem4f.oem4f (.text:ti_sysbios_knl_Semaphore_Params__init__S)
                  00005144    0000000c     hello_pem4f.oem4f (.text:ti_sysbios_knl_Task_Params__init__S)
                  00005150    0000000c     ti.targets.arm.rtsarm.aem4f : Error.oem4f (.text:xdc_runtime_Error_init__E)
                  0000515c    0000000c                                 : Gate.oem4f (.text:xdc_runtime_Gate_enterSystem__E)
                  00005168    0000000c                                 : Memory.oem4f (.text:xdc_runtime_Memory_calloc__E)
                  00005174    0000000c                                 : Memory.oem4f (.text:xdc_runtime_Memory_getMaxDefaultTypeAlign__E)
                  00005180    0000000c                                 : Startup.oem4f (.text:xdc_runtime_Startup_rtsDone__E)
                  0000518c    0000000a     hello_pem4f.oem4f (.text:xdc_runtime_IHeap_alloc)
                  00005196    0000000a     hello_pem4f.oem4f (.text:xdc_runtime_IHeap_free)
                  000051a0    00000008     MSP_EXP432P401R.obj (.text:MSP_EXP432P401R_initGeneral)
                  000051a8    00000008     msp432p4xx_driverlib.lib : pcm.o (.text:PCM_setPowerMode)
                  000051b0    00000008                              : pcm.o (.text:PCM_setPowerState)
                  000051b8    00000008     sysbios.aem4f : BIOS.obj (.text:ti_sysbios_family_arm_m3_Hwi_doSwiRestore__I)
                  000051c0    00000008                   : BIOS.obj (.text:ti_sysbios_family_arm_m3_Hwi_startup__E)
                  000051c8    00000006                   : BIOS.obj (.text:ti_sysbios_family_arm_m3_Hwi_doTaskRestore__I)
                  000051ce    00000002     --HOLE-- [fill = 0]
                  000051d0    00000006                   : BIOS.obj (.text:ti_sysbios_gates_GateHwi_leave__E)
                  000051d6    00000002     --HOLE-- [fill = 0]
                  000051d8    00000006                   : BIOS.obj (.text:ti_sysbios_heaps_HeapMem_isBlocking__E)
                  000051de    00000002     --HOLE-- [fill = 0]
                  000051e0    00000006                   : BIOS.obj (.text:ti_sysbios_knl_Queue_Instance_init__E)
                  000051e6    00000002     --HOLE-- [fill = 0]
                  000051e8    00000006                   : BIOS.obj (.text:ti_sysbios_knl_Swi_startup__E)
                  000051ee    00000006     ti.targets.arm.rtsarm.aem4f : System.oem4f (.text:xdc_runtime_System_Module_startup__E)
                  000051f4    00000004     --HOLE-- [fill = 0]
                  000051f8    00000004     sysbios.aem4f : BIOS.obj (.text:ti_sysbios_gates_GateHwi_query__E)
                  000051fc    00000004     --HOLE-- [fill = 0]
                  00005200    00000004                   : BIOS.obj (.text:ti_sysbios_gates_GateMutex_query__E)
                  00005204    00000004     --HOLE-- [fill = 0]
                  00005208    00000004                   : BIOS.obj (.text:ti_sysbios_knl_Task_startup__E)
                  0000520c    00000004     --HOLE-- [fill = 0]
                  00005210    00000002                   : BIOS.obj (.text:ti_sysbios_BIOS_linkedWithIncorrectBootLibrary__E)
                  00005212    00000006     --HOLE-- [fill = 0]
                  00005218    00000002                   : BIOS.obj (.text:ti_sysbios_gates_GateHwi_Instance_init__E)
                  0000521a    00000006     --HOLE-- [fill = 0]
                  00005220    00000002                   : BIOS.obj (.text:ti_sysbios_knl_Clock_logTick__E)

.const     0    00005224    00001d9f     
                  00005224    000018c8     hello_pem4f.oem4f (.const:xdc_runtime_Text_charTab__A)
                  00006aec    000000c8     hello_pem4f.oem4f (.const:xdc_runtime_Text_nodeTab__A)
                  00006bb4    00000048     hello_pem4f.oem4f (.const:.string)
                  00006bfc    0000003c     hello_pem4f.oem4f (.const:ti_sysbios_knl_Task_Object__PARAMS__C)
                  00006c38    00000028     hello_pem4f.oem4f (.const:ti_sysbios_heaps_HeapMem_Module__FXNS__C)
                  00006c60    00000028     hello_pem4f.oem4f (.const:xdc_runtime_Startup_sfxnTab__A)
                  00006c88    00000024     hello_pem4f.oem4f (.const:ti_sysbios_gates_GateHwi_Module__FXNS__C)
                  00006cac    00000024     hello_pem4f.oem4f (.const:ti_sysbios_gates_GateMutex_Module__FXNS__C)
                  00006cd0    00000024     hello_pem4f.oem4f (.const:ti_sysbios_heaps_HeapMem_Object__PARAMS__C)
                  00006cf4    00000024     hello_pem4f.oem4f (.const:ti_sysbios_knl_Semaphore_Object__PARAMS__C)
                  00006d18    00000020     hello_pem4f.oem4f (.const:ti_sysbios_gates_GateHwi_Object__DESC__C)
                  00006d38    00000020     hello_pem4f.oem4f (.const:ti_sysbios_gates_GateMutex_Object__DESC__C)
                  00006d58    00000020     hello_pem4f.oem4f (.const:ti_sysbios_heaps_HeapMem_Object__DESC__C)
                  00006d78    00000020     hello_pem4f.oem4f (.const:ti_sysbios_knl_Queue_Object__DESC__C)
                  00006d98    00000020     hello_pem4f.oem4f (.const:ti_sysbios_knl_Semaphore_Object__DESC__C)
                  00006db8    00000020     hello_pem4f.oem4f (.const:ti_sysbios_knl_Task_Object__DESC__C)
                  00006dd8    00000018     hello_pem4f.oem4f (.const:ti_sysbios_gates_GateHwi_Object__PARAMS__C)
                  00006df0    00000018     hello_pem4f.oem4f (.const:ti_sysbios_gates_GateMutex_Object__PARAMS__C)
                  00006e08    00000018     hello_pem4f.oem4f (.const:ti_sysbios_knl_Queue_Object__PARAMS__C)
                  00006e20    00000014     hello_pem4f.oem4f (.const:xdc_runtime_Startup_sfxnRts__A)
                  00006e34    00000010     MSP_EXP432P401R.obj (.const:PowerMSP432_config)
                  00006e44    0000000c     hello_pem4f.oem4f (.const:xdc_runtime_Startup_firstFxns__A)
                  00006e50    00000008     hello_pem4f.oem4f (.const:ti_sysbios_family_arm_m3_Hwi_excHookFuncs__A)
                  00006e58    00000008     hello_pem4f.oem4f (.const:ti_sysbios_knl_Idle_funcList__A)
                  00006e60    00000008     hello_pem4f.oem4f (.const:ti_sysbios_knl_Idle_funcList__C)
                  00006e68    00000008     hello_pem4f.oem4f (.const:xdc_runtime_Startup_firstFxns__C)
                  00006e70    00000008     hello_pem4f.oem4f (.const:xdc_runtime_Startup_lastFxns__C)
                  00006e78    00000004     hello_pem4f.oem4f (.const:ti_sysbios_family_arm_m3_Hwi_E_NMI__C)
                  00006e7c    00000004     hello_pem4f.oem4f (.const:ti_sysbios_family_arm_m3_Hwi_E_busFault__C)
                  00006e80    00000004     hello_pem4f.oem4f (.const:ti_sysbios_family_arm_m3_Hwi_E_debugMon__C)
                  00006e84    00000004     hello_pem4f.oem4f (.const:ti_sysbios_family_arm_m3_Hwi_E_hardFault__C)
                  00006e88    00000004     hello_pem4f.oem4f (.const:ti_sysbios_family_arm_m3_Hwi_E_memFault__C)
                  00006e8c    00000004     hello_pem4f.oem4f (.const:ti_sysbios_family_arm_m3_Hwi_E_noIsr__C)
                  00006e90    00000004     hello_pem4f.oem4f (.const:ti_sysbios_family_arm_m3_Hwi_E_reserved__C)
                  00006e94    00000004     hello_pem4f.oem4f (.const:ti_sysbios_family_arm_m3_Hwi_E_svCall__C)
                  00006e98    00000004     hello_pem4f.oem4f (.const:ti_sysbios_family_arm_m3_Hwi_E_usageFault__C)
                  00006e9c    00000004     hello_pem4f.oem4f (.const:ti_sysbios_family_arm_m3_Hwi_NUM_INTERRUPTS__C)
                  00006ea0    00000004     hello_pem4f.oem4f (.const:ti_sysbios_family_arm_m3_Hwi_Object__count__C)
                  00006ea4    00000004     hello_pem4f.oem4f (.const:ti_sysbios_family_arm_m3_Hwi_ccr__C)
                  00006ea8    00000004     hello_pem4f.oem4f (.const:ti_sysbios_family_arm_m3_Hwi_excHandlerFunc__C)
                  00006eac    00000004     hello_pem4f.oem4f (.const:ti_sysbios_family_arm_m3_Hwi_excHookFuncs__C)
                  00006eb0    00000004     hello_pem4f.oem4f (.const:ti_sysbios_family_arm_m3_Hwi_nullIsrFunc__C)
                  00006eb4    00000004     hello_pem4f.oem4f (.const:ti_sysbios_family_arm_m3_Hwi_priGroup__C)
                  00006eb8    00000004     hello_pem4f.oem4f (.const:ti_sysbios_family_arm_m3_TaskSupport_stackAlignment__C)
                  00006ebc    00000004     hello_pem4f.oem4f (.const:ti_sysbios_family_arm_msp432_Timer_numTimerDevices__C)
                  00006ec0    00000004     hello_pem4f.oem4f (.const:ti_sysbios_family_arm_msp432_Timer_startupNeeded__C)
                  00006ec4    00000004     hello_pem4f.oem4f (.const:ti_sysbios_gates_GateMutex_Instance_State_sem__O)
                  00006ec8    00000004     hello_pem4f.oem4f (.const:ti_sysbios_hal_Hwi_E_stackOverflow__C)
                  00006ecc    00000004     hello_pem4f.oem4f (.const:ti_sysbios_heaps_HeapMem_E_memory__C)
                  00006ed0    00000004     hello_pem4f.oem4f (.const:ti_sysbios_heaps_HeapMem_Module__gateObj__C)
                  00006ed4    00000004     hello_pem4f.oem4f (.const:ti_sysbios_heaps_HeapMem_Object__count__C)
                  00006ed8    00000004     hello_pem4f.oem4f (.const:ti_sysbios_heaps_HeapMem_reqAlign__C)
                  00006edc    00000004     hello_pem4f.oem4f (.const:ti_sysbios_knl_Clock_Module_State_clockQ__O)
                  00006ee0    00000004     hello_pem4f.oem4f (.const:ti_sysbios_knl_Clock_tickPeriod__C)
                  00006ee4    00000004     hello_pem4f.oem4f (.const:ti_sysbios_knl_Mailbox_Instance_State_freeQue__O)
                  00006ee8    00000004     hello_pem4f.oem4f (.const:ti_sysbios_knl_Mailbox_Object__count__C)
                  00006eec    00000004     hello_pem4f.oem4f (.const:ti_sysbios_knl_Mailbox_maxTypeAlign__C)
                  00006ef0    00000004     hello_pem4f.oem4f (.const:ti_sysbios_knl_Semaphore_Instance_State_pendQ__O)
                  00006ef4    00000004     hello_pem4f.oem4f (.const:ti_sysbios_knl_Swi_Object__count__C)
                  00006ef8    00000004     hello_pem4f.oem4f (.const:ti_sysbios_knl_Task_E_spOutOfBounds__C)
                  00006efc    00000004     hello_pem4f.oem4f (.const:ti_sysbios_knl_Task_E_stackOverflow__C)
                  00006f00    00000004     hello_pem4f.oem4f (.const:ti_sysbios_knl_Task_Module_State_inactiveQ__O)
                  00006f04    00000004     hello_pem4f.oem4f (.const:ti_sysbios_knl_Task_Object__count__C)
                  00006f08    00000004     hello_pem4f.oem4f (.const:ti_sysbios_knl_Task_Object__heap__C)
                  00006f0c    00000004     hello_pem4f.oem4f (.const:ti_sysbios_knl_Task_allBlockedFunc__C)
                  00006f10    00000004     hello_pem4f.oem4f (.const:ti_sysbios_knl_Task_defaultStackHeap__C)
                  00006f14    00000004     hello_pem4f.oem4f (.const:ti_sysbios_knl_Task_defaultStackSize__C)
                  00006f18    00000004     hello_pem4f.oem4f (.const:ti_sysbios_knl_Task_numConstructedTasks__C)
                  00006f1c    00000004     hello_pem4f.oem4f (.const:xdc_runtime_Assert_E_assertFailed__C)
                  00006f20    00000004     hello_pem4f.oem4f (.const:xdc_runtime_Core_A_initializedParams__C)
                  00006f24    00000004     hello_pem4f.oem4f (.const:xdc_runtime_Core_Module__diagsEnabled__C)
                  00006f28    00000004     hello_pem4f.oem4f (.const:xdc_runtime_Core_Module__diagsIncluded__C)
                  00006f2c    00000004     hello_pem4f.oem4f (.const:xdc_runtime_Core_Module__diagsMask__C)
                  00006f30    00000004     hello_pem4f.oem4f (.const:xdc_runtime_Error_E_memory__C)
                  00006f34    00000004     hello_pem4f.oem4f (.const:xdc_runtime_Error_Module__diagsEnabled__C)
                  00006f38    00000004     hello_pem4f.oem4f (.const:xdc_runtime_Error_Module__diagsIncluded__C)
                  00006f3c    00000004     hello_pem4f.oem4f (.const:xdc_runtime_Error_Module__diagsMask__C)
                  00006f40    00000004     hello_pem4f.oem4f (.const:xdc_runtime_Error_Module__loggerFxn8__C)
                  00006f44    00000004     hello_pem4f.oem4f (.const:xdc_runtime_Error_Module__loggerObj__C)
                  00006f48    00000004     hello_pem4f.oem4f (.const:xdc_runtime_Error_policyFxn__C)
                  00006f4c    00000004     hello_pem4f.oem4f (.const:xdc_runtime_Error_raiseHook__C)
                  00006f50    00000004     hello_pem4f.oem4f (.const:xdc_runtime_IGateProvider_Interface__BASE__C)
                  00006f54    00000004     hello_pem4f.oem4f (.const:xdc_runtime_IHeap_Interface__BASE__C)
                  00006f58    00000004     hello_pem4f.oem4f (.const:xdc_runtime_IModule_Interface__BASE__C)
                  00006f5c    00000004     hello_pem4f.oem4f (.const:xdc_runtime_Log_L_error__C)
                  00006f60    00000004     hello_pem4f.oem4f (.const:xdc_runtime_Memory_defaultHeapInstance__C)
                  00006f64    00000004     hello_pem4f.oem4f (.const:xdc_runtime_Startup_execImpl__C)
                  00006f68    00000004     hello_pem4f.oem4f (.const:xdc_runtime_Startup_maxPasses__C)
                  00006f6c    00000004     hello_pem4f.oem4f (.const:xdc_runtime_Startup_sfxnRts__C)
                  00006f70    00000004     hello_pem4f.oem4f (.const:xdc_runtime_Startup_sfxnTab__C)
                  00006f74    00000004     hello_pem4f.oem4f (.const:xdc_runtime_SysMin_bufSize__C)
                  00006f78    00000004     hello_pem4f.oem4f (.const:xdc_runtime_SysMin_outputFunc__C)
                  00006f7c    00000004     hello_pem4f.oem4f (.const:xdc_runtime_System_Module__gateObj__C)
                  00006f80    00000004     hello_pem4f.oem4f (.const:xdc_runtime_System_abortFxn__C)
                  00006f84    00000004     hello_pem4f.oem4f (.const:xdc_runtime_System_exitFxn__C)
                  00006f88    00000004     hello_pem4f.oem4f (.const:xdc_runtime_System_extendFxn__C)
                  00006f8c    00000004     hello_pem4f.oem4f (.const:xdc_runtime_System_maxAtexitHandlers__C)
                  00006f90    00000004     hello_pem4f.oem4f (.const:xdc_runtime_Text_charTab__C)
                  00006f94    00000004     hello_pem4f.oem4f (.const:xdc_runtime_Text_nameEmpty__C)
                  00006f98    00000004     hello_pem4f.oem4f (.const:xdc_runtime_Text_nameStatic__C)
                  00006f9c    00000004     hello_pem4f.oem4f (.const:xdc_runtime_Text_nameUnknown__C)
                  00006fa0    00000004     hello_pem4f.oem4f (.const:xdc_runtime_Text_nodeTab__C)
                  00006fa4    00000004     hello_pem4f.oem4f (.const:xdc_runtime_Text_visitRopeFxn__C)
                  00006fa8    00000002     hello_pem4f.oem4f (.const:ti_sysbios_family_arm_m3_Hwi_Module__id__C)
                  00006faa    00000002     hello_pem4f.oem4f (.const:ti_sysbios_hal_Hwi_Module__id__C)
                  00006fac    00000002     hello_pem4f.oem4f (.const:ti_sysbios_heaps_HeapMem_Module__id__C)
                  00006fae    00000002     hello_pem4f.oem4f (.const:ti_sysbios_knl_Task_Module__id__C)
                  00006fb0    00000002     hello_pem4f.oem4f (.const:xdc_runtime_Core_Module__id__C)
                  00006fb2    00000002     hello_pem4f.oem4f (.const:xdc_runtime_Error_Module__loggerDefined__C)
                  00006fb4    00000002     hello_pem4f.oem4f (.const:xdc_runtime_Error_maxDepth__C)
                  00006fb6    00000002     hello_pem4f.oem4f (.const:xdc_runtime_Memory_Module__id__C)
                  00006fb8    00000002     hello_pem4f.oem4f (.const:xdc_runtime_SysMin_flushAtExit__C)
                  00006fba    00000002     hello_pem4f.oem4f (.const:xdc_runtime_Text_charCnt__C)
                  00006fbc    00000002     hello_pem4f.oem4f (.const:xdc_runtime_Text_isLoaded__C)
                  00006fbe    00000002     hello_pem4f.oem4f (.const:xdc_runtime_Text_registryModsLastId__C)
                  00006fc0    00000002     hello_pem4f.oem4f (.const:xdc_runtime_Text_unnamedModsLastId__C)
                  00006fc2    00000001     hello_pem4f.oem4f (.const:xdc_runtime_Error_policy__C)

.cinit     0    00006fc8    0000039c     
                  00006fc8    00000359     (.cinit..data.load) [load image, compression = rle]
                  00007321    00000007     --HOLE-- [fill = 0]
                  00007328    0000000b     (.cinit..bss.load) [load image, compression = rle]
                  00007333    00000005     --HOLE-- [fill = 0]
                  00007338    0000000b     (.cinit..vecs.load) [load image, compression = rle]
                  00007343    00000001     --HOLE-- [fill = 0]
                  00007344    00000008     (__TI_handler_table)
                  0000734c    00000018     (__TI_cinit_table)

.resetVecs 
*          0    00000000    0000003c     
                  00000000    0000003c     hello_pem4f.oem4f (.resetVecs)

.vecs      0    20000000    00000140     UNINITIALIZED
                  20000000    00000140     hello_pem4f.oem4f (.vecs)

.bss       0    20000140    00000aa8     UNINITIALIZED
                  20000140    00000400     (.common:ti_sysbios_heaps_HeapMem_Instance_State_0_buf__A)
                  20000540    00000200     hello_pem4f.oem4f (.bss:taskStackSection)
                  20000740    00000200     (.common:xdc_runtime_SysMin_Module_State_0_outbuf__A)
                  20000940    00000140     (.common:ti_sysbios_family_arm_m3_Hwi_dispatchTable)
                  20000a80    00000120     rtsv7M4_T_le_v4SPD16_eabi.lib : trgmsg.obj (.bss:_CIOBUF_)
                  20000ba0    00000024     (.common:barrier)
                  20000bc4    0000001c     (.common:waitSemaphore)
                  20000be0    00000008                                   : trgdrv.obj (.bss:parmbuf)

.data      0    20000be8    000004f0     UNINITIALIZED
                  20000be8    0000009c     drivers_MSP432P401R.aem4f : PowerMSP432.oem4f (.data:PowerMSP432_perfLevels)
                  20000c84    00000080     hello_pem4f.oem4f (.data:ti_sysbios_knl_Swi_Module_State_0_readyQ__A)
                  20000d04    00000080     hello_pem4f.oem4f (.data:ti_sysbios_knl_Task_Module_State_0_readyQ__A)
                  20000d84    0000004c     hello_pem4f.oem4f (.data:ti_sysbios_family_arm_msp432_Timer_Object__table__V)
                  20000dd0    0000004c     hello_pem4f.oem4f (.data:ti_sysbios_knl_Task_Object__table__V)
                  20000e1c    00000044     sysbios.aem4f : BIOS.obj (.data:$O1$$)
                  20000e60    00000044     hello_pem4f.oem4f (.data:ti_sysbios_knl_Task_Module__state__V)
                  20000ea4    00000038     hello_pem4f.oem4f (.data:ti_sysbios_gates_GateMutex_Object__table__V)
                  20000edc    00000034     hello_pem4f.oem4f (.data:ti_sysbios_family_arm_m3_Hwi_Module__state__V)
                  20000f10    00000030     hello_pem4f.oem4f (.data:ti_sysbios_knl_Swi_Object__table__V)
                  20000f40    0000002c     hello_pem4f.oem4f (.data:ti_sysbios_knl_Clock_Module__state__V)
                  20000f6c    00000028     drivers_MSP432P401R.aem4f : PowerMSP432.oem4f (.data:PowerMSP432_module)
                  20000f94    00000024     hello_pem4f.oem4f (.data:ti_sysbios_BIOS_Module__state__V)
                  20000fb8    00000020     hello_pem4f.oem4f (.data:ti_sysbios_family_arm_msp432_Timer_Module_State_0_device__A)
                  20000fd8    0000001c     hello_pem4f.oem4f (.data:ti_sysbios_knl_Swi_Module__state__V)
                  20000ff4    00000018     hello_pem4f.oem4f (.data:ti_sysbios_family_arm_m3_Hwi_Object__table__V)
                  2000100c    00000018     hello_pem4f.oem4f (.data:ti_sysbios_heaps_HeapMem_Object__table__V)
                  20001024    00000010     hello_pem4f.oem4f (.data:ti_sysbios_family_arm_msp432_Timer_Module_State_0_handles__A)
                  20001034    0000000c     rtsv7M4_T_le_v4SPD16_eabi.lib : exit.obj (.data:$O1$$)
                  20001040    0000000c     hello_pem4f.oem4f (.data:ti_sysbios_family_arm_msp432_ClockFreqs_Module__state__V)
                  2000104c    0000000c     hello_pem4f.oem4f (.data:ti_sysbios_family_arm_msp432_Timer_Module__state__V)
                  20001058    0000000c     hello_pem4f.oem4f (.data:xdc_runtime_SysMin_Module__state__V)
                  20001064    00000008     rtsv7M4_T_le_v4SPD16_eabi.lib : _lock.obj (.data:$O1$$)
                  2000106c    00000008     hello_pem4f.oem4f (.data:ti_sysbios_gates_GateHwi_Module__root__V)
                  20001074    00000008     hello_pem4f.oem4f (.data:ti_sysbios_gates_GateMutex_Module__root__V)
                  2000107c    00000008     hello_pem4f.oem4f (.data:ti_sysbios_heaps_HeapMem_Module__root__V)
                  20001084    00000008     hello_pem4f.oem4f (.data:ti_sysbios_knl_Queue_Module__root__V)
                  2000108c    00000008     hello_pem4f.oem4f (.data:ti_sysbios_knl_Semaphore_Module__root__V)
                  20001094    00000008     hello_pem4f.oem4f (.data:ti_sysbios_knl_Task_Module__root__V)
                  2000109c    00000008     hello_pem4f.oem4f (.data:xdc_runtime_Registry_Module__state__V)
                  200010a4    00000008     hello_pem4f.oem4f (.data:xdc_runtime_Startup_Module__state__V)
                  200010ac    00000008     hello_pem4f.oem4f (.data:xdc_runtime_System_Module_State_0_atexitHandlers__A)
                  200010b4    00000008     hello_pem4f.oem4f (.data:xdc_runtime_System_Module__state__V)
                  200010bc    00000004     rtsv7M4_T_le_v4SPD16_eabi.lib : stkdepth_vars.obj (.data)
                  200010c0    00000004     hello_pem4f.oem4f (.data:ti_sysbios_family_arm_m3_Hwi_Module_State_0_excContext__A)
                  200010c4    00000004     hello_pem4f.oem4f (.data:ti_sysbios_family_arm_m3_Hwi_Module_State_0_excStack__A)
                  200010c8    00000004     hello_pem4f.oem4f (.data:ti_sysbios_gates_GateHwi_Object__table__V)
                  200010cc    00000004     hello_pem4f.oem4f (.data:ti_sysbios_knl_Task_Module_State_0_idleTask__A)
                  200010d0    00000004     hello_pem4f.oem4f (.data:xdc_runtime_Memory_Module__state__V)
                  200010d4    00000002     hello_pem4f.oem4f (.data:ti_sysbios_family_arm_m3_Hwi_Module_State_0_excActive__A)
                  200010d6    00000002     hello_pem4f.oem4f (.data:xdc_runtime_Error_Module__state__V)

.stack     0    2000fd00    00000300     UNINITIALIZED
                  2000fd00    00000300     --HOLE--

.bootVecs 
*          0    00000000    00000008     DSECT
                  00000000    00000008     boot.aem4f : boot.oem4f (.bootVecs)

xdc.meta   0    00000000    000000db     COPY SECTION
                  00000000    000000db     hello_pem4f.oem4f (xdc.meta)

.binit     0    00000000    00000000     

MODULE SUMMARY

       Module                     code    ro data   rw data
       ------                     ----    -------   -------
    .\
       hello.obj                  168     0         64     
       MSP_EXP432P401R.obj        8       16        0      
    +--+--------------------------+-------+---------+---------+
       Total:                     176     16        64     
                                                           
    F:\CCS_Workspaces\P2\hello_posix\Debug\configPkg\package\cfg\
       hello_pem4f.oem4f          1588    7627      3664   
    +--+--------------------------+-------+---------+---------+
       Total:                     1588    7627      3664   
                                                           
    C:/ti/tirex-content/tirtos_msp43x_2_20_00_06/products/msp432_driverlib_3_21_00_05/driverlib/MSP432P4xx/ccs/msp432p4xx_driverlib.lib
       pcm.o                      1214    0         0      
       cs.o                       260     0         0      
       flash.o                    156     0         0      
       rtc_c.o                    72      0         0      
       wdt_a.o                    44      0         0      
       cpu.o                      28      0         0      
    +--+--------------------------+-------+---------+---------+
       Total:                     1774    0         0      
                                                           
    C:/ti/tirex-content/tirtos_msp43x_2_20_00_06/products/tidrivers_msp43x_2_20_00_08/packages/ti/drivers/lib/drivers_MSP432P401R.aem4f
       PowerMSP432.oem4f          1016    0         196    
       List.oem4f                 8       0         0      
    +--+--------------------------+-------+---------+---------+
       Total:                     1024    0         196    
                                                           
    C:/ti/tirex-content/tirtos_msp43x_2_20_00_06/products/tidrivers_msp43x_2_20_00_08/packages/ti/drivers/lib/power_tirtos_MSP432P401R.aem4f
       PowerMSP432_tirtos.oem4f   106     0         0      
    +--+--------------------------+-------+---------+---------+
       Total:                     106     0         0      
                                                           
    C:\ti\ccsv6\tools\compiler\arm_15.12.3.LTS\lib\rtsv7M4_T_le_v4SPD16_eabi.lib
       trgdrv.obj                 804     0         8      
       trgmsg.obj                 104     0         288    
       memcpy_t2.obj              156     0         0      
       memset_t2.obj              122     0         0      
       copy_decompress_rle.obj    112     0         0      
       exit.obj                   84      0         12     
       cpy_tbl.obj                76      0         0      
       u_divt2.obj                64      0         0      
       _lock.obj                  20      0         8      
       args_main.obj              24      0         0      
       strcpy.obj                 20      0         0      
       strlen.obj                 20      0         0      
       copy_decompress_none.obj   14      0         0      
       stkdepth_vars.obj          0       0         4      
       i_div0.obj                 2       0         0      
    +--+--------------------------+-------+---------+---------+
       Total:                     1622    0         320    
                                                           
    C:\ti\tirex-content\tirtos_msp43x_2_20_00_06\products\bios_6_46_00_23\packages\ti\targets\arm\rtsarm\lib\auto_init.aem4f
       auto_init.oem4f            160     0         0      
    +--+--------------------------+-------+---------+---------+
       Total:                     160     0         0      
                                                           
    C:\ti\tirex-content\tirtos_msp43x_2_20_00_06\products\bios_6_46_00_23\packages\ti\targets\arm\rtsarm\lib\boot.aem4f
       boot.oem4f                 88      0         0      
    +--+--------------------------+-------+---------+---------+
       Total:                     88      0         0      
                                                           
    C:\ti\tirex-content\tirtos_msp43x_2_20_00_06\products\bios_6_46_00_23\packages\ti\targets\arm\rtsarm\lib\ti.targets.arm.rtsarm.aem4f
       System.oem4f               1255    0         0      
       Text.oem4f                 672     0         0      
       Error.oem4f                524     0         0      
       Core-mem.oem4f             358     0         0      
       Startup.oem4f              340     0         0      
       SysMin.oem4f               248     0         0      
       Core-smem.oem4f            204     0         0      
       Memory.oem4f               176     0         0      
       Assert.oem4f               84      0         0      
       Core-params.oem4f          70      0         0      
       Core-label.oem4f           52      0         0      
       Registry.oem4f             32      0         0      
       Gate.oem4f                 28      0         0      
    +--+--------------------------+-------+---------+---------+
       Total:                     4043    0         0      
                                                           
    F:\CCS_Workspaces\P2\hello_posix\src\sysbios\sysbios.aem4f
       BIOS.obj                   9578    0         68     
       m3_Hwi_asm.obj             306     0         0      
       m3_TaskSupport_asm.obj     180     0         0      
       m3_Hwi_asm_switch.obj      118     0         0      
    +--+--------------------------+-------+---------+---------+
       Total:                     10182   0         68     
                                                           
       Stack:                     0       0         768    
       Linker Generated:          0       911       0      
    +--+--------------------------+-------+---------+---------+
       Grand Total:               20763   8554      5080   


LINKER GENERATED COPY TABLES

__TI_cinit_table @ 0000734c records: 3, size/record: 8, table size: 24
	.data: load addr=00006fc8, load size=00000359 bytes, run addr=20000be8, run size=000004f0 bytes, compression=rle
	.bss: load addr=00007328, load size=0000000b bytes, run addr=20000140, run size=00000aa8 bytes, compression=rle
	.vecs: load addr=00007338, load size=0000000b bytes, run addr=20000000, run size=00000140 bytes, compression=rle


LINKER GENERATED HANDLER TABLE

__TI_handler_table @ 00007344 records: 2, size/record: 4, table size: 8
	index: 0, handler: __TI_decompress_rle24
	index: 1, handler: __TI_decompress_none


GLOBAL SYMBOLS: SORTED ALPHABETICALLY BY Name 

address   name                                                        
-------   ----                                                        
000036ad  C$$EXIT                                                     
00003197  C$$IO$$                                                     
000050ab  CPU_cpsid                                                   
000050b7  CPU_cpsie                                                   
00000ee5  CPU_wfi                                                     
00001d11  CS_initClockSignal                                          
000047bd  CS_setDCOCenteredFrequency                                  
00003e29  FlashCtl_disableReadBuffering                               
00004151  FlashCtl_enableReadBuffering                                
000046cd  FlashCtl_setWaitState                                       
00000a93  HOSTclock                                                   
00000a5b  HOSTclose                                                   
00000a1d  HOSTgetenv                                                  
000009c1  HOSTlseek                                                   
0000096f  HOSTopen                                                    
00000923  HOSTread                                                    
000008c5  HOSTrename                                                  
0000088b  HOSTtime                                                    
00000841  HOSTtime64                                                  
00000809  HOSTunlink                                                  
000007bd  HOSTwrite                                                   
0000105d  List_head                                                   
000011b5  List_next                                                   
000051a1  MSP_EXP432P401R_initGeneral                                 
00004b01  PCM_enableRudeMode                                          
00004541  PCM_getCoreVoltageLevel                                     
00004679  PCM_getPowerMode                                            
000050c5  PCM_getPowerState                                           
000046f5  PCM_gotoLPM0                                                
00002c05  PCM_gotoLPM3                                                
00004f4d  PCM_gotoLPM4                                                
000051a9  PCM_setPowerMode                                            
000051b1  PCM_setPowerState                                           
00003801  PCM_shutdownDevice                                          
00006e34  PowerMSP432_config                                          
00002947  PowerMSP432_initPolicy                                      
20000f6c  PowerMSP432_module                                          
20000be8  PowerMSP432_perfLevels                                      
00003fa9  PowerMSP432_sleepPolicy                                     
0000456d  PowerMSP432_updateFreqs                                     
000050d1  Power_getConstraintMask                                     
00004e49  Power_idleFunc                                              
00003c89  Power_init                                                  
00000ae1  Power_sleep                                                 
000047e1  RTC_C_holdClock                                             
00004805  RTC_C_startClock                                            
UNDEFED   SHT$$INIT_ARRAY$$Base                                       
UNDEFED   SHT$$INIT_ARRAY$$Limit                                      
4000480c  WDTCTL_SYM                                                  
00004cf5  WDT_A_holdTimer                                             
00004e5d  WDT_A_startTimer                                            
00000000  __ASM__                                                     
20000a80  __CIOBUF_                                                   
00000057  __ISA__                                                     
0000006a  __PLAT__                                                    
20010000  __STACK_END                                                 
00000300  __STACK_SIZE                                                
0000008d  __TARG__                                                    
0000734c  __TI_CINIT_Base                                             
00007364  __TI_CINIT_Limit                                            
00007344  __TI_Handler_Table_Base                                     
0000734c  __TI_Handler_Table_Limit                                    
00002631  __TI_auto_init                                              
20001034  __TI_cleanup_ptr                                            
00005071  __TI_decompress_none                                        
0000499b  __TI_decompress_rle24                                       
20001038  __TI_dtors_ptr                                              
2000103c  __TI_enable_exit_profile_output                             
ffffffff  __TI_pprof_out_hndl                                         
ffffffff  __TI_prof_data_size                                         
ffffffff  __TI_prof_data_start                                        
0000319b  __TI_readmsg                                                
00006fc8  __TI_static_base__                                          
00003169  __TI_writemsg                                               
000000b3  __TRDR__                                                    
00002df7  __aeabi_idiv0                                               
00002d7d  __aeabi_memclr                                              
00002d7d  __aeabi_memclr4                                             
00002d7d  __aeabi_memclr8                                             
00002811  __aeabi_memcpy                                              
00002811  __aeabi_memcpy4                                             
00002811  __aeabi_memcpy8                                             
00002d7f  __aeabi_memset                                              
00002d7f  __aeabi_memset4                                             
00002d7f  __aeabi_memset8                                             
00003ea9  __aeabi_uidiv                                               
00003ea9  __aeabi_uidivmod                                            
ffffffff  __binit__                                                   
ffffffff  __c_args__                                                  
2000fd00  __stack                                                     
00004d25  _args_main                                                  
000035a5  _c_int00                                                    
20001064  _lock                                                       
00004e93  _nop                                                        
00004b21  _pthread_cleanup_pop                                        
00002949  _pthread_removeThreadKeys                                   
00004e8b  _register_lock                                              
00004e85  _register_unlock                                            
20001068  _unlock                                                     
000036b1  abort                                                       
20000ba0  barrier                                                     
ffffffff  binit                                                       
00003941  copy_in                                                     
000036b9  exit                                                        
00003239  main                                                        
200010bc  main_func_sp                                                
00002811  memcpy                                                      
00002d85  memset                                                      
20000e20  mqList                                                      
00005011  osi_TaskDisable                                             
00004f91  osi_start                                                   
00004e71  pthread_barrier_init                                        
00003659  pthread_barrier_wait                                        
00001b39  pthread_create                                              
000050e1  pthread_self                                                
00004ec1  sem_init                                                    
000049a1  sleep                                                       
00004e99  strcpy                                                      
00004ead  strlen                                                      
20000f94  ti_sysbios_BIOS_Module__state__V                            
00004c59  ti_sysbios_BIOS_RtsGateProxy_Handle__label__S               
000048bd  ti_sysbios_BIOS_RtsGateProxy_Object__delete__S              
0000164d  ti_sysbios_BIOS_RtsGateProxy_enter__E                       
000022a5  ti_sysbios_BIOS_RtsGateProxy_leave__E                       
00005201  ti_sysbios_BIOS_RtsGateProxy_query__E                       
000042cd  ti_sysbios_BIOS_atExitFunc__I                               
00004829  ti_sysbios_BIOS_errorRaiseHook__I                           
00004e19  ti_sysbios_BIOS_exitFunc__I                                 
00004f61  ti_sysbios_BIOS_exit__E                                     
00005211  ti_sysbios_BIOS_linkedWithIncorrectBootLibrary__E           
00002fb7  ti_sysbios_BIOS_nullFunc__I                                 
0000484d  ti_sysbios_BIOS_registerRTSLock__I                          
00004871  ti_sysbios_BIOS_removeRTSLock__I                            
000049c1  ti_sysbios_BIOS_rtsLock__I                                  
00004d3d  ti_sysbios_BIOS_rtsUnlock__I                                
00004f71  ti_sysbios_BIOS_setCpuFreq__E                               
00004f81  ti_sysbios_BIOS_setThreadType__E                            
000042fd  ti_sysbios_BIOS_startFunc__I                                
00004f91  ti_sysbios_BIOS_start__E                                    
00006e78  ti_sysbios_family_arm_m3_Hwi_E_NMI__C                       
00006e7c  ti_sysbios_family_arm_m3_Hwi_E_busFault__C                  
00006e80  ti_sysbios_family_arm_m3_Hwi_E_debugMon__C                  
00006e84  ti_sysbios_family_arm_m3_Hwi_E_hardFault__C                 
00006e88  ti_sysbios_family_arm_m3_Hwi_E_memFault__C                  
00006e8c  ti_sysbios_family_arm_m3_Hwi_E_noIsr__C                     
00006e90  ti_sysbios_family_arm_m3_Hwi_E_reserved__C                  
00006e94  ti_sysbios_family_arm_m3_Hwi_E_svCall__C                    
00006e98  ti_sysbios_family_arm_m3_Hwi_E_usageFault__C                
00004c25  ti_sysbios_family_arm_m3_Hwi_Handle__label__S               
200010d4  ti_sysbios_family_arm_m3_Hwi_Module_State_0_excActive__A    
200010c0  ti_sysbios_family_arm_m3_Hwi_Module_State_0_excContext__A   
200010c4  ti_sysbios_family_arm_m3_Hwi_Module_State_0_excStack__A     
00006fa8  ti_sysbios_family_arm_m3_Hwi_Module__id__C                  
00004d55  ti_sysbios_family_arm_m3_Hwi_Module__startupDone__F         
00004d55  ti_sysbios_family_arm_m3_Hwi_Module__startupDone__S         
20000edc  ti_sysbios_family_arm_m3_Hwi_Module__state__V               
00003851  ti_sysbios_family_arm_m3_Hwi_Module_startup__E              
00006e9c  ti_sysbios_family_arm_m3_Hwi_NUM_INTERRUPTS__C              
00006ea0  ti_sysbios_family_arm_m3_Hwi_Object__count__C               
00004ed5  ti_sysbios_family_arm_m3_Hwi_Object__get__S                 
20000ff4  ti_sysbios_family_arm_m3_Hwi_Object__table__V               
00006ea4  ti_sysbios_family_arm_m3_Hwi_ccr__C                         
000032a1  ti_sysbios_family_arm_m3_Hwi_dispatchC__I                   
20000940  ti_sysbios_family_arm_m3_Hwi_dispatchTable                  
00001c25  ti_sysbios_family_arm_m3_Hwi_dispatch__I                    
000051b9  ti_sysbios_family_arm_m3_Hwi_doSwiRestore__I                
000051c9  ti_sysbios_family_arm_m3_Hwi_doTaskRestore__I               
00003b21  ti_sysbios_family_arm_m3_Hwi_enableInterrupt__E             
00000ee9  ti_sysbios_family_arm_m3_Hwi_excBusFault__I                 
000022a9  ti_sysbios_family_arm_m3_Hwi_excDebugMon__I                 
00000041  ti_sysbios_family_arm_m3_Hwi_excDumpRegs__I                 
00001539  ti_sysbios_family_arm_m3_Hwi_excFillContext__I              
000049e1  ti_sysbios_family_arm_m3_Hwi_excHandlerAsm__I               
00006ea8  ti_sysbios_family_arm_m3_Hwi_excHandlerFunc__C              
00001651  ti_sysbios_family_arm_m3_Hwi_excHandlerMax__I               
00004a01  ti_sysbios_family_arm_m3_Hwi_excHandler__I                  
00002361  ti_sysbios_family_arm_m3_Hwi_excHardFault__I                
00006e50  ti_sysbios_family_arm_m3_Hwi_excHookFuncs__A                
00006eac  ti_sysbios_family_arm_m3_Hwi_excHookFuncs__C                
000011b9  ti_sysbios_family_arm_m3_Hwi_excMemFault__I                 
00004189  ti_sysbios_family_arm_m3_Hwi_excNmi__I                      
000040a9  ti_sysbios_family_arm_m3_Hwi_excNoIsr__I                    
00003b69  ti_sysbios_family_arm_m3_Hwi_excReserved__I                 
00003fe9  ti_sysbios_family_arm_m3_Hwi_excSvCall__I                   
00001061  ti_sysbios_family_arm_m3_Hwi_excUsageFault__I               
00003cd1  ti_sysbios_family_arm_m3_Hwi_getStackInfo__E                
00002af9  ti_sysbios_family_arm_m3_Hwi_initNVIC__E                    
000035fd  ti_sysbios_family_arm_m3_Hwi_initStacks__E                  
00006eb0  ti_sysbios_family_arm_m3_Hwi_nullIsrFunc__C                 
e000e000  ti_sysbios_family_arm_m3_Hwi_nvic                           
00004771  ti_sysbios_family_arm_m3_Hwi_pendSV__I                      
00002b81  ti_sysbios_family_arm_m3_Hwi_postInit__I                    
00006eb4  ti_sysbios_family_arm_m3_Hwi_priGroup__C                    
20000000  ti_sysbios_family_arm_m3_Hwi_ramVectors                     
00000000  ti_sysbios_family_arm_m3_Hwi_resetVectors                   
00004795  ti_sysbios_family_arm_m3_Hwi_return                         
000051c1  ti_sysbios_family_arm_m3_Hwi_startup__E                     
00004ee9  ti_sysbios_family_arm_m3_Hwi_switchFromBootStack__E         
0000235d  ti_sysbios_family_arm_m3_TaskSupport_Module__startupDone__S 
000029dd  ti_sysbios_family_arm_m3_TaskSupport_buildTaskStack         
000050f1  ti_sysbios_family_arm_m3_TaskSupport_checkStack__E          
00005101  ti_sysbios_family_arm_m3_TaskSupport_getStackAlignment__E   
00004fa1  ti_sysbios_family_arm_m3_TaskSupport_glue                   
00006eb8  ti_sysbios_family_arm_m3_TaskSupport_stackAlignment__C      
00004331  ti_sysbios_family_arm_m3_TaskSupport_start__E               
00004d6d  ti_sysbios_family_arm_m3_TaskSupport_swap__E                
20001040  ti_sysbios_family_arm_msp432_ClockFreqs_Module__state__V    
00004899  ti_sysbios_family_arm_msp432_ClockFreqs_setFrequency__E     
00003d19  ti_sysbios_family_arm_msp432_Seconds_Module_startup__E      
20000fb8  ti_sysbios_family_arm_msp432_Timer_Module_State_0_device__A 
20001024  ti_sysbios_family_arm_msp432_Timer_Module_State_0_handles__A
00004d85  ti_sysbios_family_arm_msp432_Timer_Module__startupDone__F   
00004d85  ti_sysbios_family_arm_msp432_Timer_Module__startupDone__S   
2000104c  ti_sysbios_family_arm_msp432_Timer_Module__state__V         
00003ee9  ti_sysbios_family_arm_msp432_Timer_Module_startup__E        
20000d84  ti_sysbios_family_arm_msp432_Timer_Object__table__V         
00005111  ti_sysbios_family_arm_msp432_Timer_getMaxTicks__E           
00003701  ti_sysbios_family_arm_msp432_Timer_initDevice__I            
00006ebc  ti_sysbios_family_arm_msp432_Timer_numTimerDevices__C       
00002581  ti_sysbios_family_arm_msp432_Timer_periodicStub__E          
00003991  ti_sysbios_family_arm_msp432_Timer_postInit__I              
000039e1  ti_sysbios_family_arm_msp432_Timer_start__E                 
00006ec0  ti_sysbios_family_arm_msp432_Timer_startupNeeded__C         
00003f29  ti_sysbios_family_arm_msp432_Timer_startup__E               
00003759  ti_sysbios_family_arm_msp432_init_Boot_configureClocksHigh  
00004fb1  ti_sysbios_family_arm_msp432_init_Boot_disableWatchdog      
0000509f  ti_sysbios_family_arm_msp432_init_Boot_init__I              
00004ae1  ti_sysbios_family_xxx_Hwi_switchAndRunFunc                  
00004c3f  ti_sysbios_gates_GateHwi_Handle__label__S                   
00005219  ti_sysbios_gates_GateHwi_Instance_init__E                   
[...]
00004d79  ti_sysbios_knl_Task_swapReturn                              
00004d85  ti_sysbios_family_arm_msp432_Timer_Module__startupDone__F   
00004d85  ti_sysbios_family_arm_msp432_Timer_Module__startupDone__S   
00004d85  ti_sysbios_knl_Clock_TimerProxy_Module__startupDone__S      
00004da1  ti_sysbios_gates_GateMutex_leave__E                         
00004db9  ti_sysbios_knl_Task_sleepTimeout__I                         
00004dd1  xdc_runtime_Error_check__E                                  
00004de9  xdc_runtime_System_exit__E                                  
00004e01  xdc_runtime_Text_ropeText__E                                
00004e19  ti_sysbios_BIOS_exitFunc__I                                 
00004e31  ti_sysbios_knl_Task_unblock__E                              
00004e49  Power_idleFunc                                              
00004e5d  WDT_A_startTimer                                            
00004e71  pthread_barrier_init                                        
00004e85  _register_unlock                                            
00004e8b  _register_lock                                              
00004e93  _nop                                                        
00004e99  strcpy                                                      
00004ead  strlen                                                      
00004ec1  sem_init                                                    
00004ed5  ti_sysbios_family_arm_m3_Hwi_Object__get__S                 
00004ee9  ti_sysbios_family_arm_m3_Hwi_switchFromBootStack__E         
00004ee9  ti_sysbios_hal_Hwi_HwiProxy_switchFromBootStack__E          
00004efd  ti_sysbios_heaps_HeapMem_Object__get__S                     
00004f11  ti_sysbios_knl_Swi_Object__get__S                           
00004f29  ti_sysbios_hal_Hwi_Module_startup__E                        
00004f3b  xdc_runtime_Startup_exec__I                                 
00004f4d  PCM_gotoLPM4                                                
00004f61  ti_sysbios_BIOS_exit__E                                     
00004f71  ti_sysbios_BIOS_setCpuFreq__E                               
00004f81  ti_sysbios_BIOS_setThreadType__E                            
00004f91  osi_start                                                   
00004f91  ti_sysbios_BIOS_start__E                                    
00004fa1  ti_sysbios_family_arm_m3_TaskSupport_glue                   
00004fb1  ti_sysbios_family_arm_msp432_init_Boot_disableWatchdog      
00004fc1  ti_sysbios_gates_GateMutex_Instance_finalize__E             
00004fd1  ti_sysbios_knl_Mailbox_Object__get__S                       
00004fe1  ti_sysbios_knl_Semaphore_Instance_finalize__E               
00004ff1  ti_sysbios_knl_Swi_disable__E                               
00005001  ti_sysbios_knl_Task_Object__get__S                          
00005011  osi_TaskDisable                                             
00005011  ti_sysbios_knl_Task_disable__E                              
00005021  xdc_runtime_Gate_leaveSystem__E                             
00005031  xdc_runtime_Memory_free__E                                  
00005041  xdc_runtime_SysMin_ready__E                                 
00005041  xdc_runtime_System_SupportProxy_ready__E                    
00005051  xdc_runtime_System_vsnprintf__E                             
00005061  xdc_runtime_Text_visitRope__I                               
00005071  __TI_decompress_none                                        
00005081  ti_sysbios_knl_Idle_loop__E                                 
00005091  ti_sysbios_knl_Queue_empty__E                               
0000509f  ti_sysbios_family_arm_msp432_init_Boot_init__I              
0000509f  xdc_runtime_Startup_reset__I                                
000050ab  CPU_cpsid                                                   
000050b7  CPU_cpsie                                                   
000050c5  PCM_getPowerState                                           
000050d1  Power_getConstraintMask                                     
000050e1  pthread_self                                                
000050f1  ti_sysbios_family_arm_m3_TaskSupport_checkStack__E          
000050f1  ti_sysbios_knl_Task_SupportProxy_checkStack__E              
00005101  ti_sysbios_family_arm_m3_TaskSupport_getStackAlignment__E   
00005101  ti_sysbios_knl_Task_SupportProxy_getStackAlignment__E       
00005111  ti_sysbios_family_arm_msp432_Timer_getMaxTicks__E           
00005121  ti_sysbios_gates_GateHwi_enter__E                           
0000512d  ti_sysbios_knl_Queue_Object__get__S                         
00005139  ti_sysbios_knl_Semaphore_Params__init__S                    
00005145  ti_sysbios_knl_Task_Params__init__S                         
00005151  xdc_runtime_Error_init__E                                   
0000515d  xdc_runtime_Gate_enterSystem__E                             
00005169  xdc_runtime_Memory_calloc__E                                
00005175  xdc_runtime_Memory_getMaxDefaultTypeAlign__E                
00005181  xdc_runtime_Startup_rtsDone__E                              
0000518d  xdc_runtime_Memory_HeapProxy_alloc__E                       
00005197  xdc_runtime_Memory_HeapProxy_free__E                        
000051a1  MSP_EXP432P401R_initGeneral                                 
000051a9  PCM_setPowerMode                                            
000051b1  PCM_setPowerState                                           
000051b9  ti_sysbios_family_arm_m3_Hwi_doSwiRestore__I                
000051c1  ti_sysbios_family_arm_m3_Hwi_startup__E                     
000051c1  ti_sysbios_hal_Hwi_HwiProxy_startup__E                      
000051c9  ti_sysbios_family_arm_m3_Hwi_doTaskRestore__I               
000051d1  ti_sysbios_gates_GateHwi_leave__E                           
000051d9  ti_sysbios_heaps_HeapMem_isBlocking__E                      
000051e1  ti_sysbios_knl_Queue_Instance_init__E                       
000051e9  ti_sysbios_knl_Swi_startup__E                               
000051ef  xdc_runtime_System_Module_startup__E                        
000051f9  ti_sysbios_gates_GateHwi_query__E                           
000051f9  xdc_runtime_Main_Module_GateProxy_query__E                  
000051f9  xdc_runtime_System_Module_GateProxy_query__E                
00005201  ti_sysbios_BIOS_RtsGateProxy_query__E                       
00005201  ti_sysbios_gates_GateMutex_query__E                         
00005201  ti_sysbios_heaps_HeapMem_Module_GateProxy_query__E          
00005209  ti_sysbios_knl_Task_startup__E                              
00005211  ti_sysbios_BIOS_linkedWithIncorrectBootLibrary__E           
00005219  ti_sysbios_gates_GateHwi_Instance_init__E                   
00005221  ti_sysbios_knl_Clock_logTick__E                             
00005224  xdc_runtime_Text_charTab__A                                 
00006aec  xdc_runtime_Text_nodeTab__A                                 
00006bfc  ti_sysbios_knl_Task_Object__PARAMS__C                       
00006c38  ti_sysbios_heaps_HeapMem_Module__FXNS__C                    
00006c60  xdc_runtime_Startup_sfxnTab__A                              
00006c88  ti_sysbios_gates_GateHwi_Module__FXNS__C                    
00006cac  ti_sysbios_gates_GateMutex_Module__FXNS__C                  
00006cd0  ti_sysbios_heaps_HeapMem_Object__PARAMS__C                  
00006cf4  ti_sysbios_knl_Semaphore_Object__PARAMS__C                  
00006d18  ti_sysbios_gates_GateHwi_Object__DESC__C                    
00006d38  ti_sysbios_gates_GateMutex_Object__DESC__C                  
00006d58  ti_sysbios_heaps_HeapMem_Object__DESC__C                    
00006d78  ti_sysbios_knl_Queue_Object__DESC__C                        
00006d98  ti_sysbios_knl_Semaphore_Object__DESC__C                    
00006db8  ti_sysbios_knl_Task_Object__DESC__C                         
00006dd8  ti_sysbios_gates_GateHwi_Object__PARAMS__C                  
00006df0  ti_sysbios_gates_GateMutex_Object__PARAMS__C                
00006e08  ti_sysbios_knl_Queue_Object__PARAMS__C                      
00006e20  xdc_runtime_Startup_sfxnRts__A                              
00006e34  PowerMSP432_config                                          
00006e44  xdc_runtime_Startup_firstFxns__A                            
00006e50  ti_sysbios_family_arm_m3_Hwi_excHookFuncs__A                
00006e58  ti_sysbios_knl_Idle_funcList__A                             
00006e60  ti_sysbios_knl_Idle_funcList__C                             
00006e68  xdc_runtime_Startup_firstFxns__C                            
00006e70  xdc_runtime_Startup_lastFxns__C                             
00006e78  ti_sysbios_family_arm_m3_Hwi_E_NMI__C                       
00006e7c  ti_sysbios_family_arm_m3_Hwi_E_busFault__C                  
00006e80  ti_sysbios_family_arm_m3_Hwi_E_debugMon__C                  
00006e84  ti_sysbios_family_arm_m3_Hwi_E_hardFault__C                 
00006e88  ti_sysbios_family_arm_m3_Hwi_E_memFault__C                  
00006e8c  ti_sysbios_family_arm_m3_Hwi_E_noIsr__C                     
00006e90  ti_sysbios_family_arm_m3_Hwi_E_reserved__C                  
00006e94  ti_sysbios_family_arm_m3_Hwi_E_svCall__C                    
00006e98  ti_sysbios_family_arm_m3_Hwi_E_usageFault__C                
00006e9c  ti_sysbios_family_arm_m3_Hwi_NUM_INTERRUPTS__C              
00006ea0  ti_sysbios_family_arm_m3_Hwi_Object__count__C               
00006ea4  ti_sysbios_family_arm_m3_Hwi_ccr__C                         
00006ea8  ti_sysbios_family_arm_m3_Hwi_excHandlerFunc__C              
00006eac  ti_sysbios_family_arm_m3_Hwi_excHookFuncs__C                
00006eb0  ti_sysbios_family_arm_m3_Hwi_nullIsrFunc__C                 
00006eb4  ti_sysbios_family_arm_m3_Hwi_priGroup__C                    
00006eb8  ti_sysbios_family_arm_m3_TaskSupport_stackAlignment__C      
00006ebc  ti_sysbios_family_arm_msp432_Timer_numTimerDevices__C       
00006ec0  ti_sysbios_family_arm_msp432_Timer_startupNeeded__C         
00006ec4  ti_sysbios_gates_GateMutex_Instance_State_sem__O            
00006ec8  ti_sysbios_hal_Hwi_E_stackOverflow__C                       
00006ecc  ti_sysbios_heaps_HeapMem_E_memory__C                        
00006ed0  ti_sysbios_heaps_HeapMem_Module__gateObj__C                 
00006ed4  ti_sysbios_heaps_HeapMem_Object__count__C                   
00006ed8  ti_sysbios_heaps_HeapMem_reqAlign__C                        
00006edc  ti_sysbios_knl_Clock_Module_State_clockQ__O                 
00006ee0  ti_sysbios_knl_Clock_tickPeriod__C                          
00006ee4  ti_sysbios_knl_Mailbox_Instance_State_freeQue__O            
00006ee8  ti_sysbios_knl_Mailbox_Object__count__C                     
00006eec  ti_sysbios_knl_Mailbox_maxTypeAlign__C                      
00006ef0  ti_sysbios_knl_Semaphore_Instance_State_pendQ__O            
00006ef4  ti_sysbios_knl_Swi_Object__count__C                         
00006ef8  ti_sysbios_knl_Task_E_spOutOfBounds__C                      
00006efc  ti_sysbios_knl_Task_E_stackOverflow__C                      
00006f00  ti_sysbios_knl_Task_Module_State_inactiveQ__O               
00006f04  ti_sysbios_knl_Task_Object__count__C                        
00006f08  ti_sysbios_knl_Task_Object__heap__C                         
00006f0c  ti_sysbios_knl_Task_allBlockedFunc__C                       
00006f10  ti_sysbios_knl_Task_defaultStackHeap__C                     
00006f14  ti_sysbios_knl_Task_defaultStackSize__C                     
00006f18  ti_sysbios_knl_Task_numConstructedTasks__C                  
00006f1c  xdc_runtime_Assert_E_assertFailed__C                        
00006f20  xdc_runtime_Core_A_initializedParams__C                     
00006f24  xdc_runtime_Core_Module__diagsEnabled__C                    
00006f28  xdc_runtime_Core_Module__diagsIncluded__C                   
00006f2c  xdc_runtime_Core_Module__diagsMask__C                       
00006f30  xdc_runtime_Error_E_memory__C                               
00006f34  xdc_runtime_Error_Module__diagsEnabled__C                   
00006f38  xdc_runtime_Error_Module__diagsIncluded__C                  
00006f3c  xdc_runtime_Error_Module__diagsMask__C                      
00006f40  xdc_runtime_Error_Module__loggerFxn8__C                     
00006f44  xdc_runtime_Error_Module__loggerObj__C                      
00006f48  xdc_runtime_Error_policyFxn__C                              
00006f4c  xdc_runtime_Error_raiseHook__C                              
00006f50  xdc_runtime_IGateProvider_Interface__BASE__C                
00006f54  xdc_runtime_IHeap_Interface__BASE__C                        
00006f58  xdc_runtime_IModule_Interface__BASE__C                      
00006f5c  xdc_runtime_Log_L_error__C                                  
00006f60  xdc_runtime_Memory_defaultHeapInstance__C                   
00006f64  xdc_runtime_Startup_execImpl__C                             
00006f68  xdc_runtime_Startup_maxPasses__C                            
00006f6c  xdc_runtime_Startup_sfxnRts__C                              
00006f70  xdc_runtime_Startup_sfxnTab__C                              
00006f74  xdc_runtime_SysMin_bufSize__C                               
00006f78  xdc_runtime_SysMin_outputFunc__C                            
00006f7c  xdc_runtime_System_Module__gateObj__C                       
00006f80  xdc_runtime_System_abortFxn__C                              
00006f84  xdc_runtime_System_exitFxn__C                               
00006f88  xdc_runtime_System_extendFxn__C                             
00006f8c  xdc_runtime_System_maxAtexitHandlers__C                     
00006f90  xdc_runtime_Text_charTab__C                                 
00006f94  xdc_runtime_Text_nameEmpty__C                               
00006f98  xdc_runtime_Text_nameStatic__C                              
00006f9c  xdc_runtime_Text_nameUnknown__C                             
00006fa0  xdc_runtime_Text_nodeTab__C                                 
00006fa4  xdc_runtime_Text_visitRopeFxn__C                            
00006fa8  ti_sysbios_family_arm_m3_Hwi_Module__id__C                  
00006faa  ti_sysbios_hal_Hwi_Module__id__C                            
00006fac  ti_sysbios_heaps_HeapMem_Module__id__C                      
00006fae  ti_sysbios_knl_Task_Module__id__C                           
00006fb0  xdc_runtime_Core_Module__id__C                              
00006fb2  xdc_runtime_Error_Module__loggerDefined__C                  
00006fb4  xdc_runtime_Error_maxDepth__C                               
00006fb6  xdc_runtime_Memory_Module__id__C                            
00006fb8  xdc_runtime_SysMin_flushAtExit__C                           
00006fba  xdc_runtime_Text_charCnt__C                                 
00006fbc  xdc_runtime_Text_isLoaded__C                                
00006fbe  xdc_runtime_Text_registryModsLastId__C                      
00006fc0  xdc_runtime_Text_unnamedModsLastId__C                       
00006fc2  xdc_runtime_Error_policy__C                                 
00006fc8  __TI_static_base__                                          
00007344  __TI_Handler_Table_Base                                     
0000734c  __TI_CINIT_Base                                             
0000734c  __TI_Handler_Table_Limit                                    
00007364  __TI_CINIT_Limit                                            
20000000  ti_sysbios_family_arm_m3_Hwi_ramVectors                     
20000140  ti_sysbios_heaps_HeapMem_Instance_State_0_buf__A            
20000540  ti_sysbios_knl_Task_Instance_State_0_stack__A               
20000740  xdc_runtime_SysMin_Module_State_0_outbuf__A                 
20000940  ti_sysbios_family_arm_m3_Hwi_dispatchTable                  
20000a80  __CIOBUF_                                                   
20000ba0  barrier                                                     
20000bc4  waitSemaphore                                               
20000be8  PowerMSP432_perfLevels                                      
20000c84  ti_sysbios_knl_Swi_Module_State_0_readyQ__A                 
20000d04  ti_sysbios_knl_Task_Module_State_0_readyQ__A                
20000d84  ti_sysbios_family_arm_msp432_Timer_Object__table__V         
20000dd0  ti_sysbios_knl_Task_Object__table__V                        
20000e20  mqList                                                      
20000e60  ti_sysbios_knl_Task_Module__state__V                        
20000ea4  ti_sysbios_gates_GateMutex_Object__table__V                 
20000edc  ti_sysbios_family_arm_m3_Hwi_Module__state__V               
20000f10  ti_sysbios_knl_Swi_Object__table__V                         
20000f40  ti_sysbios_knl_Clock_Module__state__V                       
20000f6c  PowerMSP432_module                                          
20000f94  ti_sysbios_BIOS_Module__state__V                            
20000fb8  ti_sysbios_family_arm_msp432_Timer_Module_State_0_device__A 
20000fd8  ti_sysbios_knl_Swi_Module__state__V                         
20000ff4  ti_sysbios_family_arm_m3_Hwi_Object__table__V               
2000100c  ti_sysbios_heaps_HeapMem_Object__table__V                   
20001024  ti_sysbios_family_arm_msp432_Timer_Module_State_0_handles__A
20001034  __TI_cleanup_ptr                                            
20001038  __TI_dtors_ptr                                              
2000103c  __TI_enable_exit_profile_output                             
20001040  ti_sysbios_family_arm_msp432_ClockFreqs_Module__state__V    
2000104c  ti_sysbios_family_arm_msp432_Timer_Module__state__V         
20001058  xdc_runtime_SysMin_Module__state__V                         
20001064  _lock                                                       
20001068  _unlock                                                     
2000106c  ti_sysbios_gates_GateHwi_Module__root__V                    
20001074  ti_sysbios_gates_GateMutex_Module__root__V                  
2000107c  ti_sysbios_heaps_HeapMem_Module__root__V                    
20001084  ti_sysbios_knl_Queue_Module__root__V                        
2000108c  ti_sysbios_knl_Semaphore_Module__root__V                    
20001094  ti_sysbios_knl_Task_Module__root__V                         
2000109c  xdc_runtime_Registry_Module__state__V                       
200010a4  xdc_runtime_Startup_Module__state__V                        
200010ac  xdc_runtime_System_Module_State_0_atexitHandlers__A         
200010b4  xdc_runtime_System_Module__state__V                         
200010bc  main_func_sp                                                
200010c0  ti_sysbios_family_arm_m3_Hwi_Module_State_0_excContext__A   
200010c4  ti_sysbios_family_arm_m3_Hwi_Module_State_0_excStack__A     
200010c8  ti_sysbios_gates_GateHwi_Object__table__V                   
200010cc  ti_sysbios_knl_Task_Module_State_0_idleTask__A              
200010d0  xdc_runtime_Memory_Module__state__V                         
200010d4  ti_sysbios_family_arm_m3_Hwi_Module_State_0_excActive__A    
200010d6  xdc_runtime_Error_Module__state__V                          
2000fd00  __stack                                                     
20010000  __STACK_END                                                 
4000480c  WDTCTL_SYM                                                  
e000e000  ti_sysbios_family_arm_m3_Hwi_nvic                           
ffffffff  __TI_pprof_out_hndl                                         
ffffffff  __TI_prof_data_size                                         
ffffffff  __TI_prof_data_start                                        
ffffffff  __binit__                                                   
ffffffff  __c_args__                                                  
ffffffff  binit                                                       
UNDEFED   SHT$$INIT_ARRAY$$Base                                       
UNDEFED   SHT$$INIT_ARRAY$$Limit                                      

[538 symbols]
